******************************************************************************
            TI ARM Clang Linker Unix v4.0.1                    
******************************************************************************
>> Linked Tue Jul 15 09:58:27 2025

OUTPUT FILE NAME:   <sbl_ospi.debug.out>
ENTRY POINT SYMBOL: "_vectors_sbl"  address: 70000000


MEMORY CONFIGURATION

         name            origin    length      used     unused   attr    fill
----------------------  --------  ---------  --------  --------  ----  --------
  R5F_VECS              00000000   00000040  00000000  00000040  RWIX
  R5F_TCMA              00000040   00007fc0  00000000  00007fc0  RWIX
  R5F_TCMB0             41010000   00008000  00000000  00008000  RWIX
  MSRAM_VECS            70000000   00000100  00000040  000000c0  RWIX
  MSRAM_0               70000100   0006ff00  000271a8  00048d58  RWIX
  MSRAM_1               70070000   00010000  00006780  00009880  RWIX
  APPIMAGE              82000000   00800000  00800000  00000000  RWIX


SEGMENT ALLOCATION MAP

run origin  load origin   length   init length attrs members
----------  ----------- ---------- ----------- ----- -------
70000000    70000000    00000040   00000040    r-x
  70000000    70000000    00000040   00000040    r-x .vectors
70000100    70000100    00021de0   00021de0    r-x
  70000100    70000100    000206d0   000206d0    r-x .text
  700207d0    700207d0    00000cf0   00000cf0    r-x .text.hwi
  700214c0    700214c0    000004a0   000004a0    r-x .text.cache
  70021960    70021960    000003c0   000003c0    r-x .text.mpu
  70021d20    70021d20    000001c0   000001c0    r-x .text.boot
70021ee0    70021ee0    000034b0   000034b0    rw-
  70021ee0    70021ee0    000034b0   000034b0    rw- .data
70025390    70025390    00001f18   00001f18    r--
  70025390    70025390    00001f18   00001f18    r-- .rodata
70070000    70070000    00006780   00000000    rw-
  70070000    70070000    00004000   00000000    rw- .stack
  70074000    70074000    00001380   00000000    rw- .bss
  70075380    70075380    00001000   00000000    rw- .irqstack
  70076380    70076380    00000100   00000000    rw- .fiqstack
  70076480    70076480    00000100   00000000    rw- .svcstack
  70076580    70076580    00000100   00000000    rw- .abortstack
  70076680    70076680    00000100   00000000    rw- .undefinedstack
82000000    82000000    00800000   00000000    rw-
  82000000    82000000    00800000   00000000    rw- .app


SECTION ALLOCATION MAP

 output                                  attributes/
section   page    origin      length       input sections
--------  ----  ----------  ----------   ----------------
.vectors   0    70000000    00000040     
                  70000000    00000040     nortos.am243x.r5f.ti-arm-clang.debug.lib : HwiP_armv7r_vectors_nortos_sbl_asm.obj (.vectors)

.text      0    70000100    000206d0     
                  70000100    00000bee     drivers.am243x.r5f.ti-arm-clang.nortos.debug.lib : ospi_phy_dqs_lld.obj (.text.OSPI_lld_phyFindOTP1)
                  70000cee    00000002     --HOLE-- [fill = 0]
                  70000cf0    00000a34     nortos.am243x.r5f.ti-arm-clang.debug.lib : printf.obj (.text._vsnprintf)
                  70001724    0000000c     libclang_rt.builtins.a : aeabi_memset.S.obj (.text.__aeabi_memclr)
                  70001730    000005f0     drivers.am243x.r5f.ti-arm-clang.nortos.debug.lib : sciclient_rm_irq.obj (.text.Sciclient_rmIrqRouteValidate)
                  70001d20    000005e2     nortos.am243x.r5f.ti-arm-clang.debug.lib : printf.obj (.text._ftoa)
                  70002302    00000002     --HOLE-- [fill = 0]
                  70002304    00000008     libc.a : exit.c.obj (.text:abort)
                  7000230c    00000004     libclang_rt.builtins.a : aeabi_div0.c.obj (.text.__aeabi_ldiv0)
                  70002310    00000552     drivers.am243x.r5f.ti-arm-clang.nortos.debug.lib : ospi_phy_dqs_lld.obj (.text.OSPI_lld_phyFindOTP2)
                  70002862    00000002     --HOLE-- [fill = 0]
                  70002864    00000004     libclang_rt.builtins.a : aeabi_memcpy.S.obj (.text.__aeabi_memcpy)
                  70002868    00000008     --HOLE-- [fill = 0]
                  70002870    00000550     drivers.am243x.r5f.ti-arm-clang.nortos.debug.lib : udma_rm.obj (.text.Udma_rmInit)
                  70002dc0    000004b0     nortos.am243x.r5f.ti-arm-clang.debug.lib : printf.obj (.text._etoa)
                  70003270    00000488     main.obj (.text.main)
                  700036f8    00000008     --HOLE-- [fill = 0]
                  70003700    0000043e     drivers.am243x.r5f.ti-arm-clang.nortos.debug.lib : bootloader.obj (.text.Bootloader_verifyMulticoreImage)
                  70003b3e    00000002     --HOLE-- [fill = 0]
                  70003b40    0000042c                                                      : uart_v0.obj (.text.UART_open)
                  70003f6c    00000004     --HOLE-- [fill = 0]
                  70003f70    000003bc                                                      : udma_soc.obj (.text.Udma_initDrvHandle)
                  7000432c    00000004     --HOLE-- [fill = 0]
                  70004330    0000039c                                                      : udma_ch.obj (.text.Udma_chAllocResource)
                  700046cc    00000004     --HOLE-- [fill = 0]
                  700046d0    00000372                                                      : udma_rmcfg_common.obj (.text.UdmaRmInitPrms_init)
                  70004a42    0000000e     --HOLE-- [fill = 0]
                  70004a50    00000364     board.am243x.r5f.ti-arm-clang.nortos.debug.lib : flash_nor_ospi.obj (.text.Flash_setQeBit)
                  70004db4    0000000c     --HOLE-- [fill = 0]
                  70004dc0    00000360     drivers.am243x.r5f.ti-arm-clang.nortos.debug.lib : udma_ch.obj (.text.Udma_chDisableTxChan)
                  70005120    0000035a                                                      : udma_event.obj (.text.Udma_eventConfig)
                  7000547a    00000006     --HOLE-- [fill = 0]
                  70005480    0000034e                                                      : ospi_v0.obj (.text.OSPI_open)
                  700057ce    00000002     --HOLE-- [fill = 0]
                  700057d0    00000302                                                      : sciclient_rm_irq.obj (.text.Sciclient_rmIrqGetRoute)
                  70005ad2    0000000e     --HOLE-- [fill = 0]
                  70005ae0    000002f4                                                      : udma_event.obj (.text.Udma_eventReset)
                  70005dd4    0000000c     --HOLE-- [fill = 0]
                  70005de0    000002ce                                                      : sciclient.obj (.text.Sciclient_service)
                  700060ae    00000002     --HOLE-- [fill = 0]
                  700060b0    000002c8     board.am243x.r5f.ti-arm-clang.nortos.debug.lib : flash_nor_ospi.obj (.text.Flash_norOspiOpen)
                  70006378    00000008     --HOLE-- [fill = 0]
                  70006380    000002c8     drivers.am243x.r5f.ti-arm-clang.nortos.debug.lib : udma_ch.obj (.text.Udma_chDisableRxChan)
                  70006648    00000008     --HOLE-- [fill = 0]
                  70006650    00000294                                                      : csl_bcdma.obj (.text.CSL_bcdmaChanOpCfgChan)
                  700068e4    0000000c     --HOLE-- [fill = 0]
                  700068f0    0000028a                                                      : ospi_v0_lld.obj (.text.OSPI_programInstance)
                  70006b7a    00000006     --HOLE-- [fill = 0]
                  70006b80    0000027a     nortos.am243x.r5f.ti-arm-clang.debug.lib : TimerP.obj (.text.TimerP_setup)
                  70006dfa    00000006     --HOLE-- [fill = 0]
                  70006e00    0000026a     drivers.am243x.r5f.ti-arm-clang.nortos.debug.lib : lpddr4_16bit.obj (.text.LPDDR4_INTR_SanityFunction1)
                  7000706a    00000006     --HOLE-- [fill = 0]
                  70007070    00000266                                                      : udma_ch.obj (.text.Udma_chConfigRx)
                  700072d6    0000000a     --HOLE-- [fill = 0]
                  700072e0    0000025a                                                      : lpddr4_16bit.obj (.text.LPDDR4_INTR_SanityFunction2)
                  7000753a    00000006     --HOLE-- [fill = 0]
                  70007540    00000254                                                      : ospi_udma_lld.obj (.text.OSPI_udmaInit)
                  70007794    0000000c     --HOLE-- [fill = 0]
                  700077a0    00000250     board.am243x.r5f.ti-arm-clang.nortos.debug.lib : flash_nor_ospi.obj (.text.Flash_set888mode)
                  700079f0    00000248     drivers.am243x.r5f.ti-arm-clang.nortos.debug.lib : sciclient_rm_irq.obj (.text.Sciclient_rmIrqFindRoute)
                  70007c38    00000008     --HOLE-- [fill = 0]
                  70007c40    00000242                                                      : uart_v0_lld.obj (.text.UART_fifoConfig)
                  70007e82    0000000e     --HOLE-- [fill = 0]
                  70007e90    0000023e     nortos.am243x.r5f.ti-arm-clang.debug.lib : printf.obj (.text._ntoa_format)
                  700080ce    00000002     --HOLE-- [fill = 0]
                  700080d0    0000022a     drivers.am243x.r5f.ti-arm-clang.nortos.debug.lib : udma_rm.obj (.text.Udma_rmDeinit)
                  700082fa    00000006     --HOLE-- [fill = 0]
                  70008300    00000220                                                      : bootloader_profile.obj (.text.Bootloader_profilePrintProfileLog)
                  70008520    0000021a                                                      : udma_event.obj (.text.Udma_eventAllocResource)
                  7000873a    00000006     --HOLE-- [fill = 0]
                  70008740    0000021a                                                      : udma_ring_common.obj (.text.Udma_ringAlloc)
                  7000895a    00000006     --HOLE-- [fill = 0]
                  70008960    00000218                                                      : ospi_v0_lld.obj (.text.OSPI_lld_isr)
                  70008b78    00000008     --HOLE-- [fill = 0]
                  70008b80    00000216                                                      : udma_event.obj (.text.Udma_eventRegister)
                  70008d96    0000000a     --HOLE-- [fill = 0]
                  70008da0    00000214                                                      : udma_rm.obj (.text.Udma_rmSetSharedResRmInitPrms)
                  70008fb4    0000000c     --HOLE-- [fill = 0]
                  70008fc0    0000020e                                                      : bootloader_soc.obj (.text.Bootloader_socCpuPowerOnResetR5f)
                  700091ce    00000002     --HOLE-- [fill = 0]
                  700091d0    0000020c                                                      : udma_ch.obj (.text.Udma_chFreeResource)
                  700093dc    00000004     --HOLE-- [fill = 0]
                  700093e0    000001ea                                                      : bootloader_soc.obj (.text.Bootloader_socCpuResetRelease)
                  700095ca    00000006     --HOLE-- [fill = 0]
                  700095d0    000001e6                                                      : udma_ch.obj (.text.Udma_chDisableBlkCpyChan)
                  700097b6    0000000a     --HOLE-- [fill = 0]
                  700097c0    000001e4                                                      : udma_flow.obj (.text.Udma_flowConfig)
                  700099a4    0000000c     --HOLE-- [fill = 0]
                  700099b0    000001e2                                                      : ddr.obj (.text.DDR_inlineECCCfg)
                  70009b92    0000000e     --HOLE-- [fill = 0]
                  70009ba0    000001dc                                                      : bootloader_soc.obj (.text.Bootloader_socCpuResetReleaseSelf)
                  70009d7c    00000004     --HOLE-- [fill = 0]
                  70009d80    000001ca                                                      : ospi_v0_lld.obj (.text.OSPI_lld_writeIndirect)
                  70009f4a    00000006     --HOLE-- [fill = 0]
                  70009f50    000001b6                                                      : ospi_v0_lld.obj (.text.OSPI_lld_readDirectDma)
                  7000a106    0000000a     --HOLE-- [fill = 0]
                  7000a110    000001b4                                                      : soc.obj (.text.SOC_moduleSetClockFrequency)
                  7000a2c4    0000000c     --HOLE-- [fill = 0]
                  7000a2d0    000001b4                                                      : soc.obj (.text.SOC_moduleSetClockFrequencyWithParent)
                  7000a484    0000000c     --HOLE-- [fill = 0]
                  7000a490    000001b2                                                      : uart_v0.obj (.text.UART_close)
                  7000a642    0000000e     --HOLE-- [fill = 0]
                  7000a650    000001aa                                                      : uart_v0.obj (.text.UART_write)
                  7000a7fa    00000006     --HOLE-- [fill = 0]
                  7000a800    000001a8                                                      : uart_v0_lld.obj (.text.UART_lld_controllerIsr)
                  7000a9a8    00000008     --HOLE-- [fill = 0]
                  7000a9b0    00000198                                                      : ospi_v0_lld.obj (.text.OSPI_lld_readCmd)
                  7000ab48    00000008     --HOLE-- [fill = 0]
                  7000ab50    00000198                                                      : sciclient_rm_irq.obj (.text.Sciclient_rmClearInterruptRoute)
                  7000ace8    00000008     --HOLE-- [fill = 0]
                  7000acf0    00000196                                                      : udma_ch.obj (.text.Udma_chConfigTx)
                  7000ae86    0000000a     --HOLE-- [fill = 0]
                  7000ae90    00000192                                                      : ospi_phy_dqs_lld.obj (.text.OSPI_lld_phyResyncDLL)
                  7000b022    0000000e     --HOLE-- [fill = 0]
                  7000b030    0000018e                                                      : ospi_v0_lld.obj (.text.OSPI_lld_readIndirect)
                  7000b1be    00000002     --HOLE-- [fill = 0]
                  7000b1c0    0000018a                                                      : ospi_udma_lld.obj (.text.OSPI_udmaUpdateSubmitTR)
                  7000b34a    00000006     --HOLE-- [fill = 0]
                  7000b350    0000018a                                                      : sciclient_rm_irq.obj (.text.Sciclient_rmIrqDeleteRoute)
                  7000b4da    00000006     --HOLE-- [fill = 0]
                  7000b4e0    0000018a                                                      : sciclient_rm_irq.obj (.text.Sciclient_rmProgramInterruptRoute)
                  7000b66a    00000006     --HOLE-- [fill = 0]
                  7000b670    00000186                                                      : sciclient_rm_irq.obj (.text.Sciclient_rmIrqProgramRoute)
                  7000b7f6    0000000a     --HOLE-- [fill = 0]
                  7000b800    00000184     board.am243x.r5f.ti-arm-clang.nortos.debug.lib : flash_nor_ospi.obj (.text.Flash_set444mode)
                  7000b984    0000000c     --HOLE-- [fill = 0]
                  7000b990    00000182     drivers.am243x.r5f.ti-arm-clang.nortos.debug.lib : udma_ch.obj (.text.Udma_chEnableLocal)
                  7000bb12    0000000e     --HOLE-- [fill = 0]
                  7000bb20    0000017e                                                      : udma_ch.obj (.text.Udma_chConfigPdma)
                  7000bc9e    00000002     --HOLE-- [fill = 0]
                  7000bca0    0000016c                                                      : csl_bcdma.obj (.text.CSL_bcdmaChanOpTeardownChan)
                  7000be0c    00000004     --HOLE-- [fill = 0]
                  7000be10    00000168                                                      : csl_bcdma.obj (.text.CSL_bcdmaChanOp)
                  7000bf78    00000008     --HOLE-- [fill = 0]
                  7000bf80    00000168                                                      : udma_ch.obj (.text.Udma_chOpen)
                  7000c0e8    00000008     --HOLE-- [fill = 0]
                  7000c0f0    00000166                                                      : ospi_v0_lld.obj (.text.OSPI_lld_writeCmd)
                  7000c256    0000000a     --HOLE-- [fill = 0]
                  7000c260    00000162                                                      : lpddr4.obj (.text.LPDDR4_INTR_SanityFunction3)
                  7000c3c2    0000000e     --HOLE-- [fill = 0]
                  7000c3d0    00000162                                                      : sciclient_pm.obj (.text.Sciclient_pmQueryModuleClkFreq)
                  7000c532    0000000e     --HOLE-- [fill = 0]
                  7000c540    0000015a                                                      : udma_rm.obj (.text.Udma_rmAllocMappedRxCh)
                  7000c69a    00000006     --HOLE-- [fill = 0]
                  7000c6a0    0000015a                                                      : udma_rm.obj (.text.Udma_rmAllocMappedTxCh)
                  7000c7fa    00000006     --HOLE-- [fill = 0]
                  7000c800    00000158                                                      : csl_bcdma.obj (.text.CSL_bcdmaChanOpGetChanStats)
                  7000c958    00000008     --HOLE-- [fill = 0]
                  7000c960    00000152                                                      : lpddr4.obj (.text.LPDDR4_INTR_SanityFunction4)
                  7000cab2    0000000e     --HOLE-- [fill = 0]
                  7000cac0    00000152                                                      : uart_v0_lld.obj (.text.UART_lld_initDma)
                  7000cc12    0000000e     --HOLE-- [fill = 0]
                  7000cc20    00000150                                                      : csl_lcdma_ringacc.obj (.text.CSL_lcdma_ringaccDequeue)
                  7000cd70    0000014e                                                      : pinmux.obj (.text.Pinmux_config)
                  7000cebe    00000002     --HOLE-- [fill = 0]
                  7000cec0    0000014a                                                      : bootloader.obj (.text.Bootloader_parseMultiCoreAppImage)
                  7000d00a    00000006     --HOLE-- [fill = 0]
                  7000d010    00000148                                                      : sciclient_pm.obj (.text.Sciclient_pmSetModuleClkFreq)
                  7000d158    00000008     --HOLE-- [fill = 0]
                  7000d160    00000146                                                      : udma_ch.obj (.text.Udma_chAssignRegOverlay)
                  7000d2a6    0000000a     --HOLE-- [fill = 0]
                  7000d2b0    00000144     board.am243x.r5f.ti-arm-clang.nortos.debug.lib : flash_nor_ospi.obj (.text.Flash_norOspiSetProtocol)
                  7000d3f4    0000000c     --HOLE-- [fill = 0]
                  7000d400    00000142     drivers.am243x.r5f.ti-arm-clang.nortos.debug.lib : ospi_v0_lld.obj (.text.OSPI_flashExecCmd)
                  7000d542    0000000e     --HOLE-- [fill = 0]
                  7000d550    00000142                                                      : sciclient.obj (.text.Sciclient_sendMessage)
                  7000d692    0000000e     --HOLE-- [fill = 0]
                  7000d6a0    00000140     board.am243x.r5f.ti-arm-clang.nortos.debug.lib : flash_nor_ospi.obj (.text.Flash_norOspiReadId)
                  7000d7e0    00000140     drivers.am243x.r5f.ti-arm-clang.nortos.debug.lib : sciclient_rm_irq.obj (.text.Sciclient_rmIaValidateMapping)
                  7000d920    00000140                                                      : udma_rm.obj (.text.Udma_rmAllocMappedRing)
                  7000da60    0000013e                                                      : lpddr4_16bit.obj (.text.LPDDR4_AckCtlInterrupt_4)
                  7000db9e    00000002     --HOLE-- [fill = 0]
                  7000dba0    0000013e                                                      : uart_v0_lld.obj (.text.UART_procLineStatusErr)
                  7000dcde    00000002     --HOLE-- [fill = 0]
                  7000dce0    0000013a                                                      : lpddr4_16bit.obj (.text.LPDDR4_AckCtlInterrupt)
                  7000de1a    00000006     --HOLE-- [fill = 0]
                  7000de20    00000138     nortos.am243x.r5f.ti-arm-clang.debug.lib : printf.obj (.text._ntoa_long_long)
                  7000df58    00000008     --HOLE-- [fill = 0]
                  7000df60    00000136                                              : ClockP_nortos_r5.obj (.text.ClockP_init)
                  7000e096    0000000a     --HOLE-- [fill = 0]
                  7000e0a0    00000136     drivers.am243x.r5f.ti-arm-clang.nortos.debug.lib : ddr.obj (.text.DDR_start)
                  7000e1d6    0000000a     --HOLE-- [fill = 0]
                  7000e1e0    00000136                                                      : sciclient_rm_irq.obj (.text.Sciclient_rmIrqVintDelete)
                  7000e316    0000000a     --HOLE-- [fill = 0]
                  7000e320    00000134                                                      : uart_v0_lld.obj (.text.UART_writePolling)
                  7000e454    0000000c     --HOLE-- [fill = 0]
                  7000e460    00000130                                                      : sciclient.obj (.text.Sciclient_recvMessage)
                  7000e590    0000012e     board.am243x.r5f.ti-arm-clang.nortos.debug.lib : flash_nor_ospi.obj (.text.Flash_norOspiWaitReady)
                  7000e6be    00000002     --HOLE-- [fill = 0]
                  7000e6c0    0000012e     drivers.am243x.r5f.ti-arm-clang.nortos.debug.lib : udma_rm.obj (.text.Udma_rmAllocIrIntr)
                  7000e7ee    00000002     --HOLE-- [fill = 0]
                  7000e7f0    0000012c                                                      : uart_v0_lld.obj (.text.UART_lld_init)
                  7000e91c    00000004     --HOLE-- [fill = 0]
                  7000e920    00000126     board.am243x.r5f.ti-arm-clang.nortos.debug.lib : flash_nor_ospi.obj (.text.Flash_norOspiWrite)
                  7000ea46    0000000a     --HOLE-- [fill = 0]
                  7000ea50    00000122     drivers.am243x.r5f.ti-arm-clang.nortos.debug.lib : bootloader.obj (.text.Bootloader_rprcImageLoad)
                  7000eb72    0000000e     --HOLE-- [fill = 0]
                  7000eb80    00000122                                                      : uart_dma_udma.obj (.text.UART_udmaInitTxCh)
                  7000eca2    0000000e     --HOLE-- [fill = 0]
                  7000ecb0    00000122                                                      : udma_rm.obj (.text.Udma_rmAllocBlkCopyCh)
                  7000edd2    0000000e     --HOLE-- [fill = 0]
                  7000ede0    00000122                                                      : udma_rm.obj (.text.Udma_rmAllocBlkCopyHcCh)
                  7000ef02    0000000e     --HOLE-- [fill = 0]
                  7000ef10    00000122                                                      : udma_rm.obj (.text.Udma_rmAllocBlkCopyUhcCh)
                  7000f032    0000000e     --HOLE-- [fill = 0]
                  7000f040    00000122                                                      : udma_rm.obj (.text.Udma_rmAllocRxCh)
                  7000f162    0000000e     --HOLE-- [fill = 0]
                  7000f170    00000122                                                      : udma_rm.obj (.text.Udma_rmAllocRxHcCh)
                  7000f292    0000000e     --HOLE-- [fill = 0]
                  7000f2a0    00000122                                                      : udma_rm.obj (.text.Udma_rmAllocRxUhcCh)
                  7000f3c2    0000000e     --HOLE-- [fill = 0]
                  7000f3d0    00000122                                                      : udma_rm.obj (.text.Udma_rmAllocTxCh)
                  7000f4f2    0000000e     --HOLE-- [fill = 0]
                  7000f500    00000122                                                      : udma_rm.obj (.text.Udma_rmAllocTxHcCh)
                  7000f622    0000000e     --HOLE-- [fill = 0]
                  7000f630    00000122                                                      : udma_rm.obj (.text.Udma_rmAllocTxUhcCh)
                  7000f752    0000000e     --HOLE-- [fill = 0]
                  7000f760    00000120                                                      : uart_dma_udma.obj (.text.UART_udmaInitRxCh)
                  7000f880    0000011e                                                      : sciclient_rm_irq.obj (.text.Sciclient_rmIaValidateEvt)
                  7000f99e    00000002     --HOLE-- [fill = 0]
                  7000f9a0    0000011e                                                      : sciclient_rm_irq.obj (.text.Sciclient_rmIrqVintAdd)
                  7000fabe    00000002     --HOLE-- [fill = 0]
                  7000fac0    0000011c     board.am243x.r5f.ti-arm-clang.nortos.debug.lib : flash_nor_ospi.obj (.text.Flash_norOspiReset)
                  7000fbdc    00000004     --HOLE-- [fill = 0]
                  7000fbe0    00000118     drivers.am243x.r5f.ti-arm-clang.nortos.debug.lib : lpddr4_16bit.obj (.text.LPDDR4_CheckCtlInterrupt)
                  7000fcf8    00000008     --HOLE-- [fill = 0]
                  7000fd00    00000118                                                      : ospi_v0_lld.obj (.text.OSPI_lld_initDma)
                  7000fe18    00000008     --HOLE-- [fill = 0]
                  7000fe20    00000118                                                      : udma_ring_lcdma.obj (.text.Udma_ringSetCfgLcdma)
                  7000ff38    00000118     libclang_rt.builtins.a : udivmoddi4.S.obj (.text)
                  70010050    00000116     drivers.am243x.r5f.ti-arm-clang.nortos.debug.lib : csl_bcdma.obj (.text.CSL_bcdmaChanOpDecChanStats)
                  70010166    0000000a     --HOLE-- [fill = 0]
                  70010170    00000116                                                      : uart_v0_lld.obj (.text.UART_divisorLatchWrite)
                  70010286    0000000a     --HOLE-- [fill = 0]
                  70010290    00000114     nortos.am243x.r5f.ti-arm-clang.debug.lib : printf.obj (.text._ntoa_long)
                  700103a4    0000000c     --HOLE-- [fill = 0]
                  700103b0    0000010e     drivers.am243x.r5f.ti-arm-clang.nortos.debug.lib : bootloader.obj (.text.Bootloader_loadSelfCpu)
                  700104be    00000002     --HOLE-- [fill = 0]
                  700104c0    0000010e                                                      : ddr.obj (.text.DDR_changeFreqAck)
                  700105ce    00000002     --HOLE-- [fill = 0]
                  700105d0    0000010a                                                      : bootloader.obj (.text.Bootloader_getMsgLen)
                  700106da    00000006     --HOLE-- [fill = 0]
                  700106e0    00000106                                                      : lpddr4_16bit.obj (.text.LPDDR4_AckCtlInterrupt_3)
                  700107e6    0000000a     --HOLE-- [fill = 0]
                  700107f0    00000106                                                      : udma_event.obj (.text.Udma_eventCheckParams)
                  700108f6    0000000a     --HOLE-- [fill = 0]
                  70010900    00000104                                                      : csl_pktdma.obj (.text.CSL_pktdmaTeardownChan)
                  70010a04    0000000c     --HOLE-- [fill = 0]
                  70010a10    00000104                                                      : uart_v0_lld.obj (.text.UART_configInstance)
                  70010b14    0000000c     --HOLE-- [fill = 0]
                  70010b20    00000100                                                      : csl_lcdma_ringacc.obj (.text.CSL_lcdma_ringaccPop64MultiAccess)
                  70010c20    00000100     board.am243x.r5f.ti-arm-clang.nortos.debug.lib : flash_nor_ospi.obj (.text.Flash_norOspiErase)
                  70010d20    00000100                                                    : flash_nor_ospi.obj (.text.Flash_norOspiEraseSector)
                  70010e20    00000100     drivers.am243x.r5f.ti-arm-clang.nortos.debug.lib : ospi_v0_lld.obj (.text.OSPI_lld_setProtocol)
                  70010f20    000000fe                                                      : sciclient_rm_irq.obj (.text.Sciclient_rmIrGetOutp)
                  7001101e    00000002     --HOLE-- [fill = 0]
                  70011020    000000fe                                                      : udma.obj (.text.Udma_init)
                  7001111e    00000002     --HOLE-- [fill = 0]
                  70011120    000000fa                                                      : csl_lcdma_ringacc.obj (.text.CSL_lcdma_ringaccPush64MultiAccess)
                  7001121a    00000006     --HOLE-- [fill = 0]
                  70011220    000000f8                                                      : sciclient.obj (.text.Sciclient_getVersionCheck)
                  70011318    00000008     --HOLE-- [fill = 0]
                  70011320    000000f6                                                      : ospi_udma_lld.obj (.text.OSPI_udmaCopy)
                  70011416    0000000a     --HOLE-- [fill = 0]
                  70011420    000000f6     nortos.am243x.r5f.ti-arm-clang.debug.lib : SemaphoreP_nortos.obj (.text.SemaphoreP_pend)
                  70011516    0000000a     --HOLE-- [fill = 0]
                  70011520    000000f4     drivers.am243x.r5f.ti-arm-clang.nortos.debug.lib : sciclient_rm_irq.obj (.text.Sciclient_rmTranslateIntOutput)
                  70011614    0000000c     --HOLE-- [fill = 0]
                  70011620    000000f2                                                      : bootloader_soc.obj (.text.Bootloader_socCpuPowerOnResetM4f)
                  70011712    0000000e     --HOLE-- [fill = 0]
                  70011720    000000ee     board.am243x.r5f.ti-arm-clang.nortos.debug.lib : flash_nor_ospi.obj (.text.Flash_norOspiSet4ByteAddrMode)
                  7001180e    00000002     --HOLE-- [fill = 0]
                  70011810    000000ec     drivers.am243x.r5f.ti-arm-clang.nortos.debug.lib : ospi_v0_lld.obj (.text.OSPI_lld_init)
                  700118fc    00000004     --HOLE-- [fill = 0]
                  70011900    000000ec                                                      : udma_event.obj (.text.Udma_eventIsrFxn)
                  700119ec    00000004     --HOLE-- [fill = 0]
                  700119f0    000000ea     nortos.am243x.r5f.ti-arm-clang.debug.lib : AddrTranslateP.obj (.text.AddrTranslateP_getLocalAddr)
                  70011ada    00000006     --HOLE-- [fill = 0]
                  70011ae0    000000ea     drivers.am243x.r5f.ti-arm-clang.nortos.debug.lib : lpddr4_16bit.obj (.text.LPDDR4_CheckCtlInterrupt_2)
                  70011bca    00000006     --HOLE-- [fill = 0]
                  70011bd0    000000e8                                                      : lpddr4_16bit.obj (.text.LPDDR4_AckCtlInterrupt_2)
                  70011cb8    00000008     --HOLE-- [fill = 0]
                  70011cc0    000000e8                                                      : udma_event.obj (.text.Udma_eventFreeResource)
                  70011da8    00000008     --HOLE-- [fill = 0]
                  70011db0    000000e2                                                      : sciclient_rm_irq.obj (.text.Sciclient_rmIrqGetNode)
                  70011e92    0000000e     --HOLE-- [fill = 0]
                  70011ea0    000000de                                                      : sciclient.obj (.text.Sciclient_waitForMessage)
                  70011f7e    00000002     --HOLE-- [fill = 0]
                  70011f80    000000de                                                      : uart_v0_lld.obj (.text.UART_intrEnable)
                  7001205e    00000002     --HOLE-- [fill = 0]
                  70012060    000000da                                                      : csl_emif.obj (.text.CSL_emifConfigController)
                  7001213a    00000006     --HOLE-- [fill = 0]
                  70012140    000000da                                                      : sciclient_rm_irq.obj (.text.Sciclient_rmIrInpIsFree)
                  7001221a    00000006     --HOLE-- [fill = 0]
                  70012220    000000da                                                      : uart_v0_lld.obj (.text.UART_intrDisable)
                  700122fa    00000006     --HOLE-- [fill = 0]
                  70012300    000000da                                                      : udma_rm.obj (.text.Udma_rmGetSciclientDefaultBoardCfgRmRange)
                  700123da    00000006     --HOLE-- [fill = 0]
                  700123e0    000000d8     board.am243x.r5f.ti-arm-clang.nortos.debug.lib : flash_nor_ospi.obj (.text.Flash_norOspiSetRegCfg)
                  700124b8    00000008     --HOLE-- [fill = 0]
                  700124c0    000000d8     drivers.am243x.r5f.ti-arm-clang.nortos.debug.lib : uart_dma_udma.obj (.text.UART_udmaConfigPdmaTx)
                  70012598    00000008     --HOLE-- [fill = 0]
                  700125a0    000000d6     board.am243x.r5f.ti-arm-clang.nortos.debug.lib : flash_nor_ospi.obj (.text.Flash_setOeBit)
                  70012676    0000000a     --HOLE-- [fill = 0]
                  70012680    000000d4     drivers.am243x.r5f.ti-arm-clang.nortos.debug.lib : bootloader_soc.obj (.text.Bootloader_socOpenFirewalls)
                  70012754    0000000c     --HOLE-- [fill = 0]
                  70012760    000000d4                                                      : csl_bcdma.obj (.text.CSL_bcdmaChanOpGetChanRT)
                  70012834    0000000c     --HOLE-- [fill = 0]
                  70012840    000000d4                                                      : pinmux.obj (.text.Pinmux_unlockMMR)
                  70012914    0000000c     --HOLE-- [fill = 0]
                  70012920    000000d2                                                      : uart_v0_lld.obj (.text.UART_lld_write)
                  700129f2    0000000e     --HOLE-- [fill = 0]
                  70012a00    000000d2                                                      : uart_dma_udma.obj (.text.UART_udmaDeInitCh)
                  70012ad2    0000000e     --HOLE-- [fill = 0]
                  70012ae0    000000ce                                                      : sciclient.obj (.text.Sciclient_getCurrentContext)
                  70012bae    00000002     --HOLE-- [fill = 0]
                  70012bb0    000000ce                                                      : sciclient_procboot.obj (.text.Sciclient_procBootWaitProcessorState)
                  70012c7e    00000002     --HOLE-- [fill = 0]
                  70012c80    000000ce                                                      : uart_v0_lld.obj (.text.UART_lld_writeDma)
                  70012d4e    00000002     --HOLE-- [fill = 0]
                  70012d50    000000ca                                                      : csl_bcdma.obj (.text.CSL_bcdmaChanOpSetBurstSize)
                  70012e1a    00000006     --HOLE-- [fill = 0]
                  70012e20    000000ca                                                      : udma_ring_common.obj (.text.Udma_ringCheckParams)
                  70012eea    00000006     --HOLE-- [fill = 0]
                  70012ef0    000000c8                                                      : uart_dma_udma.obj (.text.UART_udmaHpdInit)
                  70012fb8    00000008     --HOLE-- [fill = 0]
                  70012fc0    000000c8                                                      : udma_event.obj (.text.Udma_eventCheckUnRegister)
                  70013088    00000008     --HOLE-- [fill = 0]
                  70013090    000000c8                                                      : udma_ring_common.obj (.text.Udma_ringFree)
                  70013158    00000008     --HOLE-- [fill = 0]
                  70013160    000000c6                                                      : uart_v0_lld.obj (.text.UART_lld_writeIntr)
                  70013226    0000000a     --HOLE-- [fill = 0]
                  70013230    000000c4                                                      : ospi_phy_dqs_lld.obj (.text.OSPI_phyBasicConfig)
                  700132f4    0000000c     --HOLE-- [fill = 0]
                  70013300    000000c4                                                      : soc.obj (.text.SOC_isR5FDualCoreMode)
                  700133c4    0000000c     --HOLE-- [fill = 0]
                  700133d0    000000c4                                                      : sciclient_rm_irq.obj (.text.Sciclient_rmIrqIsVintRouteSet)
                  70013494    0000000c     --HOLE-- [fill = 0]
                  700134a0    000000c4                                                      : uart_v0.obj (.text.UART_flushTxFifo)
                  70013564    0000000c     --HOLE-- [fill = 0]
                  70013570    000000c2                                                      : udma_ch.obj (.text.Udma_chClose)
                  70013632    0000000e     --HOLE-- [fill = 0]
                  70013640    000000c2                                                      : udma_event.obj (.text.Udma_eventUnRegister)
                  70013702    0000000e     --HOLE-- [fill = 0]
                  70013710    000000c0                                                      : csl_bcdma.obj (.text.CSL_bcdmaChanOpAccessRemotePeerReg)
                  700137d0    000000c0     board.am243x.r5f.ti-arm-clang.nortos.debug.lib : flash.obj (.text.Flash_offsetToBlkPage)
                  70013890    000000c0     drivers.am243x.r5f.ti-arm-clang.nortos.debug.lib : lpddr4_16bit.obj (.text.LPDDR4_CheckCtlInterrupt_4)
                  70013950    000000c0                                                      : lpddr4.obj (.text.LPDDR4_ReadReg)
                  70013a10    000000c0                                                      : ospi_v0.obj (.text.OSPI_readDirect)
                  70013ad0    000000c0                                                      : udma_rm.obj (.text.Udma_rmAllocVintrBit)
                  70013b90    000000c0     nortos.am243x.r5f.ti-arm-clang.debug.lib : printf.obj (.text._out_rev)
                  70013c50    000000be     ti_board_open_close.obj (.text.Board_flashOpen)
                  70013d0e    00000002     --HOLE-- [fill = 0]
                  70013d10    000000be     nortos.am243x.r5f.ti-arm-clang.debug.lib : ClockP_nortos.obj (.text.ClockP_timerTickIsr)
                  70013dce    00000002     --HOLE-- [fill = 0]
                  70013dd0    000000bc     drivers.am243x.r5f.ti-arm-clang.nortos.debug.lib : ddr.obj (.text.DDR_setClock)
                  70013e8c    00000004     --HOLE-- [fill = 0]
                  70013e90    000000ba     nortos.am243x.r5f.ti-arm-clang.debug.lib : ClockP_nortos.obj (.text.ClockP_stop)
                  70013f4a    00000006     --HOLE-- [fill = 0]
                  70013f50    000000ba                                              : PmuP_armv7r.obj (.text.pmu)
                  7001400a    00000006     --HOLE-- [fill = 0]
                  70014010    000000b8     drivers.am243x.r5f.ti-arm-clang.nortos.debug.lib : lpddr4.obj (.text.LPDDR4_WriteReg)
                  700140c8    00000008     --HOLE-- [fill = 0]
                  700140d0    000000b6                                                      : csl_pktdma.obj (.text.CSL_pktdmaAccessChanPeerReg)
                  70014186    0000000a     --HOLE-- [fill = 0]
                  70014190    000000b6     board.am243x.r5f.ti-arm-clang.nortos.debug.lib : flash_nor_ospi.obj (.text.Flash_norOspiRead)
                  70014246    0000000a     --HOLE-- [fill = 0]
                  70014250    000000b6     drivers.am243x.r5f.ti-arm-clang.nortos.debug.lib : uart_v0_lld.obj (.text.UART_fifoWrite)
                  70014306    0000000a     --HOLE-- [fill = 0]
                  70014310    000000b4                                                      : udma.obj (.text.Udma_deinit)
                  700143c4    0000000c     --HOLE-- [fill = 0]
                  700143d0    000000b2                                                      : ddr.obj (.text.DDR_initDrv)
                  70014482    0000000e     --HOLE-- [fill = 0]
                  70014490    000000b0     ti_drivers_config.obj (.text.System_init)
                  70014540    000000b0     drivers.am243x.r5f.ti-arm-clang.nortos.debug.lib : uart_v0.obj (.text.UART_init)
                  700145f0    000000b0                                                      : udma_ch.obj (.text.Udma_chCheckParams)
                  700146a0    000000ae                                                      : udma_soc.obj (.text.Udma_getMappedChRingAttributes)
                  7001474e    00000002     --HOLE-- [fill = 0]
                  70014750    000000ac                                                      : udma_ch.obj (.text.UdmaChRxPrms_init)
                  700147fc    00000004     --HOLE-- [fill = 0]
                  70014800    000000ac                                                      : udma_ch.obj (.text.UdmaChTxPrms_init)
                  700148ac    00000004     --HOLE-- [fill = 0]
                  700148b0    000000ac                                                      : udma_ch.obj (.text.Udma_chDisable)
                  7001495c    00000004     --HOLE-- [fill = 0]
                  70014960    000000aa                                                      : csl_bcdma.obj (.text.CSL_bcdmaChanOpSetChanPause)
                  70014a0a    00000006     --HOLE-- [fill = 0]
                  70014a10    000000aa                                                      : csl_bcdma.obj (.text.CSL_bcdmaChanOpSetChanRT)
                  70014aba    00000006     --HOLE-- [fill = 0]
                  70014ac0    000000aa                                                      : udma_ring_lcdma.obj (.text.Udma_ringFlushRawLcdma)
                  70014b6a    00000006     --HOLE-- [fill = 0]
                  70014b70    000000a8     nortos.am243x.r5f.ti-arm-clang.debug.lib : ClockP_nortos.obj (.text.ClockP_addToList)
                  70014c18    00000008     --HOLE-- [fill = 0]
                  70014c20    000000a8                                              : ClockP_nortos.obj (.text.ClockP_destruct)
                  70014cc8    00000008     --HOLE-- [fill = 0]
                  70014cd0    000000a8     ti_drivers_open_close.obj (.text.Drivers_uartOpen)
                  70014d78    00000008     --HOLE-- [fill = 0]
                  70014d80    000000a8     drivers.am243x.r5f.ti-arm-clang.nortos.debug.lib : sciclient_rm_irq.obj (.text.Sciclient_rmIrInpRomMapped)
                  70014e28    00000008     --HOLE-- [fill = 0]
                  70014e30    000000a8                                                      : sciclient_rm_irq.obj (.text.Sciclient_rmIrOutpRomMapped)
                  70014ed8    00000008     --HOLE-- [fill = 0]
                  70014ee0    000000a8                                                      : udma_ring_lcdma.obj (.text.Udma_ringSetDoorBellLcdma)
                  70014f88    00000008     --HOLE-- [fill = 0]
                  70014f90    000000a6     ti_drivers_open_close.obj (.text.Drivers_ospiOpen)
                  70015036    0000000a     --HOLE-- [fill = 0]
                  70015040    000000a6     drivers.am243x.r5f.ti-arm-clang.nortos.debug.lib : sciclient_pm.obj (.text.Sciclient_pmGetModuleClkNumParent)
                  700150e6    0000000a     --HOLE-- [fill = 0]
                  700150f0    000000a4                                                      : bootloader_soc.obj (.text.Bootloader_socOpenFirewallRegion)
                  70015194    0000000c     --HOLE-- [fill = 0]
                  700151a0    000000a4                                                      : csl_intaggr.obj (.text.CSL_intaggrIsIntrPending)
                  70015244    0000000c     --HOLE-- [fill = 0]
                  70015250    000000a4                                                      : ospi_phy_dqs_lld.obj (.text.OSPI_lld_phyReadAttackVector)
                  700152f4    0000000c     --HOLE-- [fill = 0]
                  70015300    000000a4                                                      : sciclient_rm_irq.obj (.text.Sciclient_rmIrqCheckLoop)
                  700153a4    0000000c     --HOLE-- [fill = 0]
                  700153b0    000000a4                                                      : uart_v0_lld.obj (.text.UART_IsBaseAddrValid)
                  70015454    0000000c     --HOLE-- [fill = 0]
                  70015460    000000a2                                                      : ddr.obj (.text.DDR_init)
                  70015502    0000000e     --HOLE-- [fill = 0]
                  70015510    000000a0                                                      : ospi_v0_lld.obj (.text.OSPI_lld_deInitDma)
                  700155b0    000000a0                                                      : ospi_v0_lld.obj (.text.OSPI_lld_setXferOpCodes)
                  70015650    000000a0                                                      : sciclient_soc_priv.obj (.text.Sciclient_getContext)
                  700156f0    000000a0                                                      : udma_rm.obj (.text.Udma_rmAllocEvent)
                  70015790    000000a0                                                      : udma_rm.obj (.text.Udma_rmAllocVintr)
                  70015830    0000009e     board.am243x.r5f.ti-arm-clang.nortos.debug.lib : flash_nor_ospi.obj (.text.Flash_norOspiSetModeDummy)
                  700158ce    00000002     --HOLE-- [fill = 0]
                  700158d0    0000009e     drivers.am243x.r5f.ti-arm-clang.nortos.debug.lib : ospi_v0_lld.obj (.text.OSPI_isProtocolValid)
                  7001596e    00000002     --HOLE-- [fill = 0]
                  70015970    0000009e                                                      : sciclient_boardcfg.obj (.text.Sciclient_boardCfgPm)
                  70015a0e    00000002     --HOLE-- [fill = 0]
                  70015a10    0000009e                                                      : sciclient_boardcfg.obj (.text.Sciclient_boardCfgRm)
                  70015aae    00000002     --HOLE-- [fill = 0]
                  70015ab0    0000009c                                                      : ospi_udma_lld.obj (.text.OSPI_udmaDeInit)
                  70015b4c    00000004     --HOLE-- [fill = 0]
                  70015b50    0000009c                                                      : sciclient_pm.obj (.text.Sciclient_pmGetModuleClkFreq)
                  70015bec    00000004     --HOLE-- [fill = 0]
                  70015bf0    0000009c                                                      : sciclient_pm.obj (.text.Sciclient_pmGetModuleClkParent)
                  70015c8c    00000004     --HOLE-- [fill = 0]
                  70015c90    0000009a                                                      : bootloader_soc.obj (.text.Bootloader_socCpuSetClock)
                  70015d2a    00000006     --HOLE-- [fill = 0]
                  70015d30    0000009a                                                      : bootloader_soc.obj (.text.Bootloader_socTranslateSectionAddr)
                  70015dca    00000006     --HOLE-- [fill = 0]
                  70015dd0    0000009a     ti_power_clock_config.obj (.text.Module_clockSetFrequency)
                  70015e6a    00000006     --HOLE-- [fill = 0]
                  70015e70    0000009a     drivers.am243x.r5f.ti-arm-clang.nortos.debug.lib : soc.obj (.text.SOC_controlModuleUnlockMMR)
                  70015f0a    00000006     --HOLE-- [fill = 0]
                  70015f10    0000009a                                                      : sciclient_pm.obj (.text.Sciclient_pmModuleGetClkStatus)
                  70015faa    00000006     --HOLE-- [fill = 0]
                  70015fb0    0000009a                                                      : sciclient_pm.obj (.text.Sciclient_pmSetModuleClkParent)
                  7001604a    00000006     --HOLE-- [fill = 0]
                  70016050    0000009a                                                      : sciclient_rm_irq.obj (.text.Sciclient_rmIrOutpIsFree)
                  700160ea    00000006     --HOLE-- [fill = 0]
                  700160f0    0000009a                                                      : udma_ring_common.obj (.text.Udma_ringQueueRaw)
                  7001618a    00000006     --HOLE-- [fill = 0]
                  70016190    00000098                                                      : csl_bcdma.obj (.text.CSL_bcdmaChanOpSetChanEnable)
                  70016228    00000008     --HOLE-- [fill = 0]
                  70016230    00000098                                                      : sciclient_procboot.obj (.text.Sciclient_procBootSetSequenceCtrl)
                  700162c8    00000008     --HOLE-- [fill = 0]
                  700162d0    00000096                                                      : bootloader.obj (.text.Bootloader_runCpu)
                  70016366    0000000a     --HOLE-- [fill = 0]
                  70016370    00000096                                                      : ospi_phy_dqs_lld.obj (.text.OSPI_lld_phyTuneDDR)
                  70016406    0000000a     --HOLE-- [fill = 0]
                  70016410    00000096                                                      : sciclient.obj (.text.Sciclient_init)
                  700164a6    0000000a     --HOLE-- [fill = 0]
                  700164b0    00000096                                                      : uart_v0_lld.obj (.text.UART_subConfigTCRTLRModeEn)
                  70016546    0000000a     --HOLE-- [fill = 0]
                  70016550    00000096                                                      : uart_dma_udma.obj (.text.UART_udmaIsrRx)
                  700165e6    0000000a     --HOLE-- [fill = 0]
                  700165f0    00000096                                                      : uart_dma_udma.obj (.text.UART_udmaIsrTx)
                  70016686    0000000a     --HOLE-- [fill = 0]
                  70016690    00000096                                                      : udma_flow.obj (.text.UdmaFlowPrms_init)
                  70016726    0000000a     --HOLE-- [fill = 0]
                  70016730    00000096                                                      : udma_ring_common.obj (.text.Udma_ringDequeueRaw)
                  700167c6    0000000a     --HOLE-- [fill = 0]
                  700167d0    00000094                                                      : ospi_v0.obj (.text.OSPI_init)
                  70016864    0000000c     --HOLE-- [fill = 0]
                  70016870    00000094                                                      : sciclient.obj (.text.Sciclient_waitForBootNotification)
                  70016904    0000000c     --HOLE-- [fill = 0]
                  70016910    00000094                                                      : uart_dma_udma.obj (.text.UART_lld_dmaDisableChannel)
                  700169a4    0000000c     --HOLE-- [fill = 0]
                  700169b0    00000092     nortos.am243x.r5f.ti-arm-clang.debug.lib : ClockP_nortos.obj (.text.ClockP_getTimeUsec)
                  70016a42    0000000e     --HOLE-- [fill = 0]
                  70016a50    00000092     drivers.am243x.r5f.ti-arm-clang.nortos.debug.lib : ospi_v0_lld.obj (.text.OSPI_lld_deInit)
                  70016ae2    0000000e     --HOLE-- [fill = 0]
                  70016af0    00000092                                                      : soc.obj (.text.SOC_moduleClockEnable)
                  70016b82    0000000e     --HOLE-- [fill = 0]
                  70016b90    00000092                                                      : sciclient_pm.obj (.text.Sciclient_pmSetModuleState)
                  70016c22    0000000e     --HOLE-- [fill = 0]
                  70016c30    00000092                                                      : sciclient_rm_irq.obj (.text.Sciclient_rmPsPop)
                  70016cc2    0000000e     --HOLE-- [fill = 0]
                  70016cd0    00000090     ti_drivers_config.obj (.text.System_deinit)
                  70016d60    0000008e     drivers.am243x.r5f.ti-arm-clang.nortos.debug.lib : sciclient_pm.obj (.text.Sciclient_pmModuleClkRequest)
                  70016dee    00000002     --HOLE-- [fill = 0]
                  70016df0    0000008e                                                      : udma_rm.obj (.text.Udma_rmFreeMappedRing)
                  70016e7e    00000002     --HOLE-- [fill = 0]
                  70016e80    0000008c                                                      : bootloader_soc.obj (.text.Bootloader_socCpuSetEntryPoint)
                  70016f0c    00000004     --HOLE-- [fill = 0]
                  70016f10    0000008c                                                      : ddr.obj (.text.DDR_initHwRegs)
                  70016f9c    00000004     --HOLE-- [fill = 0]
                  70016fa0    0000008c     board.am243x.r5f.ti-arm-clang.nortos.debug.lib : flash_nor_ospi.obj (.text.Flash_norOspiSetAddressBytes)
                  7001702c    00000004     --HOLE-- [fill = 0]
                  70017030    0000008c     drivers.am243x.r5f.ti-arm-clang.nortos.debug.lib : ospi_phy_dqs_lld.obj (.text.OSPI_lld_phyFindRxHigh)
                  700170bc    00000004     --HOLE-- [fill = 0]
                  700170c0    0000008c                                                      : ospi_phy_dqs_lld.obj (.text.OSPI_lld_phyFindRxLow)
                  7001714c    00000004     --HOLE-- [fill = 0]
                  70017150    0000008c                                                      : ospi_phy_dqs_lld.obj (.text.OSPI_lld_phyFindTxHigh)
                  700171dc    00000004     --HOLE-- [fill = 0]
                  700171e0    0000008c                                                      : ospi_phy_dqs_lld.obj (.text.OSPI_lld_phyFindTxLow)
                  7001726c    00000004     --HOLE-- [fill = 0]
                  70017270    0000008c                                                      : sciclient_pm.obj (.text.Sciclient_pmGetModuleState)
                  700172fc    00000004     --HOLE-- [fill = 0]
                  70017300    0000008c                                                      : sciclient_rm_irq.obj (.text.Sciclient_rmIaEvtRomMapped)
                  7001738c    00000004     --HOLE-- [fill = 0]
                  70017390    0000008c                                                      : uart_v0_lld.obj (.text.UART_writeCancelNoCB)
                  7001741c    00000004     --HOLE-- [fill = 0]
                  70017420    0000008a                                                      : lpddr4.obj (.text.LPDDR4_PollCtlIrq)
                  700174aa    00000006     --HOLE-- [fill = 0]
                  700174b0    0000008a                                                      : lpddr4.obj (.text.LPDDR4_PollPhyIndepIrq)
                  7001753a    00000006     --HOLE-- [fill = 0]
                  70017540    0000008a                                                      : sciclient_procboot.obj (.text.Sciclient_procBootReleaseProcessor)
                  700175ca    00000006     --HOLE-- [fill = 0]
                  700175d0    0000008a                                                      : udma_ring_common.obj (.text.Udma_ringFlushRaw)
                  7001765a    00000006     --HOLE-- [fill = 0]
                  70017660    00000088                                                      : bootloader_soc.obj (.text.Bootloader_socCpuGetClock)
                  700176e8    00000008     --HOLE-- [fill = 0]
                  700176f0    00000088                                                      : csl_bcdma.obj (.text.CSL_bcdmaGetCfg)
                  70017778    00000008     --HOLE-- [fill = 0]
                  70017780    00000086                                                      : lpddr4_16bit.obj (.text.LPDDR4_CheckCtlInterrupt_3)
                  70017806    0000000a     --HOLE-- [fill = 0]
                  70017810    00000086                                                      : soc.obj (.text.SOC_controlModuleLockMMR)
                  70017896    0000000a     --HOLE-- [fill = 0]
                  700178a0    00000086                                                      : uart_v0_lld.obj (.text.UART_lld_flushTxFifo)
                  70017926    0000000a     --HOLE-- [fill = 0]
                  70017930    00000086                                                      : uart_v0_lld.obj (.text.UART_tcrTlrBitValRestore)
                  700179b6    0000000a     --HOLE-- [fill = 0]
                  700179c0    00000084     board.am243x.r5f.ti-arm-clang.nortos.debug.lib : flash_nor_ospi.obj (.text.Flash_norOspiRegWrite)
                  70017a44    0000000c     --HOLE-- [fill = 0]
                  70017a50    00000084     drivers.am243x.r5f.ti-arm-clang.nortos.debug.lib : ospi_phy_dqs_lld.obj (.text.OSPI_lld_phySetRdDelayTxRxDLL)
                  70017ad4    0000000c     --HOLE-- [fill = 0]
                  70017ae0    00000082                                                      : uart_dma_soc.obj (.text.CSL_udmapCppi5SetReturnPolicy)
                  70017b62    0000000e     --HOLE-- [fill = 0]
                  70017b70    00000082                                                      : udma_utils.obj (.text.CSL_udmapCppi5SetReturnPolicy)
                  70017bf2    0000000e     --HOLE-- [fill = 0]
                  70017c00    00000082                                                      : udma_ch.obj (.text.Udma_chPair)
                  70017c82    0000000e     --HOLE-- [fill = 0]
                  70017c90    00000082                                                      : udma_ch.obj (.text.Udma_chUnpair)
                  70017d12    0000000e     --HOLE-- [fill = 0]
                  70017d20    00000080     board.am243x.r5f.ti-arm-clang.nortos.debug.lib : flash_nor_ospi.obj (.text.Flash_norOspiRegRead)
                  70017da0    00000080     drivers.am243x.r5f.ti-arm-clang.nortos.debug.lib : uart_v0_lld.obj (.text.UART_moduleReset)
                  70017e20    00000080                                                      : udma_rm.obj (.text.Udma_rmFreeVintrBit)
                  70017ea0    0000007e                                                      : bootloader.obj (.text.Bootloader_findSeq)
                  70017f1e    00000002     --HOLE-- [fill = 0]
                  70017f20    0000007e                                                      : csl_bcdma.obj (.text.CSL_bcdmaChanOpIsChanEnabled)
                  70017f9e    00000002     --HOLE-- [fill = 0]
                  70017fa0    0000007e                                                      : csl_bcdma.obj (.text.CSL_bcdmaChanOpIsValidChanIdx)
                  7001801e    00000002     --HOLE-- [fill = 0]
                  70018020    0000007e                                                      : csl_bcdma.obj (.text.CSL_bcdmaMapChanIdx)
                  7001809e    00000002     --HOLE-- [fill = 0]
                  700180a0    0000007e                                                      : lpddr4.obj (.text.LPDDR4_StartSequenceController)
                  7001811e    00000002     --HOLE-- [fill = 0]
                  70018120    0000007e                                                      : uart_v0_lld.obj (.text.UART_readData)
                  7001819e    00000002     --HOLE-- [fill = 0]
                  700181a0    0000007c                                                      : csl_pktdma.obj (.text.CSL_pktdmaGetCfg)
                  7001821c    00000004     --HOLE-- [fill = 0]
                  70018220    0000007c     nortos.am243x.r5f.ti-arm-clang.debug.lib : DebugP_log.obj (.text._DebugP_assert)
                  7001829c    00000004     --HOLE-- [fill = 0]
                  700182a0    0000007a     drivers.am243x.r5f.ti-arm-clang.nortos.debug.lib : ospi_v0_lld.obj (.text.OSPI_lld_enablePhy)
                  7001831a    00000006     --HOLE-- [fill = 0]
                  70018320    0000007a                                                      : uart_v0.obj (.text.UART_Params_init)
                  7001839a    00000006     --HOLE-- [fill = 0]
                  700183a0    0000007a     main.obj (.text.flashFixUpOspiBoot)
                  7001841a    00000006     --HOLE-- [fill = 0]
                  70018420    00000078     drivers.am243x.r5f.ti-arm-clang.nortos.debug.lib : ospi_v0_lld.obj (.text.OSPI_waitIndWriteComplete)
                  70018498    00000008     --HOLE-- [fill = 0]
                  700184a0    00000076                                                      : csl_bcdma.obj (.text.CSL_bcdmaChanOpClearError)
                  70018516    0000000a     --HOLE-- [fill = 0]
                  70018520    00000076                                                      : csl_bcdma.obj (.text.CSL_bcdmaDoChanOp)
                  70018596    0000000a     --HOLE-- [fill = 0]
                  700185a0    00000076                                                      : ospi_v0_lld.obj (.text.OSPI_isDmaRestrictedRegion)
                  70018616    0000000a     --HOLE-- [fill = 0]
                  70018620    00000076                                                      : ospi_v0.obj (.text.OSPI_writeIndirect)
                  70018696    0000000a     --HOLE-- [fill = 0]
                  700186a0    00000076                                                      : udma_ch.obj (.text.Udma_chGetCqRingHandle)
                  70018716    0000000a     --HOLE-- [fill = 0]
                  70018720    00000076                                                      : udma_ch.obj (.text.Udma_chGetFqRingHandle)
                  70018796    0000000a     --HOLE-- [fill = 0]
                  700187a0    00000074                                                      : ospi_v0_lld.obj (.text.OSPI_waitIndReadComplete)
                  70018814    0000000c     --HOLE-- [fill = 0]
                  70018820    00000074                                                      : udma_ch.obj (.text.Udma_chEnable)
                  70018894    0000000c     --HOLE-- [fill = 0]
                  700188a0    00000072                                                      : csl_bcdma.obj (.text.CSL_bcdmaChanOpTriggerChan)
                  70018912    0000000e     --HOLE-- [fill = 0]
                  70018920    00000072                                                      : csl_lcdma_ringacc.obj (.text.CSL_lcdma_ringaccAckReverseRing)
                  70018992    0000000e     --HOLE-- [fill = 0]
                  700189a0    00000072     nortos.am243x.r5f.ti-arm-clang.debug.lib : ClockP_nortos.obj (.text.ClockP_usleep)
                  70018a12    0000000e     --HOLE-- [fill = 0]
                  70018a20    00000072     drivers.am243x.r5f.ti-arm-clang.nortos.debug.lib : bootloader_flash.obj (.text.Flash_imgRead)
                  70018a92    0000000e     --HOLE-- [fill = 0]
                  70018aa0    00000072                                                      : ospi_lld_dma.obj (.text.OSPI_dmaOpen)
                  70018b12    0000000e     --HOLE-- [fill = 0]
                  70018b20    00000072                                                      : udma_utils.obj (.text.UdmaUtils_makeTrpd)
                  70018b92    0000000e     --HOLE-- [fill = 0]
                  70018ba0    00000070                                                      : csl_intaggr.obj (.text.CSL_intaggrClrIntr)
                  70018c10    00000070                                                      : ospi_v0_lld.obj (.text.OSPI_waitIdle)
                  70018c80    00000070                                                      : sciclient_rm.obj (.text.Sciclient_rmGetResourceRange)
                  70018cf0    00000070                                                      : udma_rm.obj (.text.Udma_rmFreeMappedRxCh)
                  70018d60    00000070                                                      : udma_rm.obj (.text.Udma_rmFreeMappedTxCh)
                  70018dd0    0000006e                                                      : bootloader.obj (.text.Bootloader_getX509CertLen)
                  70018e3e    00000002     --HOLE-- [fill = 0]
                  70018e40    0000006e                                                      : bootloader.obj (.text.Bootloader_open)
                  70018eae    00000002     --HOLE-- [fill = 0]
                  70018eb0    0000006e                                                      : bootloader_soc.obj (.text.Bootloader_socCpuPowerOnResetA53)
                  70018f1e    00000002     --HOLE-- [fill = 0]
                  70018f20    0000006e                                                      : bootloader_soc.obj (.text.Bootloader_socGetR5fBtcmAddrAndSize)
                  70018f8e    00000002     --HOLE-- [fill = 0]
                  70018f90    0000006e                                                      : lpddr4_16bit.obj (.text.LPDDR4_EnablePIInitiator)
                  70018ffe    00000002     --HOLE-- [fill = 0]
                  70019000    0000006e                                                      : ospi_v0.obj (.text.OSPI_close)
                  7001906e    00000002     --HOLE-- [fill = 0]
                  70019070    0000006e                                                      : ospi_v0_lld.obj (.text.OSPI_lld_disablePhy)
                  700190de    00000002     --HOLE-- [fill = 0]
                  700190e0    0000006e                                                      : ospi_v0_lld.obj (.text.OSPI_lld_readDirect)
                  7001914e    00000002     --HOLE-- [fill = 0]
                  70019150    0000006e                                                      : sciclient_rm_irq.obj (.text.Sciclient_rmIaVintGetInfo)
                  700191be    00000002     --HOLE-- [fill = 0]
                  700191c0    0000006c                                                      : bootloader_soc.obj (.text.Bootloader_socGetR5fAtcmAddrAndSize)
                  7001922c    00000004     --HOLE-- [fill = 0]
                  70019230    0000006c                                                      : ddr_soc.obj (.text.DDR_socEnableVttRegulator)
                  7001929c    00000004     --HOLE-- [fill = 0]
                  700192a0    0000006c                                                      : ospi_v0_lld.obj (.text.OSPI_waitReadSRAMLevel)
                  7001930c    00000004     --HOLE-- [fill = 0]
                  70019310    0000006c                                                      : udma_ch.obj (.text.UdmaChPrms_init)
                  7001937c    00000004     --HOLE-- [fill = 0]
                  70019380    0000006a     board.am243x.r5f.ti-arm-clang.nortos.debug.lib : flash_nor_ospi.obj (.text.Flash_quirkSpansionUNHYSADisable)
                  700193ea    00000006     --HOLE-- [fill = 0]
                  700193f0    0000006a     drivers.am243x.r5f.ti-arm-clang.nortos.debug.lib : lpddr4.obj (.text.LPDDR4_WriteCtlConfig)
                  7001945a    00000006     --HOLE-- [fill = 0]
                  70019460    0000006a                                                      : lpddr4.obj (.text.LPDDR4_WritePhyConfig)
                  700194ca    00000006     --HOLE-- [fill = 0]
                  700194d0    0000006a                                                      : lpddr4.obj (.text.LPDDR4_WritePhyIndepConfig)
                  7001953a    00000006     --HOLE-- [fill = 0]
                  70019540    0000006a                                                      : ospi_v0.obj (.text.OSPI_readIndirect)
                  700195aa    00000006     --HOLE-- [fill = 0]
                  700195b0    0000006a                                                      : pinmux.obj (.text.Pinmux_lockMMR)
                  7001961a    00000006     --HOLE-- [fill = 0]
                  70019620    0000006a                                                      : udma_rm.obj (.text.Udma_rmCheckResLeak)
                  7001968a    00000006     --HOLE-- [fill = 0]
                  70019690    00000068                                                      : bootloader.obj (.text.Bootloader_loadCpu)
                  700196f8    00000008     --HOLE-- [fill = 0]
                  70019700    00000068                                                      : bootloader_soc.obj (.text.Bootloader_socCpuRelease)
                  70019768    00000008     --HOLE-- [fill = 0]
                  70019770    00000068     board.am243x.r5f.ti-arm-clang.nortos.debug.lib : flash_nor_ospi.obj (.text.Flash_norOspiCmdRead)
                  700197d8    00000008     --HOLE-- [fill = 0]
                  700197e0    00000068     drivers.am243x.r5f.ti-arm-clang.nortos.debug.lib : ospi_v0_lld.obj (.text.OSPI_waitWriteSRAMLevel)
                  70019848    00000008     --HOLE-- [fill = 0]
                  70019850    00000068                                                      : sciclient_rm_irq.obj (.text.Sciclient_rmIrqCfgIsDirectEvent)
                  700198b8    00000008     --HOLE-- [fill = 0]
                  700198c0    00000068                                                      : sciclient_rm_irq.obj (.text.Sciclient_rmIrqCfgIsDirectNonEvent)
                  70019928    00000008     --HOLE-- [fill = 0]
                  70019930    00000068                                                      : sciclient_rm_irq.obj (.text.Sciclient_rmIrqCfgIsEventToVintMappingOnly)
                  70019998    00000008     --HOLE-- [fill = 0]
                  700199a0    00000068                                                      : sciclient_rm_irq.obj (.text.Sciclient_rmIrqCfgIsOesOnly)
                  70019a08    00000008     --HOLE-- [fill = 0]
                  70019a10    00000068                                                      : sciclient_rm_irq.obj (.text.Sciclient_rmIrqCfgIsUnmappedVintDirectEvent)
                  70019a78    00000008     --HOLE-- [fill = 0]
                  70019a80    00000068                                                      : uart_v0_lld.obj (.text.UART_divisorValCompute)
                  70019ae8    00000008     --HOLE-- [fill = 0]
                  70019af0    00000068                                                      : udma_ring_lcdma.obj (.text.Udma_ringPrimeReadLcdma)
                  70019b58    00000008     --HOLE-- [fill = 0]
                  70019b60    00000066                                                      : bootloader_soc.obj (.text.Bootloader_socCpuRequest)
                  70019bc6    0000000a     --HOLE-- [fill = 0]
                  70019bd0    00000066                                                      : bootloader_soc.obj (.text.Bootloader_socInitR5FAtcmBtcm)
                  70019c36    0000000a     --HOLE-- [fill = 0]
                  70019c40    00000066                                                      : csl_lcdma_ringacc.obj (.text.CSL_lcdma_ringaccCommitToForwardRing)
                  70019ca6    0000000a     --HOLE-- [fill = 0]
                  70019cb0    00000066                                                      : uart_dma_udma.obj (.text.CSL_udmapCppi5SetIds)
                  70019d16    0000000a     --HOLE-- [fill = 0]
                  70019d20    00000066                                                      : udma_utils.obj (.text.CSL_udmapCppi5SetIds)
                  70019d86    0000000a     --HOLE-- [fill = 0]
                  70019d90    00000066     board.am243x.r5f.ti-arm-clang.nortos.debug.lib : flash.obj (.text.Flash_open)
                  70019df6    0000000a     --HOLE-- [fill = 0]
                  70019e00    00000066     drivers.am243x.r5f.ti-arm-clang.nortos.debug.lib : sciclient_pm.obj (.text.Sciclient_pmSetModuleRst_flags)
                  70019e66    0000000a     --HOLE-- [fill = 0]
                  70019e70    00000066                                                      : sciclient_procboot.obj (.text.Sciclient_procBootGetProcessorState)
                  70019ed6    0000000a     --HOLE-- [fill = 0]
                  70019ee0    00000064                                                      : sciclient_rm_irq.obj (.text.Sciclient_rmIrGetInst)
                  70019f44    0000000c     --HOLE-- [fill = 0]
                  70019f50    00000064                                                      : uart_v0_lld.obj (.text.UART_fifoRegisterWrite)
                  70019fb4    0000000c     --HOLE-- [fill = 0]
                  70019fc0    00000064                                                      : uart_v0_lld.obj (.text.UART_lld_deInitDma)
                  7001a024    0000000c     --HOLE-- [fill = 0]
                  7001a030    00000064                                                      : udma_rm.obj (.text.Udma_rmFreeEvent)
                  7001a094    0000000c     --HOLE-- [fill = 0]
                  7001a0a0    00000064                                                      : udma_rm.obj (.text.Udma_rmFreeIrIntr)
                  7001a104    0000000c     --HOLE-- [fill = 0]
                  7001a110    00000064                                                      : udma_rm.obj (.text.Udma_rmFreeVintr)
                  7001a174    0000000c     --HOLE-- [fill = 0]
                  7001a180    00000062                                                      : ddr.obj (.text.DDR_probe)
                  7001a1e2    0000000e     --HOLE-- [fill = 0]
                  7001a1f0    00000062                                                      : udma_event.obj (.text.UdmaEventPrms_init)
                  7001a252    0000000e     --HOLE-- [fill = 0]
                  7001a260    00000062                                                      : udma_rm.obj (.text.Udma_rmFreeBlkCopyCh)
                  7001a2c2    0000000e     --HOLE-- [fill = 0]
                  7001a2d0    00000062                                                      : udma_rm.obj (.text.Udma_rmFreeBlkCopyHcCh)
                  7001a332    0000000e     --HOLE-- [fill = 0]
                  7001a340    00000062                                                      : udma_rm.obj (.text.Udma_rmFreeBlkCopyUhcCh)
                  7001a3a2    0000000e     --HOLE-- [fill = 0]
                  7001a3b0    00000062                                                      : udma_rm.obj (.text.Udma_rmFreeRxCh)
                  7001a412    0000000e     --HOLE-- [fill = 0]
                  7001a420    00000062                                                      : udma_rm.obj (.text.Udma_rmFreeRxHcCh)
                  7001a482    0000000e     --HOLE-- [fill = 0]
                  7001a490    00000062                                                      : udma_rm.obj (.text.Udma_rmFreeRxUhcCh)
                  7001a4f2    0000000e     --HOLE-- [fill = 0]
                  7001a500    00000062                                                      : udma_rm.obj (.text.Udma_rmFreeTxCh)
                  7001a562    0000000e     --HOLE-- [fill = 0]
                  7001a570    00000062                                                      : udma_rm.obj (.text.Udma_rmFreeTxHcCh)
                  7001a5d2    0000000e     --HOLE-- [fill = 0]
                  7001a5e0    00000062                                                      : udma_rm.obj (.text.Udma_rmFreeTxUhcCh)
                  7001a642    0000000e     --HOLE-- [fill = 0]
                  7001a650    00000060                                                      : ospi_lld_dma.obj (.text.OSPI_dmaCopy)
                  7001a6b0    00000060                                                      : sciclient_procboot.obj (.text.Sciclient_procBootRequestProcessor)
                  7001a710    00000060                                                      : uart_v0_lld.obj (.text.UART_getChar)
                  7001a770    00000060                                                      : uart_v0_lld.obj (.text.UART_writeData)
                  7001a7d0    00000060                                                      : udma_utils.obj (.text.Udma_phyToVirtFxn)
                  7001a830    00000060                                                      : udma_utils.obj (.text.Udma_virtToPhyFxn)
                  7001a890    0000005e                                                      : lpddr4.obj (.text.LPDDR4_PollAndAckIrq)
                  7001a8ee    00000002     --HOLE-- [fill = 0]
                  7001a8f0    0000005e                                                      : sciclient_pm.obj (.text.Sciclient_pmSetModuleRst)
                  7001a94e    00000002     --HOLE-- [fill = 0]
                  7001a950    0000005e     nortos.am243x.r5f.ti-arm-clang.debug.lib : SemaphoreP_nortos.obj (.text.SemaphoreP_post)
                  7001a9ae    00000002     --HOLE-- [fill = 0]
                  7001a9b0    0000005c     drivers.am243x.r5f.ti-arm-clang.nortos.debug.lib : lpddr4.obj (.text.LPDDR4_CheckPhyIndepInterrupt)
                  7001aa0c    00000004     --HOLE-- [fill = 0]
                  7001aa10    0000005c                                                      : lpddr4.obj (.text.LPDDR4_SanityFunction4)
                  7001aa6c    00000004     --HOLE-- [fill = 0]
                  7001aa70    0000005c                                                      : ospi_v0_lld.obj (.text.OSPI_utilLog2)
                  7001aacc    00000004     --HOLE-- [fill = 0]
                  7001aad0    0000005c                                                      : sciclient_rm_irq.obj (.text.Sciclient_rmIaGetInst)
                  7001ab2c    00000004     --HOLE-- [fill = 0]
                  7001ab30    0000005c                                                      : sciclient_rm_irq.obj (.text.Sciclient_rmPsPush)
                  7001ab8c    00000004     --HOLE-- [fill = 0]
                  7001ab90    0000005c                                                      : sciclient.obj (.text.Sciclient_triggerSecHandover)
                  7001abec    00000004     --HOLE-- [fill = 0]
                  7001abf0    0000005c                                                      : uart_v0_lld.obj (.text.UART_lld_deInit)
                  7001ac4c    00000004     --HOLE-- [fill = 0]
                  7001ac50    0000005c                                                      : uart_v0.obj (.text.UART_lld_writeCompleteCallback)
                  7001acac    00000004     --HOLE-- [fill = 0]
                  7001acb0    0000005a                                                      : sciclient_rm_irq.obj (.text.Sciclient_rmIaValidateGlobalEvt)
                  7001ad0a    00000006     --HOLE-- [fill = 0]
[...]
7002495c  gCoreBootInfo                                                                 
70024c74  gFlashDevCfg_S28HS512T                                                        
70024eec  gRmIrInstances                                                                
70024f4c  gUartParams                                                                   
70024fa4  gUdmaRmSharedResPrms                                                          
70024ffc  gBootloaderConfigNum                                                          
70025038  gFlashAttrs_S28HS512T                                                         
70025070  gPhyTuneWindowParamsFixedOtp1                                                 
700250a4  gPhyTuneWindowParamsFixedOtp2                                                 
700250d8  gSocModulesClockFrequency                                                     
70025108  gBootloaderConfig                                                             
70025134  gOspiUdma0Args                                                                
7002515c  gFlashNorOspiFxns                                                             
70025180  gFlashToSpiProtocolMap                                                        
700251e4  gRmIaInstances                                                                
70025204  gDebugLogZone                                                                 
70025208  gSciclientSecProxyCfg                                                         
70025228  gSocModules                                                                   
70025244  gBootloaderFlashFxns                                                          
7002525c  gBootloaderMemFxns                                                            
70025274  gClockConfig                                                                  
7002528c  gFlashConfig                                                                  
700252bc  gResMemSection                                                                
700252e4  gBootloader0Args                                                              
700252f4  gOspiDmaUdmaFxns                                                              
70025314  gAddrTranslateConfig                                                          
70025320  gOspiDmaConfig                                                                
7002532c  gFlashParams                                                                  
70025334  gMemBootloaderArgs                                                            
7002533c  gOspiConfig                                                                   
70025354  gUartConfig                                                                   
7002535c  gDebugP_uartDrvIndex                                                          
70025368  gFlashConfigNum                                                               
7002536c  gHwiConfig                                                                    
70025370  gOspiConfigNum                                                                
70025374  gOspiDmaConfigNum                                                             
70025378  gOspiParams                                                                   
7002537c  gPhyTuneWindowParams                                                          
70025380  gUartConfigNum                                                                
70025384  gUartDmaChConfig                                                              
70025388  operatingMode                                                                 
70025390  gUdmaRmDefBoardCfg_Pktdma                                                     
70025534  gSciclientMap                                                                 
7002569c  gUdmaTxMappedChRingAttributes                                                 
700257d4  gUdmaRxMappedChRingAttributes                                                 
70025870  gUdmaRmDefBoardCfg_Bcdma                                                      
700258f4  tisci_if_TIMESYNC_EVENT_INTROUTER0                                            
7002595c  gCacheConfig                                                                  
70025964  gMpuConfig                                                                    
70025970  gMpuRegionConfig                                                              
70025a24  gRmIrqTree                                                                    
70025a7c  gCacheL1dCacheLineSize                                                        
70025ad0  gSOC_r5fVectors                                                               
70025eec  tisci_if_MAIN_GPIOMUX_INTROUTER0                                              
700260b0  tisci_if_DMASS0_INTAGGR_0                                                     
700264e8  tisci_if_MCU_MCU_GPIOMUX_INTROUTER0                                           
70026618  tisci_if_CPTS0                                                                
700267dc  tisci_if_PRU_ICSSG0                                                           
700267f8  tisci_if_PRU_ICSSG1                                                           
700269cc  tisci_if_CMP_EVENT_INTROUTER0                                                 
70026ae8  tisci_if_PCIE0                                                                
70026c60  tisci_if_CPSW0                                                                
70026db4  CMP_EVENT_INTROUTER0_outp_0_15_to_GICSS0_spi_48_63                            
70026dbc  CMP_EVENT_INTROUTER0_outp_16_23_to_R5FSS0_CORE0_intr_48_55                    
70026dc4  CMP_EVENT_INTROUTER0_outp_16_23_to_R5FSS0_CORE1_intr_48_55                    
70026dcc  CMP_EVENT_INTROUTER0_outp_24_31_to_R5FSS1_CORE0_intr_48_55                    
70026dd4  CMP_EVENT_INTROUTER0_outp_24_31_to_R5FSS1_CORE1_intr_48_55                    
70026ddc  CMP_EVENT_INTROUTER0_outp_32_39_to_DMASS0_INTAGGR_0_intaggr_levi_pend_0_7     
70026de4  CPSW0_cpts_comp_0_0_to_CMP_EVENT_INTROUTER0_in_80_80                          
70026dec  CPSW0_cpts_genf0_1_1_to_TIMESYNC_EVENT_INTROUTER0_in_21_21                    
70026df4  CPSW0_cpts_genf1_2_2_to_TIMESYNC_EVENT_INTROUTER0_in_22_22                    
70026dfc  CPSW0_cpts_sync_3_3_to_TIMESYNC_EVENT_INTROUTER0_in_34_34                     
70026e04  CPTS0_cpts_comp_0_0_to_CMP_EVENT_INTROUTER0_in_82_82                          
70026e0c  CPTS0_cpts_genf0_1_1_to_TIMESYNC_EVENT_INTROUTER0_in_16_16                    
70026e14  CPTS0_cpts_genf1_2_2_to_TIMESYNC_EVENT_INTROUTER0_in_17_17                    
70026e1c  CPTS0_cpts_genf2_3_3_to_TIMESYNC_EVENT_INTROUTER0_in_18_18                    
70026e24  CPTS0_cpts_genf3_4_4_to_TIMESYNC_EVENT_INTROUTER0_in_19_19                    
70026e2c  CPTS0_cpts_genf4_5_5_to_TIMESYNC_EVENT_INTROUTER0_in_20_20                    
70026e34  CPTS0_cpts_genf5_6_6_to_TIMESYNC_EVENT_INTROUTER0_in_24_24                    
70026e3c  CPTS0_cpts_sync_7_7_to_TIMESYNC_EVENT_INTROUTER0_in_35_35                     
70026e44  DMASS0_INTAGGR_0_intaggr_vintr_pend_0_39_to_GICSS0_spi_64_103                 
70026e4c  DMASS0_INTAGGR_0_intaggr_vintr_pend_120_127_to_R5FSS1_CORE0_intr_8_15         
70026e54  DMASS0_INTAGGR_0_intaggr_vintr_pend_128_135_to_R5FSS1_CORE1_intr_8_15         
70026e5c  DMASS0_INTAGGR_0_intaggr_vintr_pend_152_159_to_PRU_ICSSG0_pr1_slv_intr_16_23  
70026e64  DMASS0_INTAGGR_0_intaggr_vintr_pend_160_167_to_PRU_ICSSG1_pr1_slv_intr_16_23  
70026e6c  DMASS0_INTAGGR_0_intaggr_vintr_pend_168_183_to_MCU_M4FSS0_CORE0_nvic_32_47    
70026e74  DMASS0_INTAGGR_0_intaggr_vintr_pend_40_71_to_R5FSS0_CORE0_intr_64_95          
70026e7c  DMASS0_INTAGGR_0_intaggr_vintr_pend_40_71_to_R5FSS0_CORE1_intr_64_95          
70026e84  DMASS0_INTAGGR_0_intaggr_vintr_pend_72_79_to_R5FSS0_CORE0_intr_8_15           
70026e8c  DMASS0_INTAGGR_0_intaggr_vintr_pend_80_87_to_R5FSS0_CORE1_intr_8_15           
70026e94  DMASS0_INTAGGR_0_intaggr_vintr_pend_88_119_to_R5FSS1_CORE0_intr_64_95         
70026e9c  DMASS0_INTAGGR_0_intaggr_vintr_pend_88_119_to_R5FSS1_CORE1_intr_64_95         
70026ea4  EPWM0_epwm_synco_o_0_0_to_TIMESYNC_EVENT_INTROUTER0_in_39_39                  
70026eac  EPWM3_epwm_synco_o_0_0_to_TIMESYNC_EVENT_INTROUTER0_in_40_40                  
70026eb4  EPWM6_epwm_synco_o_0_0_to_TIMESYNC_EVENT_INTROUTER0_in_41_41                  
70026ebc  GPIO0_gpio_0_89_to_MAIN_GPIOMUX_INTROUTER0_in_0_89                            
70026ec4  GPIO0_gpio_bank_90_98_to_MAIN_GPIOMUX_INTROUTER0_in_190_198                   
70026ecc  GPIO1_gpio_0_89_to_MAIN_GPIOMUX_INTROUTER0_in_90_179                          
70026ed4  GPIO1_gpio_bank_90_98_to_MAIN_GPIOMUX_INTROUTER0_in_180_188                   
70026edc  GPMC0_gpmc_sdmareq_0_0_to_DMASS0_INTAGGR_0_intaggr_levi_pend_29_29            
70026ee4  GTC0_gtc_push_event_0_0_to_TIMESYNC_EVENT_INTROUTER0_in_36_36                 
70026eec  MAIN_GPIOMUX_INTROUTER0_outp_0_15_to_GICSS0_spi_32_47                         
70026ef4  MAIN_GPIOMUX_INTROUTER0_outp_0_15_to_R5FSS0_CORE0_intr_32_47                  
70026efc  MAIN_GPIOMUX_INTROUTER0_outp_0_15_to_R5FSS0_CORE1_intr_32_47                  
70026f04  MAIN_GPIOMUX_INTROUTER0_outp_0_15_to_R5FSS1_CORE0_intr_32_47                  
70026f0c  MAIN_GPIOMUX_INTROUTER0_outp_0_15_to_R5FSS1_CORE1_intr_32_47                  
70026f14  MAIN_GPIOMUX_INTROUTER0_outp_16_17_to_DMASS0_INTAGGR_0_intaggr_levi_pend_24_25
70026f1c  MAIN_GPIOMUX_INTROUTER0_outp_18_23_to_PRU_ICSSG0_pr1_iep0_cap_intr_req_4_9    
70026f24  MAIN_GPIOMUX_INTROUTER0_outp_18_23_to_PRU_ICSSG1_pr1_iep0_cap_intr_req_4_9    
70026f2c  MAIN_GPIOMUX_INTROUTER0_outp_24_29_to_PRU_ICSSG0_pr1_iep1_cap_intr_req_10_15  
70026f34  MAIN_GPIOMUX_INTROUTER0_outp_24_29_to_PRU_ICSSG1_pr1_iep1_cap_intr_req_10_15  
70026f3c  MAIN_GPIOMUX_INTROUTER0_outp_30_37_to_DMASS0_INTAGGR_0_intaggr_levi_pend_16_23
70026f44  MAIN_GPIOMUX_INTROUTER0_outp_38_45_to_PRU_ICSSG0_pr1_slv_intr_46_53           
70026f4c  MAIN_GPIOMUX_INTROUTER0_outp_46_53_to_PRU_ICSSG1_pr1_slv_intr_46_53           
70026f54  MCU_GPIO0_gpio_0_29_to_MCU_MCU_GPIOMUX_INTROUTER0_in_0_29                     
70026f5c  MCU_GPIO0_gpio_bank_30_31_to_MCU_MCU_GPIOMUX_INTROUTER0_in_30_31              
70026f64  MCU_MCU_GPIOMUX_INTROUTER0_outp_0_3_to_GICSS0_spi_104_107                     
70026f6c  MCU_MCU_GPIOMUX_INTROUTER0_outp_0_3_to_R5FSS0_CORE0_intr_104_107              
70026f74  MCU_MCU_GPIOMUX_INTROUTER0_outp_0_3_to_R5FSS0_CORE1_intr_104_107              
70026f7c  MCU_MCU_GPIOMUX_INTROUTER0_outp_0_3_to_R5FSS1_CORE0_intr_104_107              
70026f84  MCU_MCU_GPIOMUX_INTROUTER0_outp_0_3_to_R5FSS1_CORE1_intr_104_107              
70026f8c  MCU_MCU_GPIOMUX_INTROUTER0_outp_4_7_to_MCU_M4FSS0_CORE0_nvic_0_3              
70026f94  MCU_MCU_GPIOMUX_INTROUTER0_outp_8_11_to_MCU_ESM0_esm_pls_event0_88_91         
70026f9c  MCU_MCU_GPIOMUX_INTROUTER0_outp_8_11_to_MCU_ESM0_esm_pls_event1_92_95         
70026fa4  MCU_MCU_GPIOMUX_INTROUTER0_outp_8_11_to_MCU_ESM0_esm_pls_event2_96_99         
70026fac  PCIE0_pcie_cpts_comp_0_0_to_CMP_EVENT_INTROUTER0_in_81_81                     
70026fb4  PCIE0_pcie_cpts_genf0_1_1_to_TIMESYNC_EVENT_INTROUTER0_in_23_23               
70026fbc  PCIE0_pcie_cpts_hw1_push_2_2_to_TIMESYNC_EVENT_INTROUTER0_in_37_37            
70026fc4  PCIE0_pcie_cpts_sync_3_3_to_TIMESYNC_EVENT_INTROUTER0_in_33_33                
70026fcc  PCIE0_pcie_ptm_valid_pulse_4_4_to_TIMESYNC_EVENT_INTROUTER0_in_38_38          
70026fd4  PRU_ICSSG0_pr1_edc0_sync0_out_0_0_to_TIMESYNC_EVENT_INTROUTER0_in_25_25       
70026fdc  PRU_ICSSG0_pr1_edc0_sync1_out_1_1_to_TIMESYNC_EVENT_INTROUTER0_in_26_26       
70026fe4  PRU_ICSSG0_pr1_edc1_sync0_out_2_2_to_TIMESYNC_EVENT_INTROUTER0_in_27_27       
70026fec  PRU_ICSSG0_pr1_edc1_sync1_out_3_3_to_TIMESYNC_EVENT_INTROUTER0_in_28_28       
70026ff4  PRU_ICSSG0_pr1_host_intr_req_4_11_to_CMP_EVENT_INTROUTER0_in_0_7              
70026ffc  PRU_ICSSG0_pr1_iep0_cmp_intr_req_12_27_to_CMP_EVENT_INTROUTER0_in_16_31       
70027004  PRU_ICSSG0_pr1_iep1_cmp_intr_req_28_43_to_CMP_EVENT_INTROUTER0_in_32_47       
7002700c  PRU_ICSSG1_pr1_edc0_sync0_out_0_0_to_TIMESYNC_EVENT_INTROUTER0_in_29_29       
70027014  PRU_ICSSG1_pr1_edc0_sync1_out_1_1_to_TIMESYNC_EVENT_INTROUTER0_in_30_30       
7002701c  PRU_ICSSG1_pr1_edc1_sync0_out_2_2_to_TIMESYNC_EVENT_INTROUTER0_in_31_31       
70027024  PRU_ICSSG1_pr1_edc1_sync1_out_3_3_to_TIMESYNC_EVENT_INTROUTER0_in_32_32       
7002702c  PRU_ICSSG1_pr1_host_intr_req_4_11_to_CMP_EVENT_INTROUTER0_in_8_15             
70027034  PRU_ICSSG1_pr1_iep0_cmp_intr_req_12_27_to_CMP_EVENT_INTROUTER0_in_48_63       
7002703c  PRU_ICSSG1_pr1_iep1_cmp_intr_req_28_43_to_CMP_EVENT_INTROUTER0_in_64_79       
70027044  TIMER0_timer_pwm_0_0_to_TIMESYNC_EVENT_INTROUTER0_in_0_0                      
7002704c  TIMER1_timer_pwm_0_0_to_TIMESYNC_EVENT_INTROUTER0_in_1_1                      
70027054  TIMER2_timer_pwm_0_0_to_TIMESYNC_EVENT_INTROUTER0_in_2_2                      
7002705c  TIMER3_timer_pwm_0_0_to_TIMESYNC_EVENT_INTROUTER0_in_3_3                      
70027064  TIMESYNC_EVENT_INTROUTER0_outl_0_7_to_DMASS0_INTAGGR_0_intaggr_levi_pend_8_15 
7002706c  TIMESYNC_EVENT_INTROUTER0_outl_10_10_to_PRU_ICSSG0_pr1_edc1_latch0_in_2_2     
70027074  TIMESYNC_EVENT_INTROUTER0_outl_11_11_to_PRU_ICSSG0_pr1_edc1_latch1_in_3_3     
7002707c  TIMESYNC_EVENT_INTROUTER0_outl_12_12_to_PRU_ICSSG1_pr1_edc0_latch0_in_0_0     
70027084  TIMESYNC_EVENT_INTROUTER0_outl_13_13_to_PRU_ICSSG1_pr1_edc0_latch1_in_1_1     
7002708c  TIMESYNC_EVENT_INTROUTER0_outl_14_14_to_PRU_ICSSG1_pr1_edc1_latch0_in_2_2     
70027094  TIMESYNC_EVENT_INTROUTER0_outl_15_15_to_PRU_ICSSG1_pr1_edc1_latch1_in_3_3     
7002709c  TIMESYNC_EVENT_INTROUTER0_outl_16_16_to_CPTS0_cpts_hw1_push_0_0               
700270a4  TIMESYNC_EVENT_INTROUTER0_outl_17_17_to_CPTS0_cpts_hw2_push_1_1               
700270ac  TIMESYNC_EVENT_INTROUTER0_outl_18_18_to_CPTS0_cpts_hw3_push_2_2               
700270b4  TIMESYNC_EVENT_INTROUTER0_outl_19_19_to_CPTS0_cpts_hw4_push_3_3               
700270bc  TIMESYNC_EVENT_INTROUTER0_outl_20_20_to_CPTS0_cpts_hw5_push_4_4               
700270c4  TIMESYNC_EVENT_INTROUTER0_outl_21_21_to_CPTS0_cpts_hw6_push_5_5               
700270cc  TIMESYNC_EVENT_INTROUTER0_outl_22_22_to_CPTS0_cpts_hw7_push_6_6               
700270d4  TIMESYNC_EVENT_INTROUTER0_outl_23_23_to_CPTS0_cpts_hw8_push_7_7               
700270dc  TIMESYNC_EVENT_INTROUTER0_outl_29_29_to_PCIE0_pcie_cpts_hw2_push_0_0          
700270e4  TIMESYNC_EVENT_INTROUTER0_outl_30_30_to_CPSW0_cpts_hw1_push_0_0               
700270ec  TIMESYNC_EVENT_INTROUTER0_outl_31_31_to_CPSW0_cpts_hw2_push_1_1               
700270f4  TIMESYNC_EVENT_INTROUTER0_outl_32_32_to_CPSW0_cpts_hw3_push_2_2               
700270fc  TIMESYNC_EVENT_INTROUTER0_outl_33_33_to_CPSW0_cpts_hw4_push_3_3               
70027104  TIMESYNC_EVENT_INTROUTER0_outl_34_34_to_CPSW0_cpts_hw5_push_4_4               
7002710c  TIMESYNC_EVENT_INTROUTER0_outl_35_35_to_CPSW0_cpts_hw6_push_5_5               
70027114  TIMESYNC_EVENT_INTROUTER0_outl_36_36_to_CPSW0_cpts_hw7_push_6_6               
7002711c  TIMESYNC_EVENT_INTROUTER0_outl_37_37_to_CPSW0_cpts_hw8_push_7_7               
70027124  TIMESYNC_EVENT_INTROUTER0_outl_8_8_to_PRU_ICSSG0_pr1_edc0_latch0_in_0_0       
7002712c  TIMESYNC_EVENT_INTROUTER0_outl_9_9_to_PRU_ICSSG0_pr1_edc0_latch1_in_1_1       
70027154  tisci_if_GPIO0                                                                
7002715c  tisci_if_GPIO1                                                                
70027164  tisci_if_MCU_GPIO0                                                            
70027274  gCacheL1pCacheLineSize                                                        
70027278  gRmIrqTreeCount                                                               
70027284  tisci_if_EPWM0                                                                
70027288  tisci_if_EPWM3                                                                
7002728c  tisci_if_EPWM6                                                                
70027290  tisci_if_GPMC0                                                                
70027294  tisci_if_GTC0                                                                 
70027298  tisci_if_TIMER0                                                               
7002729c  tisci_if_TIMER1                                                               
700272a0  tisci_if_TIMER2                                                               
700272a4  tisci_if_TIMER3                                                               
70070000  __stack                                                                       
70070000  __start___llvm_prf_bits                                                       
70070000  __start___llvm_prf_cnts                                                       
70070000  __stop___llvm_prf_bits                                                        
70070000  __stop___llvm_prf_cnts                                                        
70074000  __BSS_START                                                                   
70074000  __STACK_END                                                                   
70074000  gHwiCtrl                                                                      
70074ffc  gProfileObj                                                                   
70075140  gClockCtrl                                                                    
70075178  gFlashHandle                                                                  
7007517c  gOspiHandle                                                                   
70075300  gFlashObject_S28HS512T                                                        
70075324  gUartHandle                                                                   
70075380  __BSS_END                                                                     
70075380  __IRQ_STACK_START                                                             
70076380  __FIQ_STACK_START                                                             
70076380  __IRQ_STACK_END                                                               
70076480  __FIQ_STACK_END                                                               
70076480  __SVC_STACK_START                                                             
70076580  __ABORT_STACK_START                                                           
70076580  __SVC_STACK_END                                                               
70076680  __ABORT_STACK_END                                                             
70076680  __UNDEFINED_STACK_START                                                       
70076780  __UNDEFINED_STACK_END                                                         
82000000  gAppimage                                                                     
ffffffff  __TI_pprof_out_hndl                                                           
ffffffff  __TI_prof_data_size                                                           
ffffffff  __TI_prof_data_start                                                          
ffffffff  __binit__                                                                     
ffffffff  binit                                                                         
UNDEFED   __TI_CINIT_Base                                                               
UNDEFED   __TI_CINIT_Limit                                                              
UNDEFED   __TI_Handler_Table_Base                                                       
UNDEFED   __TI_Handler_Table_Limit                                                      
UNDEFED   _system_post_cinit                                                            

[854 symbols]
