******************************************************************************
            TI ARM Clang Linker PC v2.1.3                      
******************************************************************************
>> Linked Tue Jul  4 17:25:16 2023

OUTPUT FILE NAME:   <MSPM0_ADC_SPI_multibyte_multichannel.out>
ENTRY POINT SYMBOL: "_c_int00_noargs"  address: 00000799


MEMORY CONFIGURATION

         name            origin    length      used     unused   attr    fill
----------------------  --------  ---------  --------  --------  ----  --------
  FLASH                 00000000   0000fff8  00000978  0000f680  R  X
  SRAM                  20000000   00001000  0000010c  00000ef4  RW X
  BCR_CONFIG            41c00000   00000080  00000000  00000080  R   
  BSL_CONFIG            41c00100   00000080  00000000  00000080  R   


SEGMENT ALLOCATION MAP

run origin  load origin   length   init length attrs members
----------  ----------- ---------- ----------- ----- -------
00000000    00000000    00000978   00000978    r-x
  00000000    00000000    000000c0   000000c0    r-- .intvecs
  000000c0    000000c0    00000840   00000840    r-x .text
  00000900    00000900    00000048   00000048    r-- .rodata
  00000948    00000948    00000030   00000030    r-- .cinit
20000000    20000000    0000000c   00000000    rw-
  20000000    20000000    00000006   00000000    rw- .bss
  20000006    20000006    00000006   00000000    rw- .data
20000f00    20000f00    00000100   00000000    rw-
  20000f00    20000f00    00000100   00000000    rw- .stack


SECTION ALLOCATION MAP

 output                                  attributes/
section   page    origin      length       input sections
--------  ----  ----------  ----------   ----------------
.intvecs   0    00000000    000000c0     
                  00000000    000000c0     startup_mspm0l1306_ticlang.o (.intvecs)

.text      0    000000c0    00000840     
                  000000c0    000000b4     spi_peripheral_repeated_multibyte_fifo_dma_interrupts.o (.text.main)
                  00000174    0000009a     libc.a : memcpy16.S.obj (.text:memcpy)
                  0000020e    00000002     startup_mspm0l1306_ticlang.o (.text.Default_Handler)
                  00000210    00000078     ti_msp_dl_config.o (.text.SYSCFG_DL_ADC_init)
                  00000288    00000068     libc.a : copy_decompress_lzss.c.obj (.text:decompress:lzss)
                  000002f0    00000054     driverlib.a : dl_dma.o (.text.DL_DMA_configTransfer)
                  00000344    00000054     ti_msp_dl_config.o (.text.SYSCFG_DL_SPI_0_init)
                  00000398    0000004c     driverlib.a : dl_adc12.o (.text.DL_ADC12_setClockConfig)
                  000003e4    00000048                 : dl_spi.o (.text.DL_SPI_init)
                  0000042c    00000046                 : dl_dma.o (.text.DL_DMA_initChannel)
                  00000472    00000046                 : dl_spi.o (.text.DL_SPI_fillTXFIFO8)
                  000004b8    00000044     spi_peripheral_repeated_multibyte_fifo_dma_interrupts.o (.text.ADC0_IRQHandler)
                  000004fc    00000044     driverlib.a : dl_timer.o (.text.DL_Timer_initTimerMode)
                  00000540    00000040     ti_msp_dl_config.o (.text.SYSCFG_DL_TIMER_ADC_init)
                  00000580    00000040     ti_msp_dl_config.o (.text.SYSCFG_DL_initPower)
                  000005c0    0000003c     driverlib.a : dl_timer.o (.text.DL_Timer_setCaptureCompareCtl)
                  000005fc    0000003c     libc.a : autoinit.c.obj (.text:__TI_auto_init_nobinit_nopinit)
                  00000638    00000038     driverlib.a : dl_dma.o (.text.DL_DMA_setTrigger)
                  00000670    00000034                 : dl_timer.o (.text.DL_Timer_setClockConfig)
                  000006a4    0000002c                 : dl_timer.o (.text.DL_Timer_setCaptureCompareValue)
                  000006d0    00000028                 : dl_adc12.o (.text.DL_Common_updateReg)
                  000006f8    00000028                 : dl_dma.o (.text.DL_Common_updateReg)
                  00000720    00000028                 : dl_spi.o (.text.DL_Common_updateReg)
                  00000748    00000028                 : dl_timer.o (.text.DL_Common_updateReg)
                  00000770    00000028     ti_msp_dl_config.o (.text.SYSCFG_DL_GPIO_init)
                  00000798    00000028     libc.a : boot_cortex_m.c.obj (.text:_c_int00_noargs)
                  000007c0    00000024     driverlib.a : dl_spi.o (.text.DL_SPI_setClockConfig)
                  000007e4    00000024     spi_peripheral_repeated_multibyte_fifo_dma_interrupts.o (.text.SPI0_IRQHandler)
                  00000808    00000024     ti_msp_dl_config.o (.text.SYSCFG_DL_SYSCTL_init)
                  0000082c    00000020     ti_msp_dl_config.o (.text.SYSCFG_DL_init)
                  0000084c    0000001c     driverlib.a : dl_spi.o (.text.DL_SPI_isTXFIFOFull)
                  00000868    00000018                 : dl_timer.o (.text.DL_Timer_setLoadValue)
                  00000880    00000018     ti_msp_dl_config.o (.text.SYSCFG_DL_DMA_CH0_init)
                  00000898    00000016     driverlib.a : dl_spi.o (.text.DL_SPI_transmitData8)
                  000008ae    00000014     libc.a : copy_zero_init.c.obj (.text:decompress:ZI:__TI_zero_init_nomemset)
                  000008c2    00000012            : copy_decompress_none.c.obj (.text:decompress:none)
                  000008d4    00000010     driverlib.a : dl_common.o (.text.DL_Common_delayCycles)
                  000008e4    00000008     ti_msp_dl_config.o (.text.SYSCFG_DL_DMA_init)
                  000008ec    00000008     libclang_rt.builtins.a : aeabi_memcpy.S.obj (.text)
                  000008f4    00000004     startup_mspm0l1306_ticlang.o (.text.Reset_Handler)
                  000008f8    00000004     libc.a : pre_init.c.obj (.text._system_pre_init)
                  000008fc    00000004            : exit.c.obj (.text:abort)

.cinit     0    00000948    00000030     
                  00000948    0000000c     (__TI_handler_table)
                  00000954    00000008     (.cinit..bss.load) [load image, compression = zero_init]
                  0000095c    00000007     (.cinit..data.load) [load image, compression = lzss]
                  00000963    00000001     --HOLE-- [fill = 0]
                  00000964    00000010     (__TI_cinit_table)
                  00000974    00000004     --HOLE-- [fill = 0]

.rodata    0    00000900    00000048     
                  00000900    00000018     ti_msp_dl_config.o (.rodata.gDMA_CH0Config)
                  00000918    00000014     ti_msp_dl_config.o (.rodata.gTIMER_ADCTimerConfig)
                  0000092c    0000000a     ti_msp_dl_config.o (.rodata.gSPI_0_config)
                  00000936    00000002     ti_msp_dl_config.o (.rodata.gSPI_0_clockConfig)
                  00000938    00000008     ti_msp_dl_config.o (.rodata.gADCClockConfig)
                  00000940    00000003     ti_msp_dl_config.o (.rodata.gTIMER_ADCClockConfig)
                  00000943    00000005     --HOLE-- [fill = 0]

.init_array 
*          0    00000000    00000000     UNINITIALIZED

.binit     0    00000000    00000000     

.bss       0    20000000    00000006     UNINITIALIZED
                  20000000    00000004     (.common:gTxPacket)
                  20000004    00000001     (.common:gDMARXDataTransferred)
                  20000005    00000001     (.common:gReceiveReady)

.data      0    20000006    00000006     UNINITIALIZED
                  20000006    00000004     spi_peripheral_repeated_multibyte_fifo_dma_interrupts.o (.data.gADCResult)
                  2000000a    00000002     spi_peripheral_repeated_multibyte_fifo_dma_interrupts.o (.data.gRxPacket)

.stack     0    20000f00    00000100     UNINITIALIZED
                  20000f00    00000004     libc.a : boot_cortex_m.c.obj (.stack)
                  20000f04    000000fc     --HOLE--

__llvm_prf_cnts 
*          0    20000000    00000000     UNINITIALIZED

__llvm_prf_bits 
*          0    20000000    00000000     UNINITIALIZED

MODULE SUMMARY

       Module                                                    code   ro data   rw data
       ------                                                    ----   -------   -------
    .\
       spi_peripheral_repeated_multibyte_fifo_dma_interrupts.o   284    0         12     
    +--+---------------------------------------------------------+------+---------+---------+
       Total:                                                    284    0         12     
                                                                                         
    .\syscfg\
       ti_msp_dl_config.o                                        472    67        0      
    +--+---------------------------------------------------------+------+---------+---------+
       Total:                                                    472    67        0      
                                                                                         
    .\ticlang\
       startup_mspm0l1306_ticlang.o                              6      192       0      
    +--+---------------------------------------------------------+------+---------+---------+
       Total:                                                    6      192       0      
                                                                                         
    C:/ti/mspm0_sdk_1_00_01_03/source/ti/driverlib/lib/ticlang/m0p/mspm0l11xx_l13xx/driverlib.a
       dl_timer.o                                                288    0         0      
       dl_spi.o                                                  268    0         0      
       dl_dma.o                                                  250    0         0      
       dl_adc12.o                                                116    0         0      
       dl_common.o                                               16     0         0      
    +--+---------------------------------------------------------+------+---------+---------+
       Total:                                                    938    0         0      
                                                                                         
    C:\ti\ccs1230\ccs\tools\compiler\ti-cgt-armllvm_2.1.3.LTS\lib\armv6m-ti-none-eabi/c/libc.a
       memcpy16.S.obj                                            154    0         0      
       copy_decompress_lzss.c.obj                                104    0         0      
       autoinit.c.obj                                            60     0         0      
       boot_cortex_m.c.obj                                       40     0         0      
       copy_zero_init.c.obj                                      20     0         0      
       copy_decompress_none.c.obj                                18     0         0      
       exit.c.obj                                                4      0         0      
       pre_init.c.obj                                            4      0         0      
    +--+---------------------------------------------------------+------+---------+---------+
       Total:                                                    404    0         0      
                                                                                         
    C:\ti\ccs1230\ccs\tools\compiler\ti-cgt-armllvm_2.1.3.LTS\lib\clang/14.0.6/lib/armv6m-ti-none-eabi/libclang_rt.builtins.a
       aeabi_memcpy.S.obj                                        8      0         0      
    +--+---------------------------------------------------------+------+---------+---------+
       Total:                                                    8      0         0      
                                                                                         
       Stack:                                                    0      0         256    
       Linker Generated:                                         0      43        0      
    +--+---------------------------------------------------------+------+---------+---------+
       Grand Total:                                              2112   302       268    


LINKER GENERATED COPY TABLES

__TI_cinit_table @ 00000964 records: 2, size/record: 8, table size: 16
	.bss: load addr=00000954, load size=00000008 bytes, run addr=20000000, run size=00000006 bytes, compression=zero_init
	.data: load addr=0000095c, load size=00000007 bytes, run addr=20000006, run size=00000006 bytes, compression=lzss


LINKER GENERATED HANDLER TABLE

__TI_handler_table @ 00000948 records: 3, size/record: 4, table size: 12
	index: 0, handler: __TI_decompress_lzss
	index: 1, handler: __TI_decompress_none
	index: 2, handler: __TI_zero_init


GLOBAL SYMBOLS: SORTED ALPHABETICALLY BY Name 

address   name                           
-------   ----                           
000004b9  ADC0_IRQHandler                
000008fc  C$$EXIT                        
00000399  DL_ADC12_setClockConfig        
000008d5  DL_Common_delayCycles          
0000042d  DL_DMA_initChannel             
00000473  DL_SPI_fillTXFIFO8             
000003e5  DL_SPI_init                    
000007c1  DL_SPI_setClockConfig          
000004fd  DL_Timer_initTimerMode         
000005c1  DL_Timer_setCaptureCompareCtl  
000006a5  DL_Timer_setCaptureCompareValue
00000671  DL_Timer_setClockConfig        
0000020f  DMA_IRQHandler                 
0000020f  Default_Handler                
0000020f  GROUP0_IRQHandler              
0000020f  GROUP1_IRQHandler              
0000020f  HardFault_Handler              
0000020f  I2C0_IRQHandler                
0000020f  I2C1_IRQHandler                
0000020f  NMI_Handler                    
0000020f  PendSV_Handler                 
000008f5  Reset_Handler                  
000007e5  SPI0_IRQHandler                
0000020f  SVC_Handler                    
00000211  SYSCFG_DL_ADC_init             
00000881  SYSCFG_DL_DMA_CH0_init         
000008e5  SYSCFG_DL_DMA_init             
00000771  SYSCFG_DL_GPIO_init            
00000345  SYSCFG_DL_SPI_0_init           
00000809  SYSCFG_DL_SYSCTL_init          
00000541  SYSCFG_DL_TIMER_ADC_init       
0000082d  SYSCFG_DL_init                 
00000581  SYSCFG_DL_initPower            
0000020f  SysTick_Handler                
0000020f  TIMG0_IRQHandler               
0000020f  TIMG1_IRQHandler               
0000020f  TIMG2_IRQHandler               
0000020f  TIMG4_IRQHandler               
0000020f  UART0_IRQHandler               
0000020f  UART1_IRQHandler               
20001000  __STACK_END                    
00000100  __STACK_SIZE                   
00000964  __TI_CINIT_Base                
00000974  __TI_CINIT_Limit               
00000974  __TI_CINIT_Warm                
00000948  __TI_Handler_Table_Base        
00000954  __TI_Handler_Table_Limit       
000005fd  __TI_auto_init_nobinit_nopinit 
00000289  __TI_decompress_lzss           
000008c3  __TI_decompress_none           
ffffffff  __TI_pprof_out_hndl            
ffffffff  __TI_prof_data_size            
ffffffff  __TI_prof_data_start           
00000000  __TI_static_base__             
000008af  __TI_zero_init_nomemset        
000008ed  __aeabi_memcpy                 
000008ed  __aeabi_memcpy4                
000008ed  __aeabi_memcpy8                
ffffffff  __binit__                      
UNDEFED   __mpu_init                     
20000f00  __stack                        
20000000  __start___llvm_prf_bits        
20000000  __start___llvm_prf_cnts        
20000000  __stop___llvm_prf_bits         
20000000  __stop___llvm_prf_cnts         
00000799  _c_int00_noargs                
UNDEFED   _system_post_cinit             
000008f9  _system_pre_init               
000008fd  abort                          
ffffffff  binit                          
20000006  gADCResult                     
20000004  gDMARXDataTransferred          
20000005  gReceiveReady                  
2000000a  gRxPacket                      
20000000  gTxPacket                      
00000000  interruptVectors               
000000c1  main                           
00000175  memcpy                         


GLOBAL SYMBOLS: SORTED BY Symbol Address 

address   name                           
-------   ----                           
00000000  __TI_static_base__             
00000000  interruptVectors               
000000c1  main                           
00000100  __STACK_SIZE                   
00000175  memcpy                         
0000020f  DMA_IRQHandler                 
0000020f  Default_Handler                
0000020f  GROUP0_IRQHandler              
0000020f  GROUP1_IRQHandler              
0000020f  HardFault_Handler              
0000020f  I2C0_IRQHandler                
0000020f  I2C1_IRQHandler                
0000020f  NMI_Handler                    
0000020f  PendSV_Handler                 
0000020f  SVC_Handler                    
0000020f  SysTick_Handler                
0000020f  TIMG0_IRQHandler               
0000020f  TIMG1_IRQHandler               
0000020f  TIMG2_IRQHandler               
0000020f  TIMG4_IRQHandler               
0000020f  UART0_IRQHandler               
0000020f  UART1_IRQHandler               
00000211  SYSCFG_DL_ADC_init             
00000289  __TI_decompress_lzss           
00000345  SYSCFG_DL_SPI_0_init           
00000399  DL_ADC12_setClockConfig        
000003e5  DL_SPI_init                    
0000042d  DL_DMA_initChannel             
00000473  DL_SPI_fillTXFIFO8             
000004b9  ADC0_IRQHandler                
000004fd  DL_Timer_initTimerMode         
00000541  SYSCFG_DL_TIMER_ADC_init       
00000581  SYSCFG_DL_initPower            
000005c1  DL_Timer_setCaptureCompareCtl  
000005fd  __TI_auto_init_nobinit_nopinit 
00000671  DL_Timer_setClockConfig        
000006a5  DL_Timer_setCaptureCompareValue
00000771  SYSCFG_DL_GPIO_init            
00000799  _c_int00_noargs                
000007c1  DL_SPI_setClockConfig          
000007e5  SPI0_IRQHandler                
00000809  SYSCFG_DL_SYSCTL_init          
0000082d  SYSCFG_DL_init                 
00000881  SYSCFG_DL_DMA_CH0_init         
000008af  __TI_zero_init_nomemset        
000008c3  __TI_decompress_none           
000008d5  DL_Common_delayCycles          
000008e5  SYSCFG_DL_DMA_init             
000008ed  __aeabi_memcpy                 
000008ed  __aeabi_memcpy4                
000008ed  __aeabi_memcpy8                
000008f5  Reset_Handler                  
000008f9  _system_pre_init               
000008fc  C$$EXIT                        
000008fd  abort                          
00000948  __TI_Handler_Table_Base        
00000954  __TI_Handler_Table_Limit       
00000964  __TI_CINIT_Base                
00000974  __TI_CINIT_Limit               
00000974  __TI_CINIT_Warm                
20000000  __start___llvm_prf_bits        
20000000  __start___llvm_prf_cnts        
20000000  __stop___llvm_prf_bits         
20000000  __stop___llvm_prf_cnts         
20000000  gTxPacket                      
20000004  gDMARXDataTransferred          
20000005  gReceiveReady                  
20000006  gADCResult                     
2000000a  gRxPacket                      
20000f00  __stack                        
20001000  __STACK_END                    
ffffffff  __TI_pprof_out_hndl            
ffffffff  __TI_prof_data_size            
ffffffff  __TI_prof_data_start           
ffffffff  __binit__                      
ffffffff  binit                          
UNDEFED   __mpu_init                     
UNDEFED   _system_post_cinit             

[78 symbols]
