******************************************************************************
            TI ARM Clang Linker PC v2.1.2                      
******************************************************************************
>> Linked Wed Jul 26 10:58:51 2023

OUTPUT FILE NAME:   <MCSPI_AM62x_singlebyte_multichannel.out>
ENTRY POINT SYMBOL: "_c_int00"  address: 0000b9a9


MEMORY CONFIGURATION

         name            origin    length      used     unused   attr    fill
----------------------  --------  ---------  --------  --------  ----  --------
  M4F_VECS              00000000   00000200  00000140  000000c0  RWIX
  M4F_IRAM              00000200   0002fe00  000196e0  00016720  RWIX
  M4F_DRAM              00030000   00010000  00008950  000076b0  RWIX


SEGMENT ALLOCATION MAP

run origin  load origin   length   init length attrs members
----------  ----------- ---------- ----------- ----- -------
00000000    00000000    00000140   00000140    rw-
  00000000    00000000    00000140   00000140    rw- .vectors
00000200    00000200    0000d6e0   0000d6e0    r-x
  00000200    00000200    0000d6e0   0000d6e0    r-x .text
0000d8e0    0000d8e0    0000c000   00000000    rw-
  0000d8e0    0000d8e0    00008000   00000000    rw- .sysmem
  000158e0    000158e0    00004000   00000000    rw- .stack
00030000    00030000    00006720   00000000    rw-
  00030000    00030000    00006720   00000000    rw- .bss
00036720    00036720    00001c90   00001c90    r--
  00036720    00036720    00001c90   00001c90    r-- .rodata
000383b0    000383b0    000005a0   000005a0    rw-
  000383b0    000383b0    000005a0   000005a0    rw- .data


SECTION ALLOCATION MAP

 output                                  attributes/
section   page    origin      length       input sections
--------  ----  ----------  ----------   ----------------
.vectors   0    00000000    00000140     
                  00000000    00000140     freertos.am62x.m4f.ti-arm-clang.debug.lib : HwiP_armv7m_handlers_freertos.obj (.vectors)

.text      0    00000200    0000d6e0     
                  00000200    00000a30     freertos.am62x.m4f.ti-arm-clang.debug.lib : printf.obj (.text._vsnprintf)
                  00000c30    00000640                                               : printf.obj (.text._etoa)
                  00001270    00000580                                               : printf.obj (.text._ftoa)
                  000017f0    000004a8                                               : HwiP_armv7m.obj (.text.hwi)
                  00001c98    00000384     drivers.am62x.m4f.ti-arm-clang.debug.lib : mcspi_v0.obj (.text.MCSPI_transfer)
                  0000201c    000002da                                              : sciclient.obj (.text.Sciclient_service)
                  000022f6    000002c8     mcspi_loopback.o (.text.mcspi_loopback_main)
                  000025be    0000028c     drivers.am62x.m4f.ti-arm-clang.debug.lib : uart_v0.obj (.text.UART_open)
                  0000284a    00000272     freertos.am62x.m4f.ti-arm-clang.debug.lib : queue.obj (.text.xQueueSemaphoreTake)
                  00002abc    0000026a     drivers.am62x.m4f.ti-arm-clang.debug.lib : mcspi_v0.obj (.text.MCSPI_open)
                  00002d26    0000026a     freertos.am62x.m4f.ti-arm-clang.debug.lib : queue.obj (.text.xQueueGenericSend)
                  00002f90    00000242     drivers.am62x.m4f.ti-arm-clang.debug.lib : uart_v0.obj (.text.UART_fifoConfig)
                  000031d2    0000023c     freertos.am62x.m4f.ti-arm-clang.debug.lib : printf.obj (.text._ntoa_format)
                  0000340e    0000023a                                               : MpuP_armv7m.obj (.text.mpu)
                  00003648    00000232     drivers.am62x.m4f.ti-arm-clang.debug.lib : uart_v0.obj (.text.UART_masterIsr)
                  0000387a    0000022e                                              : mcspi_v0.obj (.text.MCSPI_setChConfig)
                  00003aa8    0000020a     freertos.am62x.m4f.ti-arm-clang.debug.lib : queue.obj (.text.xQueueReceive)
                  00003cb2    000001fa     drivers.am62x.m4f.ti-arm-clang.debug.lib : mcspi_v0.obj (.text.MCSPI_transferMasterPoll)
                  00003eac    000001f4                                              : uart_v0.obj (.text.UART_write)
                  000040a0    000001e2                                              : soc.obj (.text.SOC_moduleSetClockFrequency)
                  00004282    00000002     ti_board_config.o (.text.Board_init)
                  00004284    000001c2     freertos.am62x.m4f.ti-arm-clang.debug.lib : timers.obj (.text.prvProcessReceivedCommands)
                  00004446    000001ba                                               : ClockP_freertos_m4.obj (.text.ClockP_init)
                  00004600    000001ba     drivers.am62x.m4f.ti-arm-clang.debug.lib : mcspi_v0.obj (.text.MCSPI_continueTxRx)
                  000047ba    00000002     libclang_rt.builtins.a : aeabi_div0.c.obj (.text.__aeabi_ldiv0)
                  000047bc    000001b6                            : adddf3.S.obj (.text)
                  00004972    000001b0     drivers.am62x.m4f.ti-arm-clang.debug.lib : uart_v0.obj (.text.UART_close)
                  00004b22    000001a8     freertos.am62x.m4f.ti-arm-clang.debug.lib : queue.obj (.text.xQueueGenericSendFromISR)
                  00004cca    000001a2                                               : tasks.obj (.text.xTaskIncrementTick)
                  00004e6c    00000186                                               : SysTickTimerP.obj (.text.SysTickTimerP_setup)
                  00004ff2    00000186                                               : tasks.obj (.text.vTaskSwitchContext)
                  00005178    00000186                                               : tasks.obj (.text.xTaskResumeAll)
                  000052fe    00000184                                               : queue.obj (.text.xQueueGiveFromISR)
                  00005482    0000017e     drivers.am62x.m4f.ti-arm-clang.debug.lib : mcspi_v0.obj (.text.MCSPI_continueSlaveTxRx)
                  00005600    0000017c                                              : mcspi_v0.obj (.text.MCSPI_slaveIsr)
                  0000577c    00000178                                              : uart_v0.obj (.text.UART_configInstance)
                  000058f4    0000016a     freertos.am62x.m4f.ti-arm-clang.debug.lib : queue.obj (.text.xQueueGenericCreateStatic)
                  00005a5e    00000160                                               : tasks.obj (.text.vTaskPriorityDisinheritAfterTimeout)
                  00005bbe    00000156                                               : queue.obj (.text.xQueueReceiveFromISR)
                  00005d14    00000154                                               : tasks.obj (.text.vTaskDelete)
                  00005e68    00000150     drivers.am62x.m4f.ti-arm-clang.debug.lib : uart_v0.obj (.text.UART_procLineStatusErr)
                  00005fb8    0000014c                                              : mcspi_v0.obj (.text.MCSPI_masterIsr)
                  00006104    0000014a                                              : mcspi_v0.obj (.text.MCSPI_setFifoConfig)
                  0000624e    00000148     freertos.am62x.m4f.ti-arm-clang.debug.lib : tasks.obj (.text.prvInitialiseNewTask)
                  00006396    00000142     drivers.am62x.m4f.ti-arm-clang.debug.lib : sciclient.obj (.text.Sciclient_sendMessage)
                  000064d8    00000138     freertos.am62x.m4f.ti-arm-clang.debug.lib : printf.obj (.text._ntoa_long_long)
                  00006610    00000136     libclang_rt.builtins.a : divdf3.S.obj (.text)
                  00006746    0000012e     drivers.am62x.m4f.ti-arm-clang.debug.lib : sciclient.obj (.text.Sciclient_recvMessage)
                  00006874    0000012c                                              : mcspi_v0.obj (.text.MCSPI_close)
                  000069a0    00000126                                              : sciclient_pm.obj (.text.Sciclient_pmQueryModuleClkFreq)
                  00006ac6    00000002     libc.a : _lock.c.obj (.text._nop)
                  00006ac8    00000120            : memory.c.obj (.text.aligned_alloc)
                  00006be8    0000011e     freertos.am62x.m4f.ti-arm-clang.debug.lib : tasks.obj (.text.eTaskGetState)
                  00006d06    0000011e                                               : tasks.obj (.text.xTaskPriorityDisinherit)
                  00006e24    0000011a                                               : tasks.obj (.text.xTaskPriorityInherit)
                  00006f3e    00000116     drivers.am62x.m4f.ti-arm-clang.debug.lib : uart_v0.obj (.text.UART_divisorLatchWrite)
                  00007054    00000116     freertos.am62x.m4f.ti-arm-clang.debug.lib : tasks.obj (.text.prvAddNewTaskToReadyList)
                  0000716a    00000114                                               : printf.obj (.text._ntoa_long)
                  0000727e    00000110     ti_drivers_open_close.o (.text.Drivers_mcspiOpen)
                  0000738e    0000010c     drivers.am62x.m4f.ti-arm-clang.debug.lib : sciclient_pm.obj (.text.Sciclient_pmSetModuleClkFreq)
                  0000749a    0000010a     freertos.am62x.m4f.ti-arm-clang.debug.lib : tasks.obj (.text.xTaskCreateStatic)
                  000075a4    00000102                                               : tasks.obj (.text.vTaskStartScheduler)
                  000076a6    00000100                                               : TaskP_freertos.obj (.text.TaskP_loadUpdateAll)
                  000077a6    000000fc     drivers.am62x.m4f.ti-arm-clang.debug.lib : mcspi_v0.obj (.text.MCSPI_setSlaveFifoConfig)
                  000078a2    00000002     freertos.am62x.m4f.ti-arm-clang.debug.lib : port.obj (.text.vPortConfigTimerForRunTimeStats)
                  000078a4    000000fc     libclang_rt.builtins.a : muldf3.S.obj (.text)
                  000079a0    000000f8     libc.a : memory.c.obj (.text.free)
                  00007a98    000000f6     drivers.am62x.m4f.ti-arm-clang.debug.lib : mcspi_v0.obj (.text.MCSPI_initiateLastChunkTransfer)
                  00007b8e    000000f4     freertos.am62x.m4f.ti-arm-clang.debug.lib : tasks.obj (.text.prvAddCurrentTaskToDelayedList)
                  00007c82    000000f2     drivers.am62x.m4f.ti-arm-clang.debug.lib : mcspi_v0.obj (.text.MCSPI_configInstance)
                  00007d74    000000ee                                              : mcspi_v0.obj (.text.MCSPI_stop)
                  00007e62    000000ee     freertos.am62x.m4f.ti-arm-clang.debug.lib : tasks.obj (.text.xTaskCheckForTimeOut)
                  00007f50    000000e8                                               : AddrTranslateP.obj (.text.AddrTranslateP_getLocalAddr)
                  00008038    000000e2                                               : HwiP_armv7m_handlers_freertos.obj (.text.hwi)
                  0000811a    000000e2                                               : timers.obj (.text.prvSwitchTimerLists)
                  000081fc    000000e2                                               : tasks.obj (.text.vTaskGetInfo)
                  000082de    000000de     drivers.am62x.m4f.ti-arm-clang.debug.lib : sciclient.obj (.text.Sciclient_waitForMessage)
                  000083bc    000000de                                              : uart_v0.obj (.text.UART_intrEnable)
                  0000849a    000000dc                                              : mcspi_v0.obj (.text.MCSPI_setClkConfig)
                  00008576    000000da                                              : uart_v0.obj (.text.UART_intrDisable)
                  00008650    000000d8     libc.a : setvbuf.c.obj (.text.setvbuf)
                  00008728    000000d4     drivers.am62x.m4f.ti-arm-clang.debug.lib : pinmux.obj (.text.Pinmux_unlockMMR)
                  000087fc    000000d0     freertos.am62x.m4f.ti-arm-clang.debug.lib : tasks.obj (.text.xTaskRemoveFromEventList)
                  000088cc    000000cc     drivers.am62x.m4f.ti-arm-clang.debug.lib : uart_v0.obj (.text.UART_flushTxFifo)
                  00008998    000000cc     freertos.am62x.m4f.ti-arm-clang.debug.lib : queue.obj (.text.prvCopyDataToQueue)
                  00008a64    000000ca     drivers.am62x.m4f.ti-arm-clang.debug.lib : mcspi_v0.obj (.text.MCSPI_chConfig)
                  00008b2e    000000c8     freertos.am62x.m4f.ti-arm-clang.debug.lib : queue.obj (.text.xQueueGenericReset)
                  00008bf6    000000c6     drivers.am62x.m4f.ti-arm-clang.debug.lib : uart_v0.obj (.text.UART_writePolling)
                  00008cbc    000000c0     freertos.am62x.m4f.ti-arm-clang.debug.lib : printf.obj (.text._out_rev)
                  00008d7c    000000be                                               : timers.obj (.text.xTimerGenericCommand)
                  00008e3a    000000ba     drivers.am62x.m4f.ti-arm-clang.debug.lib : uart_v0.obj (.text.UART_init)
                  00008ef4    000000b8     freertos.am62x.m4f.ti-arm-clang.debug.lib : AddrTranslateP.obj (.text.AddrTranslateP_init)
                  00008fac    000000b4     drivers.am62x.m4f.ti-arm-clang.debug.lib : mcspi_v0.obj (.text.MCSPI_fifoRead)
                  00009060    000000b2                                              : sciclient.obj (.text.Sciclient_getCurrentContext)
                  00009112    00000002     --HOLE-- [fill = 0]
                  00009114    000000b0     libclang_rt.builtins.a : udivmoddi4.S.obj (.text)
                  000091c4    000000ae     freertos.am62x.m4f.ti-arm-clang.debug.lib : queue.obj (.text.prvUnlockQueue)
                  00009272    000000ac                                               : AddrTranslateP.obj (.text.AddrTranslateP_setRegion)
                  0000931e    000000ac     ti_drivers_open_close.o (.text.Drivers_uartOpen)
                  000093ca    000000aa     drivers.am62x.m4f.ti-arm-clang.debug.lib : uart_v0.obj (.text.UART_fifoWrite)
                  00009474    000000a6                                              : sciclient_pm.obj (.text.Sciclient_pmGetModuleClkNumParent)
                  0000951a    000000a2     freertos.am62x.m4f.ti-arm-clang.debug.lib : timers.obj (.text.prvCheckForValidListAndQueue)
                  000095bc    000000a2                                               : timers.obj (.text.xTimerCreateTimerTask)
                  0000965e    0000009e     drivers.am62x.m4f.ti-arm-clang.debug.lib : mcspi_v0.obj (.text.MCSPI_transferMasterIntr)
                  000096fc    0000009c     freertos.am62x.m4f.ti-arm-clang.debug.lib : timers.obj (.text.prvProcessExpiredTimer)
                  00009798    0000009a     drivers.am62x.m4f.ti-arm-clang.debug.lib : sciclient_pm.obj (.text.Sciclient_pmGetModuleClkFreq)
                  00009832    0000009a                                              : sciclient_pm.obj (.text.Sciclient_pmGetModuleClkParent)
                  000098cc    0000009a                                              : sciclient_pm.obj (.text.Sciclient_pmSetModuleClkParent)
                  00009966    0000009a     freertos.am62x.m4f.ti-arm-clang.debug.lib : SemaphoreP_freertos.obj (.text.SemaphoreP_pend)
                  00009a00    0000009a     drivers.am62x.m4f.ti-arm-clang.debug.lib : uart_v0.obj (.text.UART_writeCancelNoCB)
                  00009a9a    0000009a     freertos.am62x.m4f.ti-arm-clang.debug.lib : timers.obj (.text.prvProcessTimerOrBlockTask)
                  00009b34    00000098     drivers.am62x.m4f.ti-arm-clang.debug.lib : mcspi_v0.obj (.text.MCSPI_init)
                  00009bcc    00000098                                              : sciclient_pm.obj (.text.Sciclient_pmModuleGetClkStatus)
                  00009c64    00000098     main.o (.text.main)
                  00009cfc    00000096     drivers.am62x.m4f.ti-arm-clang.debug.lib : sciclient.obj (.text.Sciclient_init)
                  00009d92    00000096                                              : uart_v0.obj (.text.UART_subConfigTCRTLRModeEn)
                  00009e28    00000092                                              : soc.obj (.text.SOC_moduleClockEnable)
                  00009eba    00000092     freertos.am62x.m4f.ti-arm-clang.debug.lib : SemaphoreP_freertos.obj (.text.SemaphoreP_constructBinary)
                  00009f4c    00000092                                               : DebugP_freertos.obj (.text._DebugP_logZone)
                  00009fde    0000008e                                               : tasks.obj (.text.prvInitialiseTaskLists)
                  0000a06c    0000008c     drivers.am62x.m4f.ti-arm-clang.debug.lib : mcspi_v0.obj (.text.MCSPI_fifoWrite)
                  0000a0f8    0000008c                                              : sciclient_pm.obj (.text.Sciclient_pmGetModuleState)
                  0000a184    0000008c                                              : sciclient_pm.obj (.text.Sciclient_pmModuleClkRequest)
                  0000a210    0000008c                                              : sciclient_pm.obj (.text.Sciclient_pmSetModuleState)
                  0000a29c    00000088                                              : mcspi_v0.obj (.text.MCSPI_checkTransaction)
                  0000a324    00000088     libc.a : fputc.c.obj (.text.fputc)
                  0000a3ac    00000086     freertos.am62x.m4f.ti-arm-clang.debug.lib : ClockP_freertos.obj (.text.ClockP_getTimeUsec)
                  0000a432    00000086     drivers.am62x.m4f.ti-arm-clang.debug.lib : uart_v0.obj (.text.UART_tcrTlrBitValRestore)
                  0000a4b8    00000086     freertos.am62x.m4f.ti-arm-clang.debug.lib : timers.obj (.text.prvInsertTimerInActiveList)
                  0000a53e    00000084     drivers.am62x.m4f.ti-arm-clang.debug.lib : uart_dma.obj (.text.UART_dmaDisableChannel)
                  0000a5c2    00000084     freertos.am62x.m4f.ti-arm-clang.debug.lib : port.obj (.text.xPortStartScheduler)
                  0000a646    00000082                                               : tasks.obj (.text.vTaskDelay)
                  0000a6c8    00000080     drivers.am62x.m4f.ti-arm-clang.debug.lib : uart_dma.obj (.text.UART_dmaClose)
                  0000a748    00000080                                              : uart_v0.obj (.text.UART_readData)
                  0000a7c8    0000007e                                              : mcspi_v0.obj (.text.MCSPI_setChDataSize)
                  0000a846    0000007c     freertos.am62x.m4f.ti-arm-clang.debug.lib : queue.obj (.text.xQueueTakeMutexRecursive)
                  0000a8c2    0000007a                                               : SemaphoreP_freertos.obj (.text.SemaphoreP_post)
                  0000a93c    0000007a     drivers.am62x.m4f.ti-arm-clang.debug.lib : uart_v0.obj (.text.UART_Params_init)
                  0000a9b6    0000007a     freertos.am62x.m4f.ti-arm-clang.debug.lib : DebugP_log.obj (.text._DebugP_assert)
                  0000aa30    0000007a                                               : queue.obj (.text.xQueueGiveMutexRecursive)
                  0000aaaa    00000074                                               : ClockP_freertos.obj (.text.ClockP_usleep)
                  0000ab1e    00000002     --HOLE-- [fill = 0]
                  0000ab20    00000074     libc.a : fclose.c.obj (.text.__TI_closefile)
                  0000ab94    00000072     drivers.am62x.m4f.ti-arm-clang.debug.lib : mcspi_v0.obj (.text.MCSPI_transferSlavePoll)
                  0000ac06    00000072     freertos.am62x.m4f.ti-arm-clang.debug.lib : tasks.obj (.text.prvDeleteTCB)
                  0000ac78    00000070     drivers.am62x.m4f.ti-arm-clang.debug.lib : pinmux.obj (.text.Pinmux_config)
                  0000ace8    00000070     freertos.am62x.m4f.ti-arm-clang.debug.lib : SemaphoreP_freertos.obj (.text.SemaphoreP_constructMutex)
                  0000ad58    00000070     drivers.am62x.m4f.ti-arm-clang.debug.lib : uart_dma.obj (.text.UART_dmaOpen)
                  0000adc8    0000006e     libclang_rt.builtins.a : comparedf2.c.obj (.text.__gedf2)
                  0000ae36    00000002     --HOLE-- [fill = 0]
                  0000ae38    0000006e                            : comparedf2.c.obj (.text.__ledf2)
                  0000aea6    0000006c     drivers.am62x.m4f.ti-arm-clang.debug.lib : mcspi_dma.obj (.text.MCSPI_dmaOpen)
                  0000af12    00000002     --HOLE-- [fill = 0]
                  0000af14    0000006c     libc.a : memory.c.obj (.text.split)
                  0000af80    0000006c     freertos.am62x.m4f.ti-arm-clang.debug.lib : port.obj (.text.vPortEnterCritical)
                  0000afec    0000006a                                               : list.obj (.text.vListInsert)
                  0000b056    00000002     --HOLE-- [fill = 0]
                  0000b058    00000068     drivers.am62x.m4f.ti-arm-clang.debug.lib : uart_v0.obj (.text.UART_divisorValCompute)
                  0000b0c0    00000068     libc.a : fseek.c.obj (.text.fseeko)
                  0000b128    00000068            : getdevice.c.obj (.text.getdevice)
                  0000b190    00000064     libsysbm.a : hostrename.c.obj (.text.HOSTrename)
                  0000b1f4    00000064     freertos.am62x.m4f.ti-arm-clang.debug.lib : TaskP_freertos.obj (.text.vApplicationLoadHook)
                  0000b258    00000064                                               : queue.obj (.text.vQueueWaitForMessageRestricted)
                  0000b2bc    00000004     libc.a : fseek.c.obj (.text.fseek)
                  0000b2c0    00000064     freertos.am62x.m4f.ti-arm-clang.debug.lib : port.obj (.text.xPortPendSVHandler)
                  0000b324    00000062     libclang_rt.builtins.a : aeabi_dcmp.S.obj (.text)
                  0000b386    00000060     drivers.am62x.m4f.ti-arm-clang.debug.lib : uart_v0.obj (.text.UART_getChar)
                  0000b3e6    00000060     libc.a : _io_perm.c.obj (.text.__TI_wrt_ok)
                  0000b446    00000002     --HOLE-- [fill = 0]
                  0000b448    00000060     libsysbm.a : close.c.obj (.text.close)
                  0000b4a8    00000060     freertos.am62x.m4f.ti-arm-clang.debug.lib : port.obj (.text.prvTaskExitError)
                  0000b508    00000060                                               : tasks.obj (.text.vTaskPlaceOnEventListRestricted)
                  0000b568    0000005e     drivers.am62x.m4f.ti-arm-clang.debug.lib : sciclient_pm.obj (.text.Sciclient_pmSetModuleRst)
                  0000b5c6    0000005e                                              : uart_v0.obj (.text.UART_writeData)
                  0000b624    0000005e     freertos.am62x.m4f.ti-arm-clang.debug.lib : port.obj (.text.pxPortInitialiseStack)
                  0000b682    0000005c     ti_power_clock_config.o (.text.Module_clockSetFrequency)
                  0000b6de    0000005a     drivers.am62x.m4f.ti-arm-clang.debug.lib : mcspi_dma.obj (.text.MCSPI_dmaTransfer)
                  0000b738    0000005a                                              : uart_v0.obj (.text.UART_regConfigModeEnable)
                  0000b792    0000005a     freertos.am62x.m4f.ti-arm-clang.debug.lib : tasks.obj (.text.prvCheckTasksWaitingTermination)
                  0000b7ec    0000005a                                               : port.obj (.text.vPortExitCritical)
                  0000b846    00000002     --HOLE-- [fill = 0]
                  0000b848    00000058     libsysbm.a : hostlseek.c.obj (.text.HOSTlseek)
                  0000b8a0    00000058                : hostopen.c.obj (.text.HOSTopen)
                  0000b8f8    00000058     drivers.am62x.m4f.ti-arm-clang.debug.lib : mcspi_v0.obj (.text.MCSPI_transferSlaveIntr)
                  0000b950    00000058                                              : sciclient_soc_priv.obj (.text.Sciclient_getContext)
                  0000b9a8    00000056     freertos.am62x.m4f.ti-arm-clang.debug.lib : boot_armv7m.obj (.text:_c_int00)
                  0000b9fe    00000002     --HOLE-- [fill = 0]
                  0000ba00    00000054     libsysbm.a : hostread.c.obj (.text.HOSTread)
                  0000ba54    00000054                : hostwrite.c.obj (.text.HOSTwrite)
                  0000baa8    00000054     drivers.am62x.m4f.ti-arm-clang.debug.lib : uart_dma.obj (.text.UART_writeInterruptDma)
                  0000bafc    00000054     freertos.am62x.m4f.ti-arm-clang.debug.lib : queue.obj (.text.vQueueUnregisterQueue)
                  0000bb50    00000052                                               : queue.obj (.text.vQueueAddToRegistry)
                  0000bba2    00000052                                               : queue.obj (.text.vQueueDelete)
                  0000bbf4    00000050     ti_drivers_open_close.o (.text.Drivers_mcspiClose)
                  0000bc44    00000050     ti_drivers_open_close.o (.text.Drivers_uartClose)
                  0000bc94    00000050     freertos.am62x.m4f.ti-arm-clang.debug.lib : tasks.obj (.text.vTaskPlaceOnEventList)
                  0000bce4    0000004e     drivers.am62x.m4f.ti-arm-clang.debug.lib : mcspi_v0.obj (.text.MCSPI_getFifoTrigLvl)
                  0000bd32    0000004e                                              : uart_v0.obj (.text.UART_getHandle)
                  0000bd80    0000004e     libc.a : fflush.c.obj (.text.__TI_doflush)
                  0000bdce    0000004e     freertos.am62x.m4f.ti-arm-clang.debug.lib : port.obj (.text.vPortTimerTickHandler)
                  0000be1c    0000004c     ti_dpl_config.o (.text.Dpl_init)
                  0000be68    0000004c     drivers.am62x.m4f.ti-arm-clang.debug.lib : mcspi_v0.obj (.text.MCSPI_fifoRead16)
                  0000beb4    0000004c                                              : mcspi_v0.obj (.text.MCSPI_fifoRead32)
                  0000bf00    0000004c                                              : mcspi_v0.obj (.text.MCSPI_fifoRead8)
                  0000bf4c    0000004c                                              : mcspi_v0.obj (.text.MCSPI_fifoWrite16)
                  0000bf98    0000004c                                              : mcspi_v0.obj (.text.MCSPI_fifoWrite32)
                  0000bfe4    0000004c                                              : mcspi_v0.obj (.text.MCSPI_fifoWrite8)
                  0000c030    0000004c     ti_power_clock_config.o (.text.Module_clockEnable)
                  0000c07c    0000004c     drivers.am62x.m4f.ti-arm-clang.debug.lib : uart_v0.obj (.text.UART_fifoRegisterWrite)
                  0000c0c8    0000004a                                              : mcspi_v0.obj (.text.MCSPI_checkChConfig)
                  0000c112    0000004a                                              : uart_v0.obj (.text.UART_getIntrIdentityStatus)
                  0000c15c    0000004a                                              : uart_v0.obj (.text.UART_lineCharConfig)
                  0000c1a6    0000004a     freertos.am62x.m4f.ti-arm-clang.debug.lib : tasks.obj (.text.xTaskGetIdleTaskHandle)
                  0000c1f0    00000048     drivers.am62x.m4f.ti-arm-clang.debug.lib : mcspi_v0.obj (.text.MCSPI_checkOpenParams)
                  0000c238    00000048     freertos.am62x.m4f.ti-arm-clang.debug.lib : queue.obj (.text.prvInitialiseNewQueue)
                  0000c280    00000048                                               : list.obj (.text.uxListRemove)
                  0000c2c8    00000048     libclang_rt.builtins.a : fixdfsi.S.obj (.text)
                  0000c310    00000046     drivers.am62x.m4f.ti-arm-clang.debug.lib : uart_v0.obj (.text.UART_readLineStatus)
                  0000c356    00000002     --HOLE-- [fill = 0]
                  0000c358    00000044     libsysbm.a : hostunlink.c.obj (.text.HOSTunlink)
                  0000c39c    00000044     freertos.am62x.m4f.ti-arm-clang.debug.lib : printf.obj (.text._strnlen_s)
                  0000c3e0    00000044                                               : timers.obj (.text.prvSampleTimeNow)
                  0000c424    00000044     libclang_rt.builtins.a : fixunsdfsi.S.obj (.text)
                  0000c468    00000042     drivers.am62x.m4f.ti-arm-clang.debug.lib : uart_v0.obj (.text.UART_checkOpenParams)
                  0000c4aa    00000042     freertos.am62x.m4f.ti-arm-clang.debug.lib : queue.obj (.text.prvCopyDataFromQueue)
                  0000c4ec    00000040     drivers.am62x.m4f.ti-arm-clang.debug.lib : mcspi_v0.obj (.text.MCSPI_fifoWriteDefault)
                  0000c52c    00000040                                              : mcspi_v0.obj (.text.Spi_mcspiGetRxMask)
                  0000c56c    00000040                                              : mcspi_v0.obj (.text.Spi_mcspiGetTxMask)
                  0000c5ac    00000040     freertos.am62x.m4f.ti-arm-clang.debug.lib : timers.obj (.text.prvGetNextExpireTime)
                  0000c5ec    0000003e                                               : DebugP_uartLogWriter.obj (.text.DebugP_uartLogWriterPutChar)
                  0000c62a    0000003e     drivers.am62x.m4f.ti-arm-clang.debug.lib : sciclient.obj (.text.Sciclient_secProxyWaitThread)
                  0000c668    0000003e                                              : uart_v0.obj (.text.UART_spaceAvail)
                  0000c6a6    00000002     --HOLE-- [fill = 0]
                  0000c6a8    0000003c     libsysbm.a : hostclose.c.obj (.text.HOSTclose)
                  0000c6e4    0000003c     drivers.am62x.m4f.ti-arm-clang.debug.lib : sciclient_soc_priv.obj (.text.Sciclient_getDevId)
                  0000c720    0000003c                                              : uart_v0.obj (.text.UART_enhanFuncEnable)
                  0000c75c    0000003c                                              : uart_v0.obj (.text.UART_resetModule)
                  0000c798    0000003c                                              : uart_v0.obj (.text.UART_writeDataPolling)
                  0000c7d4    0000003c     freertos.am62x.m4f.ti-arm-clang.debug.lib : tasks.obj (.text.prvIdleTask)
                  0000c810    0000003c                                               : tasks.obj (.text.prvResetNextTaskUnblockTime)
                  0000c84c    0000003a                                               : printf.obj (.text._atoi)
                  0000c886    0000003a                                               : list.obj (.text.vListInsertEnd)
                  0000c8c0    00000038     drivers.am62x.m4f.ti-arm-clang.debug.lib : mcspi_v0.obj (.text.CSL_REG32_FINS_RAW)
                  0000c8f8    00000038                                              : mcspi_v0.obj (.text.MCSPI_getDataWidthBitMask)
                  0000c930    00000038                                              : sciclient.obj (.text.Sciclient_secProxyFlush)
                  0000c968    00000038     freertos.am62x.m4f.ti-arm-clang.debug.lib : tasks.obj (.text.xTaskGetSchedulerState)
                  0000c9a0    00000038     libc.a : autoinit.c.obj (.text:__TI_auto_init_nobinit_nopinit)
                  0000c9d8    00000036     mcspi_loopback.o (.text.MCSPI_Transaction_init)
                  0000ca0e    00000036     drivers.am62x.m4f.ti-arm-clang.debug.lib : mcspi_v0.obj (.text.MCSPI_reset)
                  0000ca44    00000036                                              : uart_v0.obj (.text.UART_checkTransaction)
                  0000ca7a    00000036     freertos.am62x.m4f.ti-arm-clang.debug.lib : port.obj (.text.vApplicationStackOverflowHook)
                  0000cab0    00000034     drivers.am62x.m4f.ti-arm-clang.debug.lib : mcspi_v0.obj (.text.MCSPI_fifoReadDiscard)
                  0000cae4    00000034     libc.a : fopen.c.obj (.text.__TI_cleanup)
                  0000cb18    00000034     libsysbm.a : trgmsg.c.obj (.text.__TI_writemsg)
                  0000cb4c    00000034     libc.a : getdevice.c.obj (.text.finddevice)
                  0000cb80    00000032     freertos.am62x.m4f.ti-arm-clang.debug.lib : ClockP_freertos.obj (.text.ClockP_timerTickIsr)
                  0000cbb2    00000032     drivers.am62x.m4f.ti-arm-clang.debug.lib : uart_v0.obj (.text.HW_WR_FIELD32_RAW)
                  0000cbe4    00000032                                              : mcspi_v0.obj (.text.MCSPI_getBufWidthShift)
                  0000cc16    00000032     ti_drivers_config.o (.text.System_init)
                  0000cc48    00000032     drivers.am62x.m4f.ti-arm-clang.debug.lib : uart_v0.obj (.text.UART_hardwareFlowCtrlOptSet)
                  0000cc7a    00000032     freertos.am62x.m4f.ti-arm-clang.debug.lib : queue.obj (.text.xQueueCreateMutexStatic)
                  0000ccac    00000030                                               : SysTickTimerP.obj (.text.SysTickTimerP_Params_init)
                  0000ccdc    00000030     drivers.am62x.m4f.ti-arm-clang.debug.lib : uart_v0.obj (.text.UART_enhanFuncBitValRestore)
                  0000cd0c    00000030                                              : uart_v0.obj (.text.UART_flowCtrlTrigLvlConfig)
                  0000cd3c    00000030     libsysbm.a : trgmsg.c.obj (.text.__TI_readmsg)
                  0000cd6c    00000030     libclang_rt.builtins.a : comparedf2.c.obj (.text.__unorddf2)
                  0000cd9c    00000030     libc.a : exit.c.obj (.text.exit)
                  0000cdcc    00000030     freertos.am62x.m4f.ti-arm-clang.debug.lib : port.obj (.text.prvPortStartFirstTask)
                  0000cdfc    0000002e     drivers.am62x.m4f.ti-arm-clang.debug.lib : sciclient.obj (.text.CSL_secProxyGetMaxMsgSize)
                  0000ce2a    0000002e                                              : mcspi_v0.obj (.text.MCSPI_clearAllIrqStatus)
                  0000ce58    0000002e                                              : sciclient.obj (.text.Sciclient_secProxyReadThread32)
                  0000ce86    0000002e     freertos.am62x.m4f.ti-arm-clang.debug.lib : printf.obj (.text._is_digit)
                  0000ceb4    0000002e                                               : queue.obj (.text.prvIsQueueFull)
                  0000cee2    0000002e                                               : tasks.obj (.text.prvTaskCheckFreeStackSpace)
                  0000cf10    0000002e                                               : list.obj (.text.vListInitialise)
                  0000cf3e    00000002     --HOLE-- [fill = 0]
                  0000cf40    0000002e     libclang_rt.builtins.a : floatsidf.S.obj (.text)
                  0000cf6e    0000002c     freertos.am62x.m4f.ti-arm-clang.debug.lib : DebugP_log.obj (.text.DebugP_logZoneEnable)
                  0000cf9a    0000002c                                               : TaskP_freertos.obj (.text.TaskP_calcCounterDiff)
                  0000cfc6    0000002c     drivers.am62x.m4f.ti-arm-clang.debug.lib : uart_v0.obj (.text.UART_moduleReset)
                  0000cff2    00000002     --HOLE-- [fill = 0]
                  0000cff4    0000002c     libsysbm.a : lseek.c.obj (.text.lseek)
                  0000d020    0000002c     freertos.am62x.m4f.ti-arm-clang.debug.lib : queue.obj (.text.prvInitialiseMutex)
                  0000d04c    0000002c                                               : tasks.obj (.text.pvTaskIncrementMutexHeldCount)
                  0000d078    0000002c     libsysbm.a : unlink.c.obj (.text.unlink)
                  0000d0a4    0000002c     freertos.am62x.m4f.ti-arm-clang.debug.lib : port.obj (.text.vApplicationGetIdleTaskMemory)
                  0000d0d0    0000002c                                               : port.obj (.text.vApplicationGetTimerTaskMemory)
                  0000d0fc    0000002c     libsysbm.a : write.c.obj (.text.write)
                  0000d128    0000002a     drivers.am62x.m4f.ti-arm-clang.debug.lib : mcspi_v0.obj (.text.MCSPI_intrStatusClear)
                  0000d152    0000002a     freertos.am62x.m4f.ti-arm-clang.debug.lib : DebugP_uartLogWriter.obj (.text.UART_Transaction_init)
                  0000d17c    0000002a     drivers.am62x.m4f.ti-arm-clang.debug.lib : uart_v0.obj (.text.UART_intr2Disable)
                  0000d1a6    0000002a                                              : uart_v0.obj (.text.UART_operatingModeSelect)
                  0000d1d0    00000028                                              : sciclient.obj (.text.Sciclient_secProxyVerifyThread)
                  0000d1f8    00000028     libc.a : memory.c.obj (.text.free_list_insert)
                  0000d220    00000028     freertos.am62x.m4f.ti-arm-clang.debug.lib : queue.obj (.text.prvIsQueueEmpty)
                  0000d248    00000028                                               : printf.obj (.text.vprintf_)
                  0000d270    00000026     drivers.am62x.m4f.ti-arm-clang.debug.lib : mcspi_v0.obj (.text.MCSPI_OpenParams_init)
                  0000d296    00000026     freertos.am62x.m4f.ti-arm-clang.debug.lib : queue.obj (.text.prvGetDisinheritPriorityAfterTimeout)
                  0000d2bc    00000024     drivers.am62x.m4f.ti-arm-clang.debug.lib : sciclient.obj (.text.CSL_REG32_FEXT_RAW)
                  0000d2e0    00000024     freertos.am62x.m4f.ti-arm-clang.debug.lib : HwiP_armv7m.obj (.text.HwiP_inISR)
                  0000d304    00000024                                               : DebugP_log.obj (.text._DebugP_assertNoLog)
                  0000d328    00000024                                               : printf.obj (.text._out_char)
                  0000d34c    00000024                                               : boot_armv7m.obj (.text._system_pre_init)
                  0000d370    00000024                                               : port.obj (.text.vPortSVCHandler)
                  0000d394    00000024                                               : tasks.obj (.text.vTaskInternalSetTimeOutState)
                  0000d3b8    00000022     drivers.am62x.m4f.ti-arm-clang.debug.lib : uart_v0.obj (.text.UART_writeInterrupt)
                  0000d3da    00000020     freertos.am62x.m4f.ti-arm-clang.debug.lib : ClockP_freertos.obj (.text.ClockP_usecToTicks)
                  0000d3fa    00000020     drivers.am62x.m4f.ti-arm-clang.debug.lib : uart_v0.obj (.text.HW_RD_FIELD32_RAW)
                  0000d41a    00000020                                              : mcspi_v0.obj (.text.MCSPI_readChStatusReg)
                  0000d43a    00000020                                              : mcspi_v0.obj (.text.MCSPI_readRxDataReg)
                  0000d45a    00000020     ti_pinmux_config.o (.text.Pinmux_init)
                  0000d47a    00000020     freertos.am62x.m4f.ti-arm-clang.debug.lib : heap_3.obj (.text.vPortFree)
                  0000d49a    00000002     --HOLE-- [fill = 0]
                  0000d49c    00000020     libclang_rt.builtins.a : floatunsidf.S.obj (.text)
                  0000d4bc    0000001e     freertos.am62x.m4f.ti-arm-clang.debug.lib : timers.obj (.text.prvTimerTask)
                  0000d4da    0000001c     drivers.am62x.m4f.ti-arm-clang.debug.lib : csl_sec_proxy.obj (.text.CSL_secProxyGetDataAddr)
                  0000d4f6    0000001c                                              : uart_v0.obj (.text.UART_breakCtl)
                  0000d512    00000002     --HOLE-- [fill = 0]
                  0000d514    0000001c     libc.a : memory.c.obj (.text.free_list_remove)
                  0000d530    0000001c     ti_dpl_config.o (.text.putchar_)
                  0000d54c    0000001a     drivers.am62x.m4f.ti-arm-clang.debug.lib : pinmux.obj (.text.Pinmux_lockMMR)
                  0000d566    0000001a     freertos.am62x.m4f.ti-arm-clang.debug.lib : SysTickTimerP.obj (.text.SysTickTimerP_start)
                  0000d580    0000001a                                               : SysTickTimerP.obj (.text.SysTickTimerP_stop)
                  0000d59a    0000001a     drivers.am62x.m4f.ti-arm-clang.debug.lib : uart_v0.obj (.text.UART_fifoCharGet)
                  0000d5b4    00000018                                              : sciclient.obj (.text.Sciclient_secProxyThreadStatusReg)
                  0000d5cc    00000018     freertos.am62x.m4f.ti-arm-clang.debug.lib : TaskP_freertos.obj (.text.TaskP_yield)
                  0000d5e4    00000018     drivers.am62x.m4f.ti-arm-clang.debug.lib : uart_v0.obj (.text.UART_divisorLatchDisable)
                  0000d5fc    00000018                                              : uart_v0.obj (.text.UART_modemControlReset)
                  0000d614    00000018                                              : uart_v0.obj (.text.UART_putChar)
                  0000d62c    00000018     main.o (.text.freertos_main)
                  0000d644    00000016     freertos.am62x.m4f.ti-arm-clang.debug.lib : AddrTranslateP.obj (.text.AddrTranslateP_Params_init)
                  0000d65a    00000016     drivers.am62x.m4f.ti-arm-clang.debug.lib : sciclient.obj (.text.Sciclient_secProxyReadThreadCount)
                  0000d670    00000016     freertos.am62x.m4f.ti-arm-clang.debug.lib : SemaphoreP_freertos.obj (.text.SemaphoreP_destruct)
                  0000d686    00000016     drivers.am62x.m4f.ti-arm-clang.debug.lib : uart_v0.obj (.text.UART_divideRoundCloset)
                  0000d69c    00000016                                              : uart_v0.obj (.text.UART_regConfModeRestore)
                  0000d6b2    00000014     freertos.am62x.m4f.ti-arm-clang.debug.lib : DebugP_uartLogWriter.obj (.text.DebugP_uartSetDrvIndex)
                  0000d6c6    00000002     --HOLE-- [fill = 0]
                  0000d6c8    00000014                                               : port.obj (.text.vPortEnableVFP)
                  0000d6dc    00000014                                               : tasks.obj (.text.xTaskGetCurrentTaskHandle)
                  0000d6f0    00000014                                               : tasks.obj (.text.xTaskGetTickCount)
                  0000d704    00000014     libclang_rt.builtins.a : aeabi_memset.S.obj (.text)
                  0000d718    00000014                            : aeabi_uldivmod.S.obj (.text)
                  0000d72c    00000012     freertos.am62x.m4f.ti-arm-clang.debug.lib : SysTickTimerP.obj (.text.SysTickTimerP_getCount)
                  0000d73e    00000012                                               : SysTickTimerP.obj (.text.SysTickTimerP_getReloadCount)
                  0000d750    00000012                                               : port.obj (.text.uiPortGetRunTimeCounterValue)
                  0000d762    00000012     libc.a : memcpy_t2.S.obj (.text:TI_memcpy_small)
                  0000d774    00000010     drivers.am62x.m4f.ti-arm-clang.debug.lib : mcspi_v0.obj (.text.CSL_REG32_WR_RAW)
                  0000d784    00000010                                              : pinmux.obj (.text.CSL_REG32_WR_RAW)
                  0000d794    00000010                                              : sciclient.obj (.text.CSL_REG32_WR_RAW)
                  0000d7a4    00000010     freertos.am62x.m4f.ti-arm-clang.debug.lib : ClockP_freertos.obj (.text.ClockP_sleepTicks)
                  0000d7b4    00000010     drivers.am62x.m4f.ti-arm-clang.debug.lib : uart_v0.obj (.text.HW_RD_REG32_RAW)
                  0000d7c4    00000010                                              : uart_v0.obj (.text.HW_WR_REG32_RAW)
                  0000d7d4    00000010     freertos.am62x.m4f.ti-arm-clang.debug.lib : printf.obj (.text._out_null)
                  0000d7e4    00000010                                               : tasks.obj (.text.vTaskSuspendAll)
                  0000d7f4    0000000e                                               : ClockP_freertos_m4.obj (.text.ClockP_getTimerCount)
                  0000d802    0000000e     libsysbm.a : hostrename.c.obj (.text.strcpy)
                  0000d810    0000000e                : hostrename.c.obj (.text.strlen)
                  0000d81e    0000000e     freertos.am62x.m4f.ti-arm-clang.debug.lib : list.obj (.text.vListInitialiseItem)
                  0000d82c    0000000e                                               : tasks.obj (.text.vTaskMissedYield)
                  0000d83a    0000000e     libc.a : memset_t2.S.obj (.text:TI_memset_small)
                  0000d848    0000000c     ti_board_open_close.o (.text.Board_driversOpen)
                  0000d854    0000000c     drivers.am62x.m4f.ti-arm-clang.debug.lib : mcspi_v0.obj (.text.CSL_REG32_RD_RAW)
                  0000d860    0000000c                                              : sciclient.obj (.text.CSL_REG32_RD_RAW)
                  0000d86c    0000000c     freertos.am62x.m4f.ti-arm-clang.debug.lib : SysTickTimerP.obj (.text.CSL_REG32_RD_RAW)
                  0000d878    0000000c     ti_drivers_open_close.o (.text.Drivers_open)
                  0000d884    0000000c     ti_power_clock_config.o (.text.PowerClock_init)
                  0000d890    0000000c     libc.a : fputc.c.obj (.text.putchar)
                  0000d89c    0000000a     freertos.am62x.m4f.ti-arm-clang.debug.lib : port.obj (.text.vApplicationIdleHook)
                  0000d8a6    00000008                                               : ClockP_freertos.obj (.text.ClockP_getTicks)
                  0000d8ae    00000008                                               : ClockP_freertos_m4.obj (.text.ClockP_timerClearOverflowInt)
                  0000d8b6    00000008     ti_drivers_config.o (.text.Drivers_uartInit)
                  0000d8be    00000008     ti_dpl_config.o (.text.boot)
                  0000d8c6    00000008     libc.a : memory.c.obj (.text.malloc)
                  0000d8ce    00000004     libsysbm.a : remove.c.obj (.text.remove)
                  0000d8d2    00000004     libc.a : exit.c.obj (.text:abort)
                  0000d8d6    00000002     --HOLE-- [fill = 0]
                  0000d8d8    00000004     libclang_rt.builtins.a : aeabi_memcpy.S.obj (.text)
                  0000d8dc    00000004     --HOLE-- [fill = 0]

.sysmem    0    0000d8e0    00008000     UNINITIALIZED
                  0000d8e0    00000010     libc.a : memory.c.obj (.sysmem)
                  0000d8f0    00007ff0     --HOLE--

.stack     0    000158e0    00004000     UNINITIALIZED
                  000158e0    00000004     freertos.am62x.m4f.ti-arm-clang.debug.lib : boot_armv7m.obj (.stack)
                  000158e4    00003ffc     --HOLE--

.bss       0    00030000    00006720     UNINITIALIZED
                  00030000    00004000     (.common:gMainTaskStack)
                  00034000    00001000     freertos.am62x.m4f.ti-arm-clang.debug.lib : port.obj (.bss.uxIdleTaskStack)
                  00035000    00000400                                               : port.obj (.bss.uxTimerTaskStack)
                  00035400    000003a8     ti_drivers_config.o (.bss.gMcspiObjects)
                  000357a8    00000284     ti_drivers_config.o (.bss.gUartObjects)
                  00035a2c    00000280     freertos.am62x.m4f.ti-arm-clang.debug.lib : tasks.obj (.bss.pxReadyTasksLists)
                  00035cac    00000280     (.common:gHwiCtrl)
                  00035f2c    00000120     libsysbm.a : trgmsg.c.obj (.bss:_CIOBUF_)
                  0003604c    00000100     freertos.am62x.m4f.ti-arm-clang.debug.lib : timers.obj (.bss.prvCheckForValidListAndQueue.ucStaticTimerQueueStorage)
                  0003614c    00000100     (.common:xQueueRegistry)
                  0003624c    000000a0     (.common:__TI_tmpnams)
                  000362ec    00000098                                               : DebugP_freertos.obj (.bss.gDebugLogLockObj)
                  00036384    00000088                                               : port.obj (.bss.xIdleTaskTCB)
                  0003640c    00000088                                               : port.obj (.bss.xTimerTaskTCB)
                  00036494    00000088     (.common:gMainTaskObj)
                  0003651c    00000004                                               : timers.obj (.bss.pxCurrentTimerList)
                  00036520    00000060     (.common:gTaskP_ctrl)
                  00036580    00000050                                               : timers.obj (.bss.prvCheckForValidListAndQueue.xStaticTimerQueue)
                  000365d0    00000050     (.common:gRovDummyQueue)
                  00036620    00000038     (.common:gClockCtrl)
                  00036658    00000014                                               : timers.obj (.bss.xActiveTimerList1)
                  0003666c    00000014                                               : timers.obj (.bss.xActiveTimerList2)
                  00036680    00000014                                               : tasks.obj (.bss.xDelayedTaskList1)
                  00036694    00000014                                               : tasks.obj (.bss.xDelayedTaskList2)
                  000366a8    00000014                                               : tasks.obj (.bss.xPendingReadyList)
                  000366bc    00000014                                               : tasks.obj (.bss.xSuspendedTaskList)
                  000366d0    00000014                                               : tasks.obj (.bss.xTasksWaitingTermination)
                  000366e4    00000008     (.common:parmbuf)
                  000366ec    00000004                                               : tasks.obj (.bss.pxDelayedTaskList)
                  000366f0    00000004                                               : tasks.obj (.bss.pxOverflowDelayedTaskList)
                  000366f4    00000004                                               : timers.obj (.bss.pxOverflowTimerList)
                  000366f8    00000004     libc.a : memory.c.obj (.bss.sys_free)
                  000366fc    00000004     (.common:gMainTask)
                  00036700    00000004     (.common:gMcspiHandle)
                  00036704    00000004     (.common:gUartHandle)
                  00036708    00000002     (.common:gMcspiRxBuffer)
                  0003670a    00000001     (.common:gMcspiTxBuffer)
                  0003670b    00000015     --HOLE--

.rodata    0    00036720    00001c90     
                  00036720    000007ee     freertos.am62x.m4f.ti-arm-clang.debug.lib : tasks.obj (.rodata.str1.1)
                  00036f0e    00000756                                               : queue.obj (.rodata.str1.1)
                  00037664    000002bc                                               : timers.obj (.rodata.str1.1)
                  00037920    000001eb     drivers.am62x.m4f.ti-arm-clang.debug.lib : mcspi_v0.obj (.rodata.str1.1)
                  00037b0b    000001ad     freertos.am62x.m4f.ti-arm-clang.debug.lib : port.obj (.rodata.str1.1)
                  00037cb8    00000135     drivers.am62x.m4f.ti-arm-clang.debug.lib : uart_v0.obj (.rodata.str1.1)
                  00037ded    0000010a     freertos.am62x.m4f.ti-arm-clang.debug.lib : ClockP_freertos_m4.obj (.rodata.str1.1)
                  00037ef7    00000001     --HOLE-- [fill = 0]
                  00037ef8    000000dc     drivers.am62x.m4f.ti-arm-clang.debug.lib : sciclient_fmwSecureProxyMap.obj (.rodata.gSciclientMap)
                  00037fd4    000000da     freertos.am62x.m4f.ti-arm-clang.debug.lib : SemaphoreP_freertos.obj (.rodata.str1.1)
                  000380ae    000000c9     ti_drivers_open_close.o (.rodata.str1.1)
                  00038177    000000a9     freertos.am62x.m4f.ti-arm-clang.debug.lib : SysTickTimerP.obj (.rodata.str1.1)
                  00038220    0000006a     mcspi_loopback.o (.rodata.str1.1)
                  0003828a    00000002     --HOLE-- [fill = 0]
                  0003828c    00000004     freertos.am62x.m4f.ti-arm-clang.debug.lib : tasks.obj (.rodata.uxTopUsedPriority)
                  00038290    00000050                                               : printf.obj (.rodata._ftoa.pow10)
                  000382e0    0000004b     drivers.am62x.m4f.ti-arm-clang.debug.lib : uart_dma.obj (.rodata.str1.1)
                  0003832b    00000041     main.o (.rodata.str1.1)
                  0003836c    0000002d     freertos.am62x.m4f.ti-arm-clang.debug.lib : DebugP_log.obj (.rodata.str1.1)
                  00038399    00000012                                               : printf.obj (.rodata.str1.1)
                  000383ab    00000005     --HOLE-- [fill = 0]

.data      0    000383b0    000005a0     
                  000383b0    000000f0     libc.a : defs.c.obj (.data._ftable)
                  000384a0    0000009c     drivers.am62x.m4f.ti-arm-clang.debug.lib : mcspi_v0.obj (.data.gMcspiDrvObj)
                  0003853c    0000009c                                              : uart_v0.obj (.data.gUartDrvObj)
                  000385d8    00000078     libsysbm.a : host_device.c.obj (.data._device)
                  00038650    00000058     ti_drivers_open_close.o (.data.gUartParams)
                  000386a8    00000050     libsysbm.a : host_device.c.obj (.data._stream)
                  000386f8    00000040     ti_dpl_config.o (.data.gAddrTranslateRegionConfig)
                  00038738    0000003c     ti_drivers_open_close.o (.data.gConfigMcspi0ChCfg)
                  00038774    00000038     ti_pinmux_config.o (.data.gPinMuxMcuDomainCfg)
                  000387ac    00000020     ti_drivers_config.o (.data.gMcspiAttrs)
                  000387cc    00000020     ti_dpl_config.o (.data.gMpuRegionConfig)
                  000387ec    00000004     freertos.am62x.m4f.ti-arm-clang.debug.lib : tasks.obj (.data.FreeRTOS_errno)
                  000387f0    00000020     drivers.am62x.m4f.ti-arm-clang.debug.lib : sciclient_soc_priv.obj (.data.gSciclientSecProxyCfg)
                  00038810    00000018     ti_dpl_config.o (.data.gClockConfig)
                  00038828    00000018     drivers.am62x.m4f.ti-arm-clang.debug.lib : sciclient.obj (.data.gSciclientHandle)
                  00038840    00000018     ti_power_clock_config.o (.data.gSocModulesClockFrequency)
                  00038858    00000014     ti_drivers_open_close.o (.data.gMcspiOpenParams)
                  0003886c    0000000c     freertos.am62x.m4f.ti-arm-clang.debug.lib : AddrTranslateP.obj (.data.gAddrTranslateConfig)
                  00038878    0000000c     ti_dpl_config.o (.data.gMpuConfig)
                  00038884    0000000c     ti_power_clock_config.o (.data.gSocModules)
                  00038890    00000008     libc.a : exit.c.obj (.data..L_MergedGlobals)
                  00038898    00000008     ti_drivers_config.o (.data.gMcspiConfig)
                  000388a0    00000008     ti_drivers_config.o (.data.gMcspiDmaConfig)
                  000388a8    00000008     ti_pinmux_config.o (.data.gPinMuxMainDomainCfg)
                  000388b0    00000008     ti_drivers_config.o (.data.gUartAttrs)
                  000388b8    00000008     ti_drivers_config.o (.data.gUartConfig)
                  000388c0    00000008     freertos.am62x.m4f.ti-arm-clang.debug.lib : TaskP_freertos.obj (.data.vApplicationLoadHook.lastUpdateTime)
                  000388c8    00000004     libc.a : defs.c.obj (.data.__TI_ft_end)
                  000388cc    00000004            : _lock.c.obj (.data._lock)
                  000388d0    00000004            : _lock.c.obj (.data._unlock)
                  000388d4    00000004     freertos.am62x.m4f.ti-arm-clang.debug.lib : DebugP_freertos.obj (.data.gDebugLogIsInitDone)
                  000388d8    00000004                                               : DebugP_log.obj (.data.gDebugLogZone)
                  000388dc    00000004                                               : DebugP_uartLogWriter.obj (.data.gDebugP_uartDrvIndex)
                  000388e0    00000004     ti_drivers_config.o (.data.gMcspiConfigNum)
                  000388e4    00000004     ti_drivers_config.o (.data.gMcspiDmaConfigNum)
                  000388e8    00000004     ti_drivers_config.o (.data.gUartConfigNum)
                  000388ec    00000004     ti_drivers_config.o (.data.gUartDmaConfigNum)
                  000388f0    00000004     mcspi_loopback.o (.data.k)
                  000388f4    00000004     freertos.am62x.m4f.ti-arm-clang.debug.lib : timers.obj (.data.prvSampleTimeNow.xLastTime)
                  000388f8    00000004                                               : tasks.obj (.data.pxCurrentTCB)
                  000388fc    00000004                                               : port.obj (.data.ulPortSchedularRunning)
                  00038900    00000004                                               : tasks.obj (.data.ulTaskSwitchedInTime)
                  00038904    00000004                                               : tasks.obj (.data.ulTotalRunTime)
                  00038908    00000004                                               : port.obj (.data.uxCriticalNesting)
                  0003890c    00000004                                               : tasks.obj (.data.uxCurrentNumberOfTasks)
                  00038910    00000004                                               : tasks.obj (.data.uxDeletedTasksWaitingCleanUp)
                  00038914    00000004                                               : tasks.obj (.data.uxSchedulerSuspended)
                  00038918    00000004                                               : tasks.obj (.data.uxTaskNumber)
                  0003891c    00000004                                               : tasks.obj (.data.uxTopReadyPriority)
                  00038920    00000004                                               : tasks.obj (.data.xIdleTaskHandle)
                  00038924    00000004                                               : tasks.obj (.data.xNextTaskUnblockTime)
                  00038928    00000004                                               : tasks.obj (.data.xNumOfOverflows)
                  0003892c    00000004                                               : tasks.obj (.data.xPendedTicks)
                  00038930    00000004                                               : tasks.obj (.data.xSchedulerRunning)
                  00038934    00000004                                               : tasks.obj (.data.xTickCount)
                  00038938    00000004                                               : timers.obj (.data.xTimerQueue)
                  0003893c    00000004                                               : timers.obj (.data.xTimerTaskHandle)
                  00038940    00000004                                               : tasks.obj (.data.xYieldPending)
                  00038944    00000002     mcspi_loopback.o (.data.cmds)
                  00038946    00000002     mcspi_loopback.o (.data.isFirst)
                  00038948    00000001     drivers.am62x.m4f.ti-arm-clang.debug.lib : sciclient.obj (.data.gSecHeaderSizeWords)
                  00038949    00000003     --HOLE-- [fill = 0]
                  0003894c    00000001     libc.a : memory.c.obj (.data.memory_is_initialized)
                  0003894d    00000003     --HOLE-- [fill = 0]

.init_array 
*          0    00000200    00000000     UNINITIALIZED

__llvm_prf_cnts 
*          0    00030000    00000000     UNINITIALIZED

__llvm_prf_bits 
*          0    00030000    00000000     UNINITIALIZED

MODULE SUMMARY

       Module                              code    ro data   rw data
       ------                              ----    -------   -------
    .\
       main.o                              176     65        16524  
       mcspi_loopback.o                    766     106       11     
    +--+-----------------------------------+-------+---------+---------+
       Total:                              942     171       16535  
                                                                    
    .\syscfg\
       ti_drivers_config.o                 58      0         1660   
       ti_drivers_open_close.o             616     201       176    
       ti_dpl_config.o                     112     0         132    
       ti_power_clock_config.o             180     0         36     
       ti_pinmux_config.o                  32      0         64     
       ti_board_open_close.o               12      0         0      
       ti_board_config.o                   2       0         0      
    +--+-----------------------------------+-------+---------+---------+
       Total:                              1012    201       2068   
                                                                    
    C:/ti/mcu_plus_sdk_am62x_08_06_00_18/source/drivers/lib/drivers.am62x.m4f.ti-arm-clang.debug.lib
       mcspi_v0.obj                        8600    491       156    
       uart_v0.obj                         7310    309       156    
       sciclient.obj                       2264    0         25     
       sciclient_pm.obj                    1856    0         0      
       soc.obj                             628     0         0      
       uart_dma.obj                        456     75        0      
       pinmux.obj                          366     0         0      
       sciclient_fmwSecureProxyMap.obj     0       220       0      
       mcspi_dma.obj                       198     0         0      
       sciclient_soc_priv.obj              148     0         32     
       csl_sec_proxy.obj                   28      0         0      
    +--+-----------------------------------+-------+---------+---------+
       Total:                              21854   1095      369    
                                                                    
    C:/ti/mcu_plus_sdk_am62x_08_06_00_18/source/kernel/freertos/lib/freertos.am62x.m4f.ti-arm-clang.debug.lib
       tasks.obj                           5888    2034      812    
       printf.obj                          7232    98        0      
       queue.obj                           4810    1878      256    
       port.obj                            974     429       5400   
       timers.obj                          1796    700       396    
       HwiP_armv7m.obj                     1228    0         640    
       SemaphoreP_freertos.obj             556     218       80     
       ClockP_freertos_m4.obj              464     266       0      
       SysTickTimerP.obj                   538     169       0      
       AddrTranslateP.obj                  610     0         12     
       MpuP_armv7m.obj                     570     0         0      
       HwiP_armv7m_handlers_freertos.obj   226     0         320    
       TaskP_freertos.obj                  424     0         104    
       ClockP_freertos.obj                 356     0         56     
       DebugP_freertos.obj                 146     0         156    
       list.obj                            296     0         0      
       DebugP_log.obj                      202     45        4      
       DebugP_uartLogWriter.obj            124     0         4      
       boot_armv7m.obj                     122     0         0      
       heap_3.obj                          32      0         0      
    +--+-----------------------------------+-------+---------+---------+
       Total:                              26594   5837      8240   
                                                                    
    C:\ti\ti-cgt-armllvm_2.1.2.LTS\lib\armv7em-ti-none-eabihf/c/libc.a
       memory.c.obj                        720     0         5      
       defs.c.obj                          0       0         404    
       setvbuf.c.obj                       216     0         0      
       getdevice.c.obj                     156     0         0      
       fputc.c.obj                         148     0         0      
       fclose.c.obj                        116     0         0      
       fseek.c.obj                         108     0         0      
       _io_perm.c.obj                      96      0         0      
       fflush.c.obj                        78      0         0      
       exit.c.obj                          52      0         8      
       autoinit.c.obj                      56      0         0      
       fopen.c.obj                         52      0         0      
       memcpy_t2.S.obj                     18      0         0      
       memset_t2.S.obj                     14      0         0      
       _lock.c.obj                         2       0         8      
    +--+-----------------------------------+-------+---------+---------+
       Total:                              1832    0         425    
                                                                    
    C:\ti\ti-cgt-armllvm_2.1.2.LTS\lib\armv7em-ti-none-eabihf/c/libsysbm.a
       trgmsg.c.obj                        100     0         288    
       host_device.c.obj                   0       0         200    
       hostrename.c.obj                    128     0         0      
       close.c.obj                         96      0         0      
       hostopen.c.obj                      88      0         8      
       hostlseek.c.obj                     88      0         0      
       hostread.c.obj                      84      0         0      
       hostwrite.c.obj                     84      0         0      
       hostunlink.c.obj                    68      0         0      
       hostclose.c.obj                     60      0         0      
       lseek.c.obj                         44      0         0      
       unlink.c.obj                        44      0         0      
       write.c.obj                         44      0         0      
       remove.c.obj                        4       0         0      
    +--+-----------------------------------+-------+---------+---------+
       Total:                              932     0         496    
                                                                    
    C:\ti\ti-cgt-armllvm_2.1.2.LTS\lib\clang/14.0.6/lib/armv7em-ti-none-eabihf/libclang_rt.builtins.a
       adddf3.S.obj                        438     0         0      
       divdf3.S.obj                        310     0         0      
       comparedf2.c.obj                    268     0         0      
       muldf3.S.obj                        252     0         0      
       udivmoddi4.S.obj                    176     0         0      
       aeabi_dcmp.S.obj                    98      0         0      
       fixdfsi.S.obj                       72      0         0      
       fixunsdfsi.S.obj                    68      0         0      
       floatsidf.S.obj                     46      0         0      
       floatunsidf.S.obj                   32      0         0      
       aeabi_memset.S.obj                  20      0         0      
       aeabi_uldivmod.S.obj                20      0         0      
       aeabi_memcpy.S.obj                  4       0         0      
       aeabi_div0.c.obj                    2       0         0      
    +--+-----------------------------------+-------+---------+---------+
       Total:                              1806    0         0      
                                                                    
       Heap:                               0       0         32768  
       Stack:                              0       0         16384  
    +--+-----------------------------------+-------+---------+---------+
       Grand Total:                        54972   7304      77285  


GLOBAL SYMBOLS: SORTED ALPHABETICALLY BY Name 

address   name                               
-------   ----                               
0000d645  AddrTranslateP_Params_init         
00007f51  AddrTranslateP_getLocalAddr        
00008ef5  AddrTranslateP_init                
0000d849  Board_driversOpen                  
00004283  Board_init                         
0000d8d2  C$$EXIT                            
0000cb43  C$$IO$$                            
0000d4db  CSL_secProxyGetDataAddr            
0000d8a7  ClockP_getTicks                    
0000a3ad  ClockP_getTimeUsec                 
0000d7f5  ClockP_getTimerCount               
00004447  ClockP_init                        
0000d8af  ClockP_timerClearOverflowInt       
0000cb81  ClockP_timerTickIsr                
0000d3db  ClockP_usecToTicks                 
0000aaab  ClockP_usleep                      
0000cf6f  DebugP_logZoneEnable               
0000c5ed  DebugP_uartLogWriterPutChar        
0000d6b3  DebugP_uartSetDrvIndex             
0000be1d  Dpl_init                           
0000bbf5  Drivers_mcspiClose                 
0000727f  Drivers_mcspiOpen                  
0000d879  Drivers_open                       
0000bc45  Drivers_uartClose                  
0000d8b7  Drivers_uartInit                   
0000931f  Drivers_uartOpen                   
000387ec  FreeRTOS_errno                     
0000c6a9  HOSTclose                          
0000b849  HOSTlseek                          
0000b8a1  HOSTopen                           
0000ba01  HOSTread                           
0000b191  HOSTrename                         
0000c359  HOSTunlink                         
0000ba55  HOSTwrite                          
00001aa9  HwiP_Params_init                   
000080cb  HwiP_busFault_handler              
000019ad  HwiP_clearInt                      
00001ad1  HwiP_construct                     
00008107  HwiP_debugMon_handler              
00001b73  HwiP_destruct                      
00001bdd  HwiP_disable                       
00001879  HwiP_disableInt                    
00001bf9  HwiP_enable                        
000017f1  HwiP_enableInt                     
000080a3  HwiP_hardFault_handler             
0000d2e1  HwiP_inISR                         
00001c11  HwiP_init                          
00008039  HwiP_interrupt_handler             
000080b7  HwiP_memFault_handler              
0000808f  HwiP_nmi_handler                   
00001bb9  HwiP_post                          
000080f3  HwiP_reserved_handler              
0000185d  HwiP_restore                       
00001911  HwiP_restoreInt                    
000019eb  HwiP_setPri                        
000080df  HwiP_usageFault_handler            
00008a65  MCSPI_chConfig                     
00006875  MCSPI_close                        
0000aea7  MCSPI_dmaOpen                      
0000b6df  MCSPI_dmaTransfer                  
00009b35  MCSPI_init                         
00002abd  MCSPI_open                         
00001c99  MCSPI_transfer                     
0000c031  Module_clockEnable                 
0000b683  Module_clockSetFrequency           
0000340f  MpuP_RegionAttrs_init              
0000358d  MpuP_disable                       
0000352f  MpuP_enable                        
000035cb  MpuP_init                          
000035bb  MpuP_isEnable                      
0000343d  MpuP_setRegion                     
0000ac79  Pinmux_config                      
0000d45b  Pinmux_init                        
0000d885  PowerClock_init                    
00009e29  SOC_moduleClockEnable              
000040a1  SOC_moduleSetClockFrequency        
0000b951  Sciclient_getContext               
00009061  Sciclient_getCurrentContext        
0000c6e5  Sciclient_getDevId                 
00009cfd  Sciclient_init                     
00009799  Sciclient_pmGetModuleClkFreq       
00009475  Sciclient_pmGetModuleClkNumParent  
00009833  Sciclient_pmGetModuleClkParent     
0000a0f9  Sciclient_pmGetModuleState         
0000a185  Sciclient_pmModuleClkRequest       
00009bcd  Sciclient_pmModuleGetClkStatus     
000069a1  Sciclient_pmQueryModuleClkFreq     
0000738f  Sciclient_pmSetModuleClkFreq       
000098cd  Sciclient_pmSetModuleClkParent     
0000b569  Sciclient_pmSetModuleRst           
0000a211  Sciclient_pmSetModuleState         
0000201d  Sciclient_service                  
00009ebb  SemaphoreP_constructBinary         
0000ace9  SemaphoreP_constructMutex          
0000d671  SemaphoreP_destruct                
00009967  SemaphoreP_pend                    
0000a8c3  SemaphoreP_post                    
0000ccad  SysTickTimerP_Params_init          
0000d72d  SysTickTimerP_getCount             
0000d73f  SysTickTimerP_getReloadCount       
00004e6d  SysTickTimerP_setup                
0000d567  SysTickTimerP_start                
0000d581  SysTickTimerP_stop                 
0000cc17  System_init                        
0000d763  TI_memcpy_small                    
0000d83b  TI_memset_small                    
000076a7  TaskP_loadUpdateAll                
0000d5cd  TaskP_yield                        
00004973  UART_close                         
0000a6c9  UART_dmaClose                      
0000a53f  UART_dmaDisableChannel             
0000ad59  UART_dmaOpen                       
000088cd  UART_flushTxFifo                   
0000bd33  UART_getHandle                     
00008e3b  UART_init                          
000025bf  UART_open                          
00003ead  UART_write                         
0000baa9  UART_writeInterruptDma             
00035f2c  _CIOBUF_                           
0000a9b7  _DebugP_assert                     
0000d305  _DebugP_assertNoLog                
00009f4d  _DebugP_logZone                    
00036720  __BSS_END                          
00030000  __BSS_START                        
00035f2c  __CIOBUF_                          
000198e0  __STACK_END                        
00004000  __STACK_SIZE                       
00008000  __SYSMEM_SIZE                      
UNDEFED   __TI_CINIT_Base                    
UNDEFED   __TI_CINIT_Limit                   
UNDEFED   __TI_Handler_Table_Base            
UNDEFED   __TI_Handler_Table_Limit           
0000c9a1  __TI_auto_init_nobinit_nopinit     
0000cae5  __TI_cleanup                       
00038890  __TI_cleanup_ptr                   
0000ab21  __TI_closefile                     
0000bd81  __TI_doflush                       
00038894  __TI_dtors_ptr                     
000388c8  __TI_ft_end                        
ffffffff  __TI_pprof_out_hndl                
ffffffff  __TI_prof_data_size                
ffffffff  __TI_prof_data_start               
0000cd3d  __TI_readmsg                       
00000000  __TI_static_base__                 
0003624c  __TI_tmpnams                       
0000cb19  __TI_writemsg                      
0000b3e7  __TI_wrt_ok                        
000047c7  __adddf3                           
0000c2c9  __aeabi_d2iz                       
0000c425  __aeabi_d2uiz                      
000047c7  __aeabi_dadd                       
0000b325  __aeabi_dcmpeq                     
0000b361  __aeabi_dcmpge                     
0000b375  __aeabi_dcmpgt                     
0000b34d  __aeabi_dcmple                     
0000b339  __aeabi_dcmplt                     
0000cd6d  __aeabi_dcmpun                     
00006611  __aeabi_ddiv                       
000078a5  __aeabi_dmul                       
000047bd  __aeabi_dsub                       
0000cf41  __aeabi_i2d                        
000047bb  __aeabi_ldiv0                      
0000d711  __aeabi_memclr                     
0000d711  __aeabi_memclr4                    
0000d711  __aeabi_memclr8                    
0000d8d9  __aeabi_memcpy                     
0000d8d9  __aeabi_memcpy4                    
0000d8d9  __aeabi_memcpy8                    
0000d705  __aeabi_memset                     
0000d705  __aeabi_memset4                    
0000d705  __aeabi_memset8                    
0000d49d  __aeabi_ui2d                       
0000d719  __aeabi_uldivmod                   
ffffffff  __binit__                          
0000ae39  __cmpdf2                           
00006611  __divdf3                           
0000ae39  __eqdf2                            
0000c2c9  __fixdfsi                          
0000c425  __fixunsdfsi                       
0000cf41  __floatsidf                        
0000d49d  __floatunsidf                      
0000adc9  __gedf2                            
0000adc9  __gtdf2                            
0000ae39  __ledf2                            
0000ae39  __ltdf2                            
0000d8bf  __mpu_init                         
000078a5  __muldf3                           
0000ae39  __nedf2                            
000158e0  __stack                            
00030000  __start___llvm_prf_bits            
00030000  __start___llvm_prf_cnts            
00030000  __stop___llvm_prf_bits             
00030000  __stop___llvm_prf_cnts             
000047bd  __subdf3                           
00009115  __udivmoddi4                       
0000cd6d  __unorddf2                         
0000b9a9  _c_int00                           
000385d8  _device                            
000383b0  _ftable                            
000388cc  _lock                              
00006ac7  _nop                               
000386a8  _stream                            
0000d8e0  _sys_memory                        
UNDEFED   _system_post_cinit                 
0000d34d  _system_pre_init                   
000388d0  _unlock                            
0000d8d3  abort                              
00006ac9  aligned_alloc                      
ffffffff  binit                              
0000b449  close                              
00038944  cmds                               
00006be9  eTaskGetState                      
0000cd9d  exit                               
0000cb4d  finddevice                         
0000a325  fputc                              
000079a1  free                               
0000d62d  freertos_main                      
0000b2bd  fseek                              
0000b0c1  fseeko                             
0003886c  gAddrTranslateConfig               
000386f8  gAddrTranslateRegionConfig         
00038810  gClockConfig                       
00036620  gClockCtrl                         
00038738  gConfigMcspi0ChCfg                 
000388d8  gDebugLogZone                      
000388dc  gDebugP_uartDrvIndex               
00035cac  gHwiCtrl                           
00000000  gHwiP_vectorTable                  
000366fc  gMainTask                          
00036494  gMainTaskObj                       
00030000  gMainTaskStack                     
00038898  gMcspiConfig                       
000388e0  gMcspiConfigNum                    
000388a0  gMcspiDmaConfig                    
000388e4  gMcspiDmaConfigNum                 
00036700  gMcspiHandle                       
00038858  gMcspiOpenParams                   
00036708  gMcspiRxBuffer                     
0003670a  gMcspiTxBuffer                     
00038878  gMpuConfig                         
000387cc  gMpuRegionConfig                   
000365d0  gRovDummyQueue                     
00037ef8  gSciclientMap                      
000387f0  gSciclientSecProxyCfg              
00038884  gSocModules                        
00038840  gSocModulesClockFrequency          
00036520  gTaskP_ctrl                        
000388b8  gUartConfig                        
000388e8  gUartConfigNum                     
000383b0  gUartDmaConfig                     
000388ec  gUartDmaConfigNum                  
00036704  gUartHandle                        
00038650  gUartParams                        
0000b129  getdevice                          
00038946  isFirst                            
000388f0  k                                  
0000cff5  lseek                              
00009c65  main                               
0000d8c7  malloc                             
000022f7  mcspi_loopback_main                
00006ac9  memalign                           
000366e4  parmbuf                            
0000d891  putchar                            
0000d531  putchar_                           
0000d04d  pvTaskIncrementMutexHeldCount      
000388f8  pxCurrentTCB                       
0000b625  pxPortInitialiseStack              
0000d8cf  remove                             
00008651  setvbuf                            
0000d751  uiPortGetRunTimeCounterValue       
0000d079  unlink                             
0000c281  uxListRemove                       
0003828c  uxTopUsedPriority                  
0000d0a5  vApplicationGetIdleTaskMemory      
0000d0d1  vApplicationGetTimerTaskMemory     
0000d89d  vApplicationIdleHook               
0000b1f5  vApplicationLoadHook               
0000ca7b  vApplicationStackOverflowHook      
0000cf11  vListInitialise                    
0000d81f  vListInitialiseItem                
0000afed  vListInsert                        
0000c887  vListInsertEnd                     
000078a3  vPortConfigTimerForRunTimeStats    
0000af81  vPortEnterCritical                 
0000b7ed  vPortExitCritical                  
0000d47b  vPortFree                          
0000d371  vPortSVCHandler                    
0000bdcf  vPortTimerTickHandler              
0000bb51  vQueueAddToRegistry                
0000bba3  vQueueDelete                       
0000bafd  vQueueUnregisterQueue              
0000b259  vQueueWaitForMessageRestricted     
0000a647  vTaskDelay                         
00005d15  vTaskDelete                        
000081fd  vTaskGetInfo                       
0000d395  vTaskInternalSetTimeOutState       
0000d82d  vTaskMissedYield                   
0000bc95  vTaskPlaceOnEventList              
0000b509  vTaskPlaceOnEventListRestricted    
00005a5f  vTaskPriorityDisinheritAfterTimeout
000075a5  vTaskStartScheduler                
0000d7e5  vTaskSuspendAll                    
00004ff3  vTaskSwitchContext                 
0000d249  vprintf_                           
0000d0fd  write                              
0000b2c1  xPortPendSVHandler                 
0000a5c3  xPortStartScheduler                
0000cc7b  xQueueCreateMutexStatic            
000058f5  xQueueGenericCreateStatic          
00008b2f  xQueueGenericReset                 
00002d27  xQueueGenericSend                  
00004b23  xQueueGenericSendFromISR           
000052ff  xQueueGiveFromISR                  
0000aa31  xQueueGiveMutexRecursive           
00003aa9  xQueueReceive                      
00005bbf  xQueueReceiveFromISR               
0003614c  xQueueRegistry                     
0000284b  xQueueSemaphoreTake                
0000a847  xQueueTakeMutexRecursive           
00007e63  xTaskCheckForTimeOut               
0000749b  xTaskCreateStatic                  
0000d6dd  xTaskGetCurrentTaskHandle          
0000c1a7  xTaskGetIdleTaskHandle             
0000c969  xTaskGetSchedulerState             
0000d6f1  xTaskGetTickCount                  
00004ccb  xTaskIncrementTick                 
00006d07  xTaskPriorityDisinherit            
00006e25  xTaskPriorityInherit               
000087fd  xTaskRemoveFromEventList           
00005179  xTaskResumeAll                     
000095bd  xTimerCreateTimerTask              
00008d7d  xTimerGenericCommand               


GLOBAL SYMBOLS: SORTED BY Symbol Address 

address   name                               
-------   ----                               
00000000  __TI_static_base__                 
00000000  gHwiP_vectorTable                  
000017f1  HwiP_enableInt                     
0000185d  HwiP_restore                       
00001879  HwiP_disableInt                    
00001911  HwiP_restoreInt                    
000019ad  HwiP_clearInt                      
000019eb  HwiP_setPri                        
00001aa9  HwiP_Params_init                   
00001ad1  HwiP_construct                     
00001b73  HwiP_destruct                      
00001bb9  HwiP_post                          
00001bdd  HwiP_disable                       
00001bf9  HwiP_enable                        
00001c11  HwiP_init                          
00001c99  MCSPI_transfer                     
0000201d  Sciclient_service                  
000022f7  mcspi_loopback_main                
000025bf  UART_open                          
0000284b  xQueueSemaphoreTake                
00002abd  MCSPI_open                         
00002d27  xQueueGenericSend                  
0000340f  MpuP_RegionAttrs_init              
0000343d  MpuP_setRegion                     
0000352f  MpuP_enable                        
0000358d  MpuP_disable                       
000035bb  MpuP_isEnable                      
000035cb  MpuP_init                          
00003aa9  xQueueReceive                      
00003ead  UART_write                         
00004000  __STACK_SIZE                       
000040a1  SOC_moduleSetClockFrequency        
00004283  Board_init                         
00004447  ClockP_init                        
000047bb  __aeabi_ldiv0                      
000047bd  __aeabi_dsub                       
000047bd  __subdf3                           
000047c7  __adddf3                           
000047c7  __aeabi_dadd                       
00004973  UART_close                         
00004b23  xQueueGenericSendFromISR           
00004ccb  xTaskIncrementTick                 
00004e6d  SysTickTimerP_setup                
00004ff3  vTaskSwitchContext                 
00005179  xTaskResumeAll                     
000052ff  xQueueGiveFromISR                  
000058f5  xQueueGenericCreateStatic          
00005a5f  vTaskPriorityDisinheritAfterTimeout
00005bbf  xQueueReceiveFromISR               
00005d15  vTaskDelete                        
00006611  __aeabi_ddiv                       
00006611  __divdf3                           
00006875  MCSPI_close                        
000069a1  Sciclient_pmQueryModuleClkFreq     
00006ac7  _nop                               
00006ac9  aligned_alloc                      
00006ac9  memalign                           
00006be9  eTaskGetState                      
00006d07  xTaskPriorityDisinherit            
00006e25  xTaskPriorityInherit               
0000727f  Drivers_mcspiOpen                  
0000738f  Sciclient_pmSetModuleClkFreq       
0000749b  xTaskCreateStatic                  
000075a5  vTaskStartScheduler                
000076a7  TaskP_loadUpdateAll                
000078a3  vPortConfigTimerForRunTimeStats    
000078a5  __aeabi_dmul                       
000078a5  __muldf3                           
000079a1  free                               
00007e63  xTaskCheckForTimeOut               
00007f51  AddrTranslateP_getLocalAddr        
00008000  __SYSMEM_SIZE                      
00008039  HwiP_interrupt_handler             
0000808f  HwiP_nmi_handler                   
000080a3  HwiP_hardFault_handler             
000080b7  HwiP_memFault_handler              
000080cb  HwiP_busFault_handler              
000080df  HwiP_usageFault_handler            
000080f3  HwiP_reserved_handler              
00008107  HwiP_debugMon_handler              
000081fd  vTaskGetInfo                       
00008651  setvbuf                            
000087fd  xTaskRemoveFromEventList           
000088cd  UART_flushTxFifo                   
00008a65  MCSPI_chConfig                     
00008b2f  xQueueGenericReset                 
00008d7d  xTimerGenericCommand               
00008e3b  UART_init                          
00008ef5  AddrTranslateP_init                
00009061  Sciclient_getCurrentContext        
00009115  __udivmoddi4                       
0000931f  Drivers_uartOpen                   
00009475  Sciclient_pmGetModuleClkNumParent  
000095bd  xTimerCreateTimerTask              
00009799  Sciclient_pmGetModuleClkFreq       
00009833  Sciclient_pmGetModuleClkParent     
000098cd  Sciclient_pmSetModuleClkParent     
00009967  SemaphoreP_pend                    
00009b35  MCSPI_init                         
00009bcd  Sciclient_pmModuleGetClkStatus     
00009c65  main                               
00009cfd  Sciclient_init                     
00009e29  SOC_moduleClockEnable              
00009ebb  SemaphoreP_constructBinary         
00009f4d  _DebugP_logZone                    
0000a0f9  Sciclient_pmGetModuleState         
0000a185  Sciclient_pmModuleClkRequest       
0000a211  Sciclient_pmSetModuleState         
0000a325  fputc                              
0000a3ad  ClockP_getTimeUsec                 
0000a53f  UART_dmaDisableChannel             
0000a5c3  xPortStartScheduler                
0000a647  vTaskDelay                         
0000a6c9  UART_dmaClose                      
0000a847  xQueueTakeMutexRecursive           
0000a8c3  SemaphoreP_post                    
0000a9b7  _DebugP_assert                     
0000aa31  xQueueGiveMutexRecursive           
0000aaab  ClockP_usleep                      
0000ab21  __TI_closefile                     
0000ac79  Pinmux_config                      
0000ace9  SemaphoreP_constructMutex          
0000ad59  UART_dmaOpen                       
0000adc9  __gedf2                            
0000adc9  __gtdf2                            
0000ae39  __cmpdf2                           
0000ae39  __eqdf2                            
0000ae39  __ledf2                            
0000ae39  __ltdf2                            
0000ae39  __nedf2                            
0000aea7  MCSPI_dmaOpen                      
0000af81  vPortEnterCritical                 
0000afed  vListInsert                        
0000b0c1  fseeko                             
0000b129  getdevice                          
0000b191  HOSTrename                         
0000b1f5  vApplicationLoadHook               
0000b259  vQueueWaitForMessageRestricted     
0000b2bd  fseek                              
0000b2c1  xPortPendSVHandler                 
0000b325  __aeabi_dcmpeq                     
0000b339  __aeabi_dcmplt                     
0000b34d  __aeabi_dcmple                     
0000b361  __aeabi_dcmpge                     
0000b375  __aeabi_dcmpgt                     
0000b3e7  __TI_wrt_ok                        
0000b449  close                              
0000b509  vTaskPlaceOnEventListRestricted    
0000b569  Sciclient_pmSetModuleRst           
0000b625  pxPortInitialiseStack              
0000b683  Module_clockSetFrequency           
0000b6df  MCSPI_dmaTransfer                  
0000b7ed  vPortExitCritical                  
0000b849  HOSTlseek                          
0000b8a1  HOSTopen                           
0000b951  Sciclient_getContext               
0000b9a9  _c_int00                           
0000ba01  HOSTread                           
0000ba55  HOSTwrite                          
0000baa9  UART_writeInterruptDma             
0000bafd  vQueueUnregisterQueue              
0000bb51  vQueueAddToRegistry                
0000bba3  vQueueDelete                       
0000bbf5  Drivers_mcspiClose                 
0000bc45  Drivers_uartClose                  
0000bc95  vTaskPlaceOnEventList              
0000bd33  UART_getHandle                     
0000bd81  __TI_doflush                       
0000bdcf  vPortTimerTickHandler              
0000be1d  Dpl_init                           
0000c031  Module_clockEnable                 
0000c1a7  xTaskGetIdleTaskHandle             
0000c281  uxListRemove                       
0000c2c9  __aeabi_d2iz                       
0000c2c9  __fixdfsi                          
0000c359  HOSTunlink                         
0000c425  __aeabi_d2uiz                      
0000c425  __fixunsdfsi                       
0000c5ed  DebugP_uartLogWriterPutChar        
0000c6a9  HOSTclose                          
0000c6e5  Sciclient_getDevId                 
0000c887  vListInsertEnd                     
0000c969  xTaskGetSchedulerState             
0000c9a1  __TI_auto_init_nobinit_nopinit     
0000ca7b  vApplicationStackOverflowHook      
0000cae5  __TI_cleanup                       
0000cb19  __TI_writemsg                      
0000cb43  C$$IO$$                            
0000cb4d  finddevice                         
0000cb81  ClockP_timerTickIsr                
0000cc17  System_init                        
0000cc7b  xQueueCreateMutexStatic            
0000ccad  SysTickTimerP_Params_init          
0000cd3d  __TI_readmsg                       
0000cd6d  __aeabi_dcmpun                     
0000cd6d  __unorddf2                         
0000cd9d  exit                               
0000cf11  vListInitialise                    
0000cf41  __aeabi_i2d                        
0000cf41  __floatsidf                        
0000cf6f  DebugP_logZoneEnable               
0000cff5  lseek                              
0000d04d  pvTaskIncrementMutexHeldCount      
0000d079  unlink                             
0000d0a5  vApplicationGetIdleTaskMemory      
0000d0d1  vApplicationGetTimerTaskMemory     
0000d0fd  write                              
0000d249  vprintf_                           
0000d2e1  HwiP_inISR                         
0000d305  _DebugP_assertNoLog                
0000d34d  _system_pre_init                   
0000d371  vPortSVCHandler                    
0000d395  vTaskInternalSetTimeOutState       
0000d3db  ClockP_usecToTicks                 
0000d45b  Pinmux_init                        
0000d47b  vPortFree                          
0000d49d  __aeabi_ui2d                       
0000d49d  __floatunsidf                      
0000d4db  CSL_secProxyGetDataAddr            
0000d531  putchar_                           
0000d567  SysTickTimerP_start                
0000d581  SysTickTimerP_stop                 
0000d5cd  TaskP_yield                        
0000d62d  freertos_main                      
0000d645  AddrTranslateP_Params_init         
0000d671  SemaphoreP_destruct                
0000d6b3  DebugP_uartSetDrvIndex             
0000d6dd  xTaskGetCurrentTaskHandle          
0000d6f1  xTaskGetTickCount                  
0000d705  __aeabi_memset                     
0000d705  __aeabi_memset4                    
0000d705  __aeabi_memset8                    
0000d711  __aeabi_memclr                     
0000d711  __aeabi_memclr4                    
0000d711  __aeabi_memclr8                    
0000d719  __aeabi_uldivmod                   
0000d72d  SysTickTimerP_getCount             
0000d73f  SysTickTimerP_getReloadCount       
0000d751  uiPortGetRunTimeCounterValue       
0000d763  TI_memcpy_small                    
0000d7e5  vTaskSuspendAll                    
0000d7f5  ClockP_getTimerCount               
0000d81f  vListInitialiseItem                
0000d82d  vTaskMissedYield                   
0000d83b  TI_memset_small                    
0000d849  Board_driversOpen                  
0000d879  Drivers_open                       
0000d885  PowerClock_init                    
0000d891  putchar                            
0000d89d  vApplicationIdleHook               
0000d8a7  ClockP_getTicks                    
0000d8af  ClockP_timerClearOverflowInt       
0000d8b7  Drivers_uartInit                   
0000d8bf  __mpu_init                         
0000d8c7  malloc                             
0000d8cf  remove                             
0000d8d2  C$$EXIT                            
0000d8d3  abort                              
0000d8d9  __aeabi_memcpy                     
0000d8d9  __aeabi_memcpy4                    
0000d8d9  __aeabi_memcpy8                    
0000d8e0  _sys_memory                        
000158e0  __stack                            
000198e0  __STACK_END                        
00030000  __BSS_START                        
00030000  __start___llvm_prf_bits            
00030000  __start___llvm_prf_cnts            
00030000  __stop___llvm_prf_bits             
00030000  __stop___llvm_prf_cnts             
00030000  gMainTaskStack                     
00035cac  gHwiCtrl                           
00035f2c  _CIOBUF_                           
00035f2c  __CIOBUF_                          
0003614c  xQueueRegistry                     
0003624c  __TI_tmpnams                       
00036494  gMainTaskObj                       
00036520  gTaskP_ctrl                        
000365d0  gRovDummyQueue                     
00036620  gClockCtrl                         
000366e4  parmbuf                            
000366fc  gMainTask                          
00036700  gMcspiHandle                       
00036704  gUartHandle                        
00036708  gMcspiRxBuffer                     
0003670a  gMcspiTxBuffer                     
00036720  __BSS_END                          
00037ef8  gSciclientMap                      
0003828c  uxTopUsedPriority                  
000383b0  _ftable                            
000383b0  gUartDmaConfig                     
000385d8  _device                            
00038650  gUartParams                        
000386a8  _stream                            
000386f8  gAddrTranslateRegionConfig         
00038738  gConfigMcspi0ChCfg                 
000387cc  gMpuRegionConfig                   
000387ec  FreeRTOS_errno                     
000387f0  gSciclientSecProxyCfg              
00038810  gClockConfig                       
00038840  gSocModulesClockFrequency          
00038858  gMcspiOpenParams                   
0003886c  gAddrTranslateConfig               
00038878  gMpuConfig                         
00038884  gSocModules                        
00038890  __TI_cleanup_ptr                   
00038894  __TI_dtors_ptr                     
00038898  gMcspiConfig                       
000388a0  gMcspiDmaConfig                    
000388b8  gUartConfig                        
000388c8  __TI_ft_end                        
000388cc  _lock                              
000388d0  _unlock                            
000388d8  gDebugLogZone                      
000388dc  gDebugP_uartDrvIndex               
000388e0  gMcspiConfigNum                    
000388e4  gMcspiDmaConfigNum                 
000388e8  gUartConfigNum                     
000388ec  gUartDmaConfigNum                  
000388f0  k                                  
000388f8  pxCurrentTCB                       
00038944  cmds                               
00038946  isFirst                            
ffffffff  __TI_pprof_out_hndl                
ffffffff  __TI_prof_data_size                
ffffffff  __TI_prof_data_start               
ffffffff  __binit__                          
ffffffff  binit                              
UNDEFED   __TI_CINIT_Base                    
UNDEFED   __TI_CINIT_Limit                   
UNDEFED   __TI_Handler_Table_Base            
UNDEFED   __TI_Handler_Table_Limit           
UNDEFED   _system_post_cinit                 

[332 symbols]
