******************************************************************************
            TI ARM Clang Linker PC v2.1.2                      
******************************************************************************
>> Linked Wed Jul 26 11:05:37 2023

OUTPUT FILE NAME:   <MCSPI_AM62x_multibyte_multichannel.out>
ENTRY POINT SYMBOL: "_c_int00"  address: 0000b869


MEMORY CONFIGURATION

         name            origin    length      used     unused   attr    fill
----------------------  --------  ---------  --------  --------  ----  --------
  M4F_VECS              00000000   00000200  00000140  000000c0  RWIX
  M4F_IRAM              00000200   0002fe00  000195a0  00016860  RWIX
  M4F_DRAM              00030000   00010000  00008950  000076b0  RWIX


SEGMENT ALLOCATION MAP

run origin  load origin   length   init length attrs members
----------  ----------- ---------- ----------- ----- -------
00000000    00000000    00000140   00000140    rw-
  00000000    00000000    00000140   00000140    rw- .vectors
00000200    00000200    0000d5a0   0000d5a0    r-x
  00000200    00000200    0000d5a0   0000d5a0    r-x .text
0000d7a0    0000d7a0    0000c000   00000000    rw-
  0000d7a0    0000d7a0    00008000   00000000    rw- .sysmem
  000157a0    000157a0    00004000   00000000    rw- .stack
00030000    00030000    00006720   00000000    rw-
  00030000    00030000    00006720   00000000    rw- .bss
00036720    00036720    00001c90   00001c90    r--
  00036720    00036720    00001c90   00001c90    r-- .rodata
000383b0    000383b0    000005a0   000005a0    rw-
  000383b0    000383b0    000005a0   000005a0    rw- .data


SECTION ALLOCATION MAP

 output                                  attributes/
section   page    origin      length       input sections
--------  ----  ----------  ----------   ----------------
.vectors   0    00000000    00000140     
                  00000000    00000140     freertos.am62x.m4f.ti-arm-clang.debug.lib : HwiP_armv7m_handlers_freertos.obj (.vectors)

.text      0    00000200    0000d5a0     
                  00000200    00000a30     freertos.am62x.m4f.ti-arm-clang.debug.lib : printf.obj (.text._vsnprintf)
                  00000c30    00000640                                               : printf.obj (.text._etoa)
                  00001270    00000580                                               : printf.obj (.text._ftoa)
                  000017f0    000004a8                                               : HwiP_armv7m.obj (.text.hwi)
                  00001c98    00000384     drivers.am62x.m4f.ti-arm-clang.debug.lib : mcspi_v0.obj (.text.MCSPI_transfer)
                  0000201c    000002da                                              : sciclient.obj (.text.Sciclient_service)
                  000022f6    0000028c                                              : uart_v0.obj (.text.UART_open)
                  00002582    00000272     freertos.am62x.m4f.ti-arm-clang.debug.lib : queue.obj (.text.xQueueSemaphoreTake)
                  000027f4    0000026a     drivers.am62x.m4f.ti-arm-clang.debug.lib : mcspi_v0.obj (.text.MCSPI_open)
                  00002a5e    0000026a     freertos.am62x.m4f.ti-arm-clang.debug.lib : queue.obj (.text.xQueueGenericSend)
                  00002cc8    00000242     drivers.am62x.m4f.ti-arm-clang.debug.lib : uart_v0.obj (.text.UART_fifoConfig)
                  00002f0a    0000023c     freertos.am62x.m4f.ti-arm-clang.debug.lib : printf.obj (.text._ntoa_format)
                  00003146    0000023a                                               : MpuP_armv7m.obj (.text.mpu)
                  00003380    00000232     drivers.am62x.m4f.ti-arm-clang.debug.lib : uart_v0.obj (.text.UART_masterIsr)
                  000035b2    0000022e                                              : mcspi_v0.obj (.text.MCSPI_setChConfig)
                  000037e0    0000020a     freertos.am62x.m4f.ti-arm-clang.debug.lib : queue.obj (.text.xQueueReceive)
                  000039ea    000001fa     drivers.am62x.m4f.ti-arm-clang.debug.lib : mcspi_v0.obj (.text.MCSPI_transferMasterPoll)
                  00003be4    000001f4                                              : uart_v0.obj (.text.UART_write)
                  00003dd8    000001e2                                              : soc.obj (.text.SOC_moduleSetClockFrequency)
                  00003fba    00000002     ti_board_config.o (.text.Board_init)
                  00003fbc    000001c2     freertos.am62x.m4f.ti-arm-clang.debug.lib : timers.obj (.text.prvProcessReceivedCommands)
                  0000417e    000001ba                                               : ClockP_freertos_m4.obj (.text.ClockP_init)
                  00004338    000001ba     drivers.am62x.m4f.ti-arm-clang.debug.lib : mcspi_v0.obj (.text.MCSPI_continueTxRx)
                  000044f2    00000002     libclang_rt.builtins.a : aeabi_div0.c.obj (.text.__aeabi_ldiv0)
                  000044f4    000001b6                            : adddf3.S.obj (.text)
                  000046aa    000001b0     drivers.am62x.m4f.ti-arm-clang.debug.lib : uart_v0.obj (.text.UART_close)
                  0000485a    000001a8     freertos.am62x.m4f.ti-arm-clang.debug.lib : queue.obj (.text.xQueueGenericSendFromISR)
                  00004a02    000001a2                                               : tasks.obj (.text.xTaskIncrementTick)
                  00004ba4    00000186                                               : SysTickTimerP.obj (.text.SysTickTimerP_setup)
                  00004d2a    00000186                                               : tasks.obj (.text.vTaskSwitchContext)
                  00004eb0    00000186                                               : tasks.obj (.text.xTaskResumeAll)
                  00005036    00000184                                               : queue.obj (.text.xQueueGiveFromISR)
                  000051ba    00000180     mcspi_loopback.o (.text.mcspi_loopback_main)
                  0000533a    0000017e     drivers.am62x.m4f.ti-arm-clang.debug.lib : mcspi_v0.obj (.text.MCSPI_continueSlaveTxRx)
                  000054b8    0000017c                                              : mcspi_v0.obj (.text.MCSPI_slaveIsr)
                  00005634    00000178                                              : uart_v0.obj (.text.UART_configInstance)
                  000057ac    0000016a     freertos.am62x.m4f.ti-arm-clang.debug.lib : queue.obj (.text.xQueueGenericCreateStatic)
                  00005916    00000160                                               : tasks.obj (.text.vTaskPriorityDisinheritAfterTimeout)
                  00005a76    00000156                                               : queue.obj (.text.xQueueReceiveFromISR)
                  00005bcc    00000154                                               : tasks.obj (.text.vTaskDelete)
                  00005d20    00000150     drivers.am62x.m4f.ti-arm-clang.debug.lib : uart_v0.obj (.text.UART_procLineStatusErr)
                  00005e70    0000014c                                              : mcspi_v0.obj (.text.MCSPI_masterIsr)
                  00005fbc    0000014a                                              : mcspi_v0.obj (.text.MCSPI_setFifoConfig)
                  00006106    00000148     freertos.am62x.m4f.ti-arm-clang.debug.lib : tasks.obj (.text.prvInitialiseNewTask)
                  0000624e    00000142     drivers.am62x.m4f.ti-arm-clang.debug.lib : sciclient.obj (.text.Sciclient_sendMessage)
                  00006390    00000138     freertos.am62x.m4f.ti-arm-clang.debug.lib : printf.obj (.text._ntoa_long_long)
                  000064c8    00000136     libclang_rt.builtins.a : divdf3.S.obj (.text)
                  000065fe    0000012e     drivers.am62x.m4f.ti-arm-clang.debug.lib : sciclient.obj (.text.Sciclient_recvMessage)
                  0000672c    0000012c                                              : mcspi_v0.obj (.text.MCSPI_close)
                  00006858    00000126                                              : sciclient_pm.obj (.text.Sciclient_pmQueryModuleClkFreq)
                  0000697e    00000002     libc.a : _lock.c.obj (.text._nop)
                  00006980    00000120            : memory.c.obj (.text.aligned_alloc)
                  00006aa0    0000011e     freertos.am62x.m4f.ti-arm-clang.debug.lib : tasks.obj (.text.eTaskGetState)
                  00006bbe    0000011e                                               : tasks.obj (.text.xTaskPriorityDisinherit)
                  00006cdc    0000011a                                               : tasks.obj (.text.xTaskPriorityInherit)
                  00006df6    00000116     drivers.am62x.m4f.ti-arm-clang.debug.lib : uart_v0.obj (.text.UART_divisorLatchWrite)
                  00006f0c    00000116     freertos.am62x.m4f.ti-arm-clang.debug.lib : tasks.obj (.text.prvAddNewTaskToReadyList)
                  00007022    00000114                                               : printf.obj (.text._ntoa_long)
                  00007136    00000110     ti_drivers_open_close.o (.text.Drivers_mcspiOpen)
                  00007246    0000010c     drivers.am62x.m4f.ti-arm-clang.debug.lib : sciclient_pm.obj (.text.Sciclient_pmSetModuleClkFreq)
                  00007352    0000010a     freertos.am62x.m4f.ti-arm-clang.debug.lib : tasks.obj (.text.xTaskCreateStatic)
                  0000745c    00000102                                               : tasks.obj (.text.vTaskStartScheduler)
                  0000755e    00000100                                               : TaskP_freertos.obj (.text.TaskP_loadUpdateAll)
                  0000765e    000000fc     drivers.am62x.m4f.ti-arm-clang.debug.lib : mcspi_v0.obj (.text.MCSPI_setSlaveFifoConfig)
                  0000775a    00000002     freertos.am62x.m4f.ti-arm-clang.debug.lib : port.obj (.text.vPortConfigTimerForRunTimeStats)
                  0000775c    000000fc     libclang_rt.builtins.a : muldf3.S.obj (.text)
                  00007858    000000f8     libc.a : memory.c.obj (.text.free)
                  00007950    000000f6     drivers.am62x.m4f.ti-arm-clang.debug.lib : mcspi_v0.obj (.text.MCSPI_initiateLastChunkTransfer)
                  00007a46    000000f4     freertos.am62x.m4f.ti-arm-clang.debug.lib : tasks.obj (.text.prvAddCurrentTaskToDelayedList)
                  00007b3a    000000f2     drivers.am62x.m4f.ti-arm-clang.debug.lib : mcspi_v0.obj (.text.MCSPI_configInstance)
                  00007c2c    000000ee                                              : mcspi_v0.obj (.text.MCSPI_stop)
                  00007d1a    000000ee     freertos.am62x.m4f.ti-arm-clang.debug.lib : tasks.obj (.text.xTaskCheckForTimeOut)
                  00007e08    000000e8                                               : AddrTranslateP.obj (.text.AddrTranslateP_getLocalAddr)
                  00007ef0    000000e2                                               : HwiP_armv7m_handlers_freertos.obj (.text.hwi)
                  00007fd2    000000e2                                               : timers.obj (.text.prvSwitchTimerLists)
                  000080b4    000000e2                                               : tasks.obj (.text.vTaskGetInfo)
                  00008196    000000de     drivers.am62x.m4f.ti-arm-clang.debug.lib : sciclient.obj (.text.Sciclient_waitForMessage)
                  00008274    000000de                                              : uart_v0.obj (.text.UART_intrEnable)
                  00008352    000000dc                                              : mcspi_v0.obj (.text.MCSPI_setClkConfig)
                  0000842e    000000da                                              : uart_v0.obj (.text.UART_intrDisable)
                  00008508    000000d8     libc.a : setvbuf.c.obj (.text.setvbuf)
                  000085e0    000000d4     drivers.am62x.m4f.ti-arm-clang.debug.lib : pinmux.obj (.text.Pinmux_unlockMMR)
                  000086b4    000000d0     freertos.am62x.m4f.ti-arm-clang.debug.lib : tasks.obj (.text.xTaskRemoveFromEventList)
                  00008784    000000cc     drivers.am62x.m4f.ti-arm-clang.debug.lib : uart_v0.obj (.text.UART_flushTxFifo)
                  00008850    000000cc     freertos.am62x.m4f.ti-arm-clang.debug.lib : queue.obj (.text.prvCopyDataToQueue)
                  0000891c    000000ca     drivers.am62x.m4f.ti-arm-clang.debug.lib : mcspi_v0.obj (.text.MCSPI_chConfig)
                  000089e6    000000c8     freertos.am62x.m4f.ti-arm-clang.debug.lib : queue.obj (.text.xQueueGenericReset)
                  00008aae    000000c6     drivers.am62x.m4f.ti-arm-clang.debug.lib : uart_v0.obj (.text.UART_writePolling)
                  00008b74    000000c0     freertos.am62x.m4f.ti-arm-clang.debug.lib : printf.obj (.text._out_rev)
                  00008c34    000000be                                               : timers.obj (.text.xTimerGenericCommand)
                  00008cf2    000000ba     drivers.am62x.m4f.ti-arm-clang.debug.lib : uart_v0.obj (.text.UART_init)
                  00008dac    000000b8     freertos.am62x.m4f.ti-arm-clang.debug.lib : AddrTranslateP.obj (.text.AddrTranslateP_init)
                  00008e64    000000b4     drivers.am62x.m4f.ti-arm-clang.debug.lib : mcspi_v0.obj (.text.MCSPI_fifoRead)
                  00008f18    000000b2                                              : sciclient.obj (.text.Sciclient_getCurrentContext)
                  00008fca    00000002     --HOLE-- [fill = 0]
                  00008fcc    000000b0     libclang_rt.builtins.a : udivmoddi4.S.obj (.text)
                  0000907c    000000ae     freertos.am62x.m4f.ti-arm-clang.debug.lib : queue.obj (.text.prvUnlockQueue)
                  0000912a    000000ac                                               : AddrTranslateP.obj (.text.AddrTranslateP_setRegion)
                  000091d6    000000ac     ti_drivers_open_close.o (.text.Drivers_uartOpen)
                  00009282    000000aa     drivers.am62x.m4f.ti-arm-clang.debug.lib : uart_v0.obj (.text.UART_fifoWrite)
                  0000932c    000000a6                                              : sciclient_pm.obj (.text.Sciclient_pmGetModuleClkNumParent)
                  000093d2    000000a2     freertos.am62x.m4f.ti-arm-clang.debug.lib : timers.obj (.text.prvCheckForValidListAndQueue)
                  00009474    000000a2                                               : timers.obj (.text.xTimerCreateTimerTask)
                  00009516    0000009e     drivers.am62x.m4f.ti-arm-clang.debug.lib : mcspi_v0.obj (.text.MCSPI_transferMasterIntr)
                  000095b4    0000009c     freertos.am62x.m4f.ti-arm-clang.debug.lib : timers.obj (.text.prvProcessExpiredTimer)
                  00009650    0000009a     drivers.am62x.m4f.ti-arm-clang.debug.lib : sciclient_pm.obj (.text.Sciclient_pmGetModuleClkFreq)
                  000096ea    0000009a                                              : sciclient_pm.obj (.text.Sciclient_pmGetModuleClkParent)
                  00009784    0000009a                                              : sciclient_pm.obj (.text.Sciclient_pmSetModuleClkParent)
                  0000981e    0000009a     freertos.am62x.m4f.ti-arm-clang.debug.lib : SemaphoreP_freertos.obj (.text.SemaphoreP_pend)
                  000098b8    0000009a     drivers.am62x.m4f.ti-arm-clang.debug.lib : uart_v0.obj (.text.UART_writeCancelNoCB)
                  00009952    0000009a     freertos.am62x.m4f.ti-arm-clang.debug.lib : timers.obj (.text.prvProcessTimerOrBlockTask)
                  000099ec    00000098     drivers.am62x.m4f.ti-arm-clang.debug.lib : mcspi_v0.obj (.text.MCSPI_init)
                  00009a84    00000098                                              : sciclient_pm.obj (.text.Sciclient_pmModuleGetClkStatus)
                  00009b1c    00000098     main.o (.text.main)
                  00009bb4    00000096     drivers.am62x.m4f.ti-arm-clang.debug.lib : sciclient.obj (.text.Sciclient_init)
                  00009c4a    00000096                                              : uart_v0.obj (.text.UART_subConfigTCRTLRModeEn)
                  00009ce0    00000092                                              : soc.obj (.text.SOC_moduleClockEnable)
                  00009d72    00000092     freertos.am62x.m4f.ti-arm-clang.debug.lib : SemaphoreP_freertos.obj (.text.SemaphoreP_constructBinary)
                  00009e04    00000092                                               : DebugP_freertos.obj (.text._DebugP_logZone)
                  00009e96    0000008e                                               : tasks.obj (.text.prvInitialiseTaskLists)
                  00009f24    0000008c     drivers.am62x.m4f.ti-arm-clang.debug.lib : mcspi_v0.obj (.text.MCSPI_fifoWrite)
                  00009fb0    0000008c                                              : sciclient_pm.obj (.text.Sciclient_pmGetModuleState)
                  0000a03c    0000008c                                              : sciclient_pm.obj (.text.Sciclient_pmModuleClkRequest)
                  0000a0c8    0000008c                                              : sciclient_pm.obj (.text.Sciclient_pmSetModuleState)
                  0000a154    00000088                                              : mcspi_v0.obj (.text.MCSPI_checkTransaction)
                  0000a1dc    00000088     libc.a : fputc.c.obj (.text.fputc)
                  0000a264    00000086     freertos.am62x.m4f.ti-arm-clang.debug.lib : ClockP_freertos.obj (.text.ClockP_getTimeUsec)
                  0000a2ea    00000086     drivers.am62x.m4f.ti-arm-clang.debug.lib : uart_v0.obj (.text.UART_tcrTlrBitValRestore)
                  0000a370    00000086     freertos.am62x.m4f.ti-arm-clang.debug.lib : timers.obj (.text.prvInsertTimerInActiveList)
                  0000a3f6    00000084     drivers.am62x.m4f.ti-arm-clang.debug.lib : uart_dma.obj (.text.UART_dmaDisableChannel)
                  0000a47a    00000084     freertos.am62x.m4f.ti-arm-clang.debug.lib : port.obj (.text.xPortStartScheduler)
                  0000a4fe    00000082                                               : tasks.obj (.text.vTaskDelay)
                  0000a580    00000080     drivers.am62x.m4f.ti-arm-clang.debug.lib : uart_dma.obj (.text.UART_dmaClose)
                  0000a600    00000080                                              : uart_v0.obj (.text.UART_readData)
                  0000a680    0000007e                                              : mcspi_v0.obj (.text.MCSPI_setChDataSize)
                  0000a6fe    0000007c     freertos.am62x.m4f.ti-arm-clang.debug.lib : queue.obj (.text.xQueueTakeMutexRecursive)
                  0000a77a    0000007a                                               : SemaphoreP_freertos.obj (.text.SemaphoreP_post)
                  0000a7f4    0000007a     drivers.am62x.m4f.ti-arm-clang.debug.lib : uart_v0.obj (.text.UART_Params_init)
                  0000a86e    0000007a     freertos.am62x.m4f.ti-arm-clang.debug.lib : DebugP_log.obj (.text._DebugP_assert)
                  0000a8e8    0000007a                                               : queue.obj (.text.xQueueGiveMutexRecursive)
                  0000a962    00000074                                               : ClockP_freertos.obj (.text.ClockP_usleep)
                  0000a9d6    00000002     --HOLE-- [fill = 0]
                  0000a9d8    00000074     libc.a : fclose.c.obj (.text.__TI_closefile)
                  0000aa4c    00000072     drivers.am62x.m4f.ti-arm-clang.debug.lib : mcspi_v0.obj (.text.MCSPI_transferSlavePoll)
                  0000aabe    00000072     freertos.am62x.m4f.ti-arm-clang.debug.lib : tasks.obj (.text.prvDeleteTCB)
                  0000ab30    00000070     drivers.am62x.m4f.ti-arm-clang.debug.lib : pinmux.obj (.text.Pinmux_config)
                  0000aba0    00000070     freertos.am62x.m4f.ti-arm-clang.debug.lib : SemaphoreP_freertos.obj (.text.SemaphoreP_constructMutex)
                  0000ac10    00000070     drivers.am62x.m4f.ti-arm-clang.debug.lib : uart_dma.obj (.text.UART_dmaOpen)
                  0000ac80    0000006e     libclang_rt.builtins.a : comparedf2.c.obj (.text.__gedf2)
                  0000acee    00000002     --HOLE-- [fill = 0]
                  0000acf0    0000006e                            : comparedf2.c.obj (.text.__ledf2)
                  0000ad5e    0000006c     drivers.am62x.m4f.ti-arm-clang.debug.lib : mcspi_dma.obj (.text.MCSPI_dmaOpen)
                  0000adca    00000002     --HOLE-- [fill = 0]
                  0000adcc    0000006c     libc.a : memory.c.obj (.text.split)
                  0000ae38    0000006c     freertos.am62x.m4f.ti-arm-clang.debug.lib : port.obj (.text.vPortEnterCritical)
                  0000aea4    0000006a                                               : list.obj (.text.vListInsert)
                  0000af0e    00000002     --HOLE-- [fill = 0]
                  0000af10    00000068     drivers.am62x.m4f.ti-arm-clang.debug.lib : uart_v0.obj (.text.UART_divisorValCompute)
                  0000af78    00000068     libc.a : fseek.c.obj (.text.fseeko)
                  0000afe0    00000068            : getdevice.c.obj (.text.getdevice)
                  0000b048    00000064     libsysbm.a : hostrename.c.obj (.text.HOSTrename)
                  0000b0ac    00000064     freertos.am62x.m4f.ti-arm-clang.debug.lib : TaskP_freertos.obj (.text.vApplicationLoadHook)
                  0000b110    00000064                                               : queue.obj (.text.vQueueWaitForMessageRestricted)
                  0000b174    0000000c     ti_board_open_close.o (.text.Board_driversOpen)
                  0000b180    00000064     freertos.am62x.m4f.ti-arm-clang.debug.lib : port.obj (.text.xPortPendSVHandler)
                  0000b1e4    00000062     libclang_rt.builtins.a : aeabi_dcmp.S.obj (.text)
                  0000b246    00000060     drivers.am62x.m4f.ti-arm-clang.debug.lib : uart_v0.obj (.text.UART_getChar)
                  0000b2a6    00000060     libc.a : _io_perm.c.obj (.text.__TI_wrt_ok)
                  0000b306    00000002     --HOLE-- [fill = 0]
                  0000b308    00000060     libsysbm.a : close.c.obj (.text.close)
                  0000b368    00000060     freertos.am62x.m4f.ti-arm-clang.debug.lib : port.obj (.text.prvTaskExitError)
                  0000b3c8    00000060                                               : tasks.obj (.text.vTaskPlaceOnEventListRestricted)
                  0000b428    0000005e     drivers.am62x.m4f.ti-arm-clang.debug.lib : sciclient_pm.obj (.text.Sciclient_pmSetModuleRst)
                  0000b486    0000005e                                              : uart_v0.obj (.text.UART_writeData)
                  0000b4e4    0000005e     freertos.am62x.m4f.ti-arm-clang.debug.lib : port.obj (.text.pxPortInitialiseStack)
                  0000b542    0000005c     ti_power_clock_config.o (.text.Module_clockSetFrequency)
                  0000b59e    0000005a     drivers.am62x.m4f.ti-arm-clang.debug.lib : mcspi_dma.obj (.text.MCSPI_dmaTransfer)
                  0000b5f8    0000005a                                              : uart_v0.obj (.text.UART_regConfigModeEnable)
                  0000b652    0000005a     freertos.am62x.m4f.ti-arm-clang.debug.lib : tasks.obj (.text.prvCheckTasksWaitingTermination)
                  0000b6ac    0000005a                                               : port.obj (.text.vPortExitCritical)
                  0000b706    00000002     --HOLE-- [fill = 0]
                  0000b708    00000058     libsysbm.a : hostlseek.c.obj (.text.HOSTlseek)
                  0000b760    00000058                : hostopen.c.obj (.text.HOSTopen)
                  0000b7b8    00000058     drivers.am62x.m4f.ti-arm-clang.debug.lib : mcspi_v0.obj (.text.MCSPI_transferSlaveIntr)
                  0000b810    00000058                                              : sciclient_soc_priv.obj (.text.Sciclient_getContext)
                  0000b868    00000056     freertos.am62x.m4f.ti-arm-clang.debug.lib : boot_armv7m.obj (.text:_c_int00)
                  0000b8be    00000002     --HOLE-- [fill = 0]
                  0000b8c0    00000054     libsysbm.a : hostread.c.obj (.text.HOSTread)
                  0000b914    00000054                : hostwrite.c.obj (.text.HOSTwrite)
                  0000b968    00000054     drivers.am62x.m4f.ti-arm-clang.debug.lib : uart_dma.obj (.text.UART_writeInterruptDma)
                  0000b9bc    00000054     freertos.am62x.m4f.ti-arm-clang.debug.lib : queue.obj (.text.vQueueUnregisterQueue)
                  0000ba10    00000052                                               : queue.obj (.text.vQueueAddToRegistry)
                  0000ba62    00000052                                               : queue.obj (.text.vQueueDelete)
                  0000bab4    00000050     ti_drivers_open_close.o (.text.Drivers_mcspiClose)
                  0000bb04    00000050     ti_drivers_open_close.o (.text.Drivers_uartClose)
                  0000bb54    00000050     freertos.am62x.m4f.ti-arm-clang.debug.lib : tasks.obj (.text.vTaskPlaceOnEventList)
                  0000bba4    0000004e     drivers.am62x.m4f.ti-arm-clang.debug.lib : mcspi_v0.obj (.text.MCSPI_getFifoTrigLvl)
                  0000bbf2    0000004e                                              : uart_v0.obj (.text.UART_getHandle)
                  0000bc40    0000004e     libc.a : fflush.c.obj (.text.__TI_doflush)
                  0000bc8e    0000004e     freertos.am62x.m4f.ti-arm-clang.debug.lib : port.obj (.text.vPortTimerTickHandler)
                  0000bcdc    0000004c     ti_dpl_config.o (.text.Dpl_init)
                  0000bd28    0000004c     drivers.am62x.m4f.ti-arm-clang.debug.lib : mcspi_v0.obj (.text.MCSPI_fifoRead16)
                  0000bd74    0000004c                                              : mcspi_v0.obj (.text.MCSPI_fifoRead32)
                  0000bdc0    0000004c                                              : mcspi_v0.obj (.text.MCSPI_fifoRead8)
                  0000be0c    0000004c                                              : mcspi_v0.obj (.text.MCSPI_fifoWrite16)
                  0000be58    0000004c                                              : mcspi_v0.obj (.text.MCSPI_fifoWrite32)
                  0000bea4    0000004c                                              : mcspi_v0.obj (.text.MCSPI_fifoWrite8)
                  0000bef0    0000004c     ti_power_clock_config.o (.text.Module_clockEnable)
                  0000bf3c    0000004c     drivers.am62x.m4f.ti-arm-clang.debug.lib : uart_v0.obj (.text.UART_fifoRegisterWrite)
                  0000bf88    0000004a                                              : mcspi_v0.obj (.text.MCSPI_checkChConfig)
                  0000bfd2    0000004a                                              : uart_v0.obj (.text.UART_getIntrIdentityStatus)
                  0000c01c    0000004a                                              : uart_v0.obj (.text.UART_lineCharConfig)
                  0000c066    0000004a     freertos.am62x.m4f.ti-arm-clang.debug.lib : tasks.obj (.text.xTaskGetIdleTaskHandle)
                  0000c0b0    00000048     drivers.am62x.m4f.ti-arm-clang.debug.lib : mcspi_v0.obj (.text.MCSPI_checkOpenParams)
                  0000c0f8    00000048     freertos.am62x.m4f.ti-arm-clang.debug.lib : queue.obj (.text.prvInitialiseNewQueue)
                  0000c140    00000048                                               : list.obj (.text.uxListRemove)
                  0000c188    00000048     libclang_rt.builtins.a : fixdfsi.S.obj (.text)
                  0000c1d0    00000046     drivers.am62x.m4f.ti-arm-clang.debug.lib : uart_v0.obj (.text.UART_readLineStatus)
                  0000c216    00000002     --HOLE-- [fill = 0]
                  0000c218    00000044     libsysbm.a : hostunlink.c.obj (.text.HOSTunlink)
                  0000c25c    00000044     freertos.am62x.m4f.ti-arm-clang.debug.lib : printf.obj (.text._strnlen_s)
                  0000c2a0    00000044                                               : timers.obj (.text.prvSampleTimeNow)
                  0000c2e4    00000044     libclang_rt.builtins.a : fixunsdfsi.S.obj (.text)
                  0000c328    00000042     drivers.am62x.m4f.ti-arm-clang.debug.lib : uart_v0.obj (.text.UART_checkOpenParams)
                  0000c36a    00000042     freertos.am62x.m4f.ti-arm-clang.debug.lib : queue.obj (.text.prvCopyDataFromQueue)
                  0000c3ac    00000040     drivers.am62x.m4f.ti-arm-clang.debug.lib : mcspi_v0.obj (.text.MCSPI_fifoWriteDefault)
                  0000c3ec    00000040                                              : mcspi_v0.obj (.text.Spi_mcspiGetRxMask)
                  0000c42c    00000040                                              : mcspi_v0.obj (.text.Spi_mcspiGetTxMask)
                  0000c46c    00000040     freertos.am62x.m4f.ti-arm-clang.debug.lib : timers.obj (.text.prvGetNextExpireTime)
                  0000c4ac    0000003e                                               : DebugP_uartLogWriter.obj (.text.DebugP_uartLogWriterPutChar)
                  0000c4ea    0000003e     drivers.am62x.m4f.ti-arm-clang.debug.lib : sciclient.obj (.text.Sciclient_secProxyWaitThread)
                  0000c528    0000003e                                              : uart_v0.obj (.text.UART_spaceAvail)
                  0000c566    00000002     --HOLE-- [fill = 0]
                  0000c568    0000003c     libsysbm.a : hostclose.c.obj (.text.HOSTclose)
                  0000c5a4    0000003c     drivers.am62x.m4f.ti-arm-clang.debug.lib : sciclient_soc_priv.obj (.text.Sciclient_getDevId)
                  0000c5e0    0000003c                                              : uart_v0.obj (.text.UART_enhanFuncEnable)
                  0000c61c    0000003c                                              : uart_v0.obj (.text.UART_resetModule)
                  0000c658    0000003c                                              : uart_v0.obj (.text.UART_writeDataPolling)
                  0000c694    0000003c     freertos.am62x.m4f.ti-arm-clang.debug.lib : tasks.obj (.text.prvIdleTask)
                  0000c6d0    0000003c                                               : tasks.obj (.text.prvResetNextTaskUnblockTime)
                  0000c70c    0000003a                                               : printf.obj (.text._atoi)
                  0000c746    0000003a                                               : list.obj (.text.vListInsertEnd)
                  0000c780    00000038     drivers.am62x.m4f.ti-arm-clang.debug.lib : mcspi_v0.obj (.text.CSL_REG32_FINS_RAW)
                  0000c7b8    00000038                                              : mcspi_v0.obj (.text.MCSPI_getDataWidthBitMask)
                  0000c7f0    00000038                                              : sciclient.obj (.text.Sciclient_secProxyFlush)
                  0000c828    00000038     freertos.am62x.m4f.ti-arm-clang.debug.lib : tasks.obj (.text.xTaskGetSchedulerState)
                  0000c860    00000038     libc.a : autoinit.c.obj (.text:__TI_auto_init_nobinit_nopinit)
                  0000c898    00000036     mcspi_loopback.o (.text.MCSPI_Transaction_init)
                  0000c8ce    00000036     drivers.am62x.m4f.ti-arm-clang.debug.lib : mcspi_v0.obj (.text.MCSPI_reset)
                  0000c904    00000036                                              : uart_v0.obj (.text.UART_checkTransaction)
                  0000c93a    00000036     freertos.am62x.m4f.ti-arm-clang.debug.lib : port.obj (.text.vApplicationStackOverflowHook)
                  0000c970    00000034     drivers.am62x.m4f.ti-arm-clang.debug.lib : mcspi_v0.obj (.text.MCSPI_fifoReadDiscard)
                  0000c9a4    00000034     libc.a : fopen.c.obj (.text.__TI_cleanup)
                  0000c9d8    00000034     libsysbm.a : trgmsg.c.obj (.text.__TI_writemsg)
                  0000ca0c    00000034     libc.a : getdevice.c.obj (.text.finddevice)
                  0000ca40    00000032     freertos.am62x.m4f.ti-arm-clang.debug.lib : ClockP_freertos.obj (.text.ClockP_timerTickIsr)
                  0000ca72    00000032     drivers.am62x.m4f.ti-arm-clang.debug.lib : uart_v0.obj (.text.HW_WR_FIELD32_RAW)
                  0000caa4    00000032                                              : mcspi_v0.obj (.text.MCSPI_getBufWidthShift)
                  0000cad6    00000032     ti_drivers_config.o (.text.System_init)
                  0000cb08    00000032     drivers.am62x.m4f.ti-arm-clang.debug.lib : uart_v0.obj (.text.UART_hardwareFlowCtrlOptSet)
                  0000cb3a    00000032     freertos.am62x.m4f.ti-arm-clang.debug.lib : queue.obj (.text.xQueueCreateMutexStatic)
                  0000cb6c    00000030                                               : SysTickTimerP.obj (.text.SysTickTimerP_Params_init)
                  0000cb9c    00000030     drivers.am62x.m4f.ti-arm-clang.debug.lib : uart_v0.obj (.text.UART_enhanFuncBitValRestore)
                  0000cbcc    00000030                                              : uart_v0.obj (.text.UART_flowCtrlTrigLvlConfig)
                  0000cbfc    00000030     libsysbm.a : trgmsg.c.obj (.text.__TI_readmsg)
                  0000cc2c    00000030     libclang_rt.builtins.a : comparedf2.c.obj (.text.__unorddf2)
                  0000cc5c    00000030     libc.a : exit.c.obj (.text.exit)
                  0000cc8c    00000030     freertos.am62x.m4f.ti-arm-clang.debug.lib : port.obj (.text.prvPortStartFirstTask)
                  0000ccbc    0000002e     drivers.am62x.m4f.ti-arm-clang.debug.lib : sciclient.obj (.text.CSL_secProxyGetMaxMsgSize)
                  0000ccea    0000002e                                              : mcspi_v0.obj (.text.MCSPI_clearAllIrqStatus)
                  0000cd18    0000002e                                              : sciclient.obj (.text.Sciclient_secProxyReadThread32)
                  0000cd46    0000002e     freertos.am62x.m4f.ti-arm-clang.debug.lib : printf.obj (.text._is_digit)
                  0000cd74    0000002e                                               : queue.obj (.text.prvIsQueueFull)
                  0000cda2    0000002e                                               : tasks.obj (.text.prvTaskCheckFreeStackSpace)
                  0000cdd0    0000002e                                               : list.obj (.text.vListInitialise)
                  0000cdfe    00000002     --HOLE-- [fill = 0]
                  0000ce00    0000002e     libclang_rt.builtins.a : floatsidf.S.obj (.text)
                  0000ce2e    0000002c     freertos.am62x.m4f.ti-arm-clang.debug.lib : DebugP_log.obj (.text.DebugP_logZoneEnable)
                  0000ce5a    0000002c                                               : TaskP_freertos.obj (.text.TaskP_calcCounterDiff)
                  0000ce86    0000002c     drivers.am62x.m4f.ti-arm-clang.debug.lib : uart_v0.obj (.text.UART_moduleReset)
                  0000ceb2    00000002     --HOLE-- [fill = 0]
                  0000ceb4    0000002c     libsysbm.a : lseek.c.obj (.text.lseek)
                  0000cee0    0000002c     freertos.am62x.m4f.ti-arm-clang.debug.lib : queue.obj (.text.prvInitialiseMutex)
                  0000cf0c    0000002c                                               : tasks.obj (.text.pvTaskIncrementMutexHeldCount)
                  0000cf38    0000002c     libsysbm.a : unlink.c.obj (.text.unlink)
                  0000cf64    0000002c     freertos.am62x.m4f.ti-arm-clang.debug.lib : port.obj (.text.vApplicationGetIdleTaskMemory)
                  0000cf90    0000002c                                               : port.obj (.text.vApplicationGetTimerTaskMemory)
                  0000cfbc    0000002c     libsysbm.a : write.c.obj (.text.write)
                  0000cfe8    0000002a     drivers.am62x.m4f.ti-arm-clang.debug.lib : mcspi_v0.obj (.text.MCSPI_intrStatusClear)
                  0000d012    0000002a     freertos.am62x.m4f.ti-arm-clang.debug.lib : DebugP_uartLogWriter.obj (.text.UART_Transaction_init)
                  0000d03c    0000002a     drivers.am62x.m4f.ti-arm-clang.debug.lib : uart_v0.obj (.text.UART_intr2Disable)
                  0000d066    0000002a                                              : uart_v0.obj (.text.UART_operatingModeSelect)
                  0000d090    00000028                                              : sciclient.obj (.text.Sciclient_secProxyVerifyThread)
                  0000d0b8    00000028     libc.a : memory.c.obj (.text.free_list_insert)
                  0000d0e0    00000028     freertos.am62x.m4f.ti-arm-clang.debug.lib : queue.obj (.text.prvIsQueueEmpty)
                  0000d108    00000028                                               : printf.obj (.text.vprintf_)
                  0000d130    00000026     drivers.am62x.m4f.ti-arm-clang.debug.lib : mcspi_v0.obj (.text.MCSPI_OpenParams_init)
                  0000d156    00000026     freertos.am62x.m4f.ti-arm-clang.debug.lib : queue.obj (.text.prvGetDisinheritPriorityAfterTimeout)
                  0000d17c    00000024     drivers.am62x.m4f.ti-arm-clang.debug.lib : sciclient.obj (.text.CSL_REG32_FEXT_RAW)
                  0000d1a0    00000024     freertos.am62x.m4f.ti-arm-clang.debug.lib : HwiP_armv7m.obj (.text.HwiP_inISR)
                  0000d1c4    00000024                                               : DebugP_log.obj (.text._DebugP_assertNoLog)
                  0000d1e8    00000024                                               : printf.obj (.text._out_char)
                  0000d20c    00000024                                               : boot_armv7m.obj (.text._system_pre_init)
                  0000d230    00000024                                               : port.obj (.text.vPortSVCHandler)
                  0000d254    00000024                                               : tasks.obj (.text.vTaskInternalSetTimeOutState)
                  0000d278    00000022     drivers.am62x.m4f.ti-arm-clang.debug.lib : uart_v0.obj (.text.UART_writeInterrupt)
                  0000d29a    00000020     freertos.am62x.m4f.ti-arm-clang.debug.lib : ClockP_freertos.obj (.text.ClockP_usecToTicks)
                  0000d2ba    00000020     drivers.am62x.m4f.ti-arm-clang.debug.lib : uart_v0.obj (.text.HW_RD_FIELD32_RAW)
                  0000d2da    00000020                                              : mcspi_v0.obj (.text.MCSPI_readChStatusReg)
                  0000d2fa    00000020                                              : mcspi_v0.obj (.text.MCSPI_readRxDataReg)
                  0000d31a    00000020     ti_pinmux_config.o (.text.Pinmux_init)
                  0000d33a    00000020     freertos.am62x.m4f.ti-arm-clang.debug.lib : heap_3.obj (.text.vPortFree)
                  0000d35a    00000002     --HOLE-- [fill = 0]
                  0000d35c    00000020     libclang_rt.builtins.a : floatunsidf.S.obj (.text)
                  0000d37c    0000001e     freertos.am62x.m4f.ti-arm-clang.debug.lib : timers.obj (.text.prvTimerTask)
                  0000d39a    0000001c     drivers.am62x.m4f.ti-arm-clang.debug.lib : csl_sec_proxy.obj (.text.CSL_secProxyGetDataAddr)
                  0000d3b6    0000001c                                              : uart_v0.obj (.text.UART_breakCtl)
                  0000d3d2    00000002     --HOLE-- [fill = 0]
                  0000d3d4    0000001c     libc.a : memory.c.obj (.text.free_list_remove)
                  0000d3f0    0000001c     ti_dpl_config.o (.text.putchar_)
                  0000d40c    0000001a     drivers.am62x.m4f.ti-arm-clang.debug.lib : pinmux.obj (.text.Pinmux_lockMMR)
                  0000d426    0000001a     freertos.am62x.m4f.ti-arm-clang.debug.lib : SysTickTimerP.obj (.text.SysTickTimerP_start)
                  0000d440    0000001a                                               : SysTickTimerP.obj (.text.SysTickTimerP_stop)
                  0000d45a    0000001a     drivers.am62x.m4f.ti-arm-clang.debug.lib : uart_v0.obj (.text.UART_fifoCharGet)
                  0000d474    00000018                                              : sciclient.obj (.text.Sciclient_secProxyThreadStatusReg)
                  0000d48c    00000018     freertos.am62x.m4f.ti-arm-clang.debug.lib : TaskP_freertos.obj (.text.TaskP_yield)
                  0000d4a4    00000018     drivers.am62x.m4f.ti-arm-clang.debug.lib : uart_v0.obj (.text.UART_divisorLatchDisable)
                  0000d4bc    00000018                                              : uart_v0.obj (.text.UART_modemControlReset)
                  0000d4d4    00000018                                              : uart_v0.obj (.text.UART_putChar)
                  0000d4ec    00000018     main.o (.text.freertos_main)
                  0000d504    00000016     freertos.am62x.m4f.ti-arm-clang.debug.lib : AddrTranslateP.obj (.text.AddrTranslateP_Params_init)
                  0000d51a    00000016     drivers.am62x.m4f.ti-arm-clang.debug.lib : sciclient.obj (.text.Sciclient_secProxyReadThreadCount)
                  0000d530    00000016     freertos.am62x.m4f.ti-arm-clang.debug.lib : SemaphoreP_freertos.obj (.text.SemaphoreP_destruct)
                  0000d546    00000016     drivers.am62x.m4f.ti-arm-clang.debug.lib : uart_v0.obj (.text.UART_divideRoundCloset)
                  0000d55c    00000016                                              : uart_v0.obj (.text.UART_regConfModeRestore)
                  0000d572    00000014     freertos.am62x.m4f.ti-arm-clang.debug.lib : DebugP_uartLogWriter.obj (.text.DebugP_uartSetDrvIndex)
                  0000d586    00000002     --HOLE-- [fill = 0]
                  0000d588    00000014                                               : port.obj (.text.vPortEnableVFP)
                  0000d59c    00000014                                               : tasks.obj (.text.xTaskGetCurrentTaskHandle)
                  0000d5b0    00000014                                               : tasks.obj (.text.xTaskGetTickCount)
                  0000d5c4    00000014     libclang_rt.builtins.a : aeabi_memset.S.obj (.text)
                  0000d5d8    00000014                            : aeabi_uldivmod.S.obj (.text)
                  0000d5ec    00000012     freertos.am62x.m4f.ti-arm-clang.debug.lib : SysTickTimerP.obj (.text.SysTickTimerP_getCount)
                  0000d5fe    00000012                                               : SysTickTimerP.obj (.text.SysTickTimerP_getReloadCount)
                  0000d610    00000012                                               : port.obj (.text.uiPortGetRunTimeCounterValue)
                  0000d622    00000012     libc.a : memcpy_t2.S.obj (.text:TI_memcpy_small)
                  0000d634    00000010     drivers.am62x.m4f.ti-arm-clang.debug.lib : mcspi_v0.obj (.text.CSL_REG32_WR_RAW)
                  0000d644    00000010                                              : pinmux.obj (.text.CSL_REG32_WR_RAW)
                  0000d654    00000010                                              : sciclient.obj (.text.CSL_REG32_WR_RAW)
                  0000d664    00000010     freertos.am62x.m4f.ti-arm-clang.debug.lib : ClockP_freertos.obj (.text.ClockP_sleepTicks)
                  0000d674    00000010     drivers.am62x.m4f.ti-arm-clang.debug.lib : uart_v0.obj (.text.HW_RD_REG32_RAW)
                  0000d684    00000010                                              : uart_v0.obj (.text.HW_WR_REG32_RAW)
                  0000d694    00000010     freertos.am62x.m4f.ti-arm-clang.debug.lib : printf.obj (.text._out_null)
                  0000d6a4    00000010                                               : tasks.obj (.text.vTaskSuspendAll)
                  0000d6b4    0000000e                                               : ClockP_freertos_m4.obj (.text.ClockP_getTimerCount)
                  0000d6c2    0000000e     libsysbm.a : hostrename.c.obj (.text.strcpy)
                  0000d6d0    0000000e                : hostrename.c.obj (.text.strlen)
                  0000d6de    0000000e     freertos.am62x.m4f.ti-arm-clang.debug.lib : list.obj (.text.vListInitialiseItem)
                  0000d6ec    0000000e                                               : tasks.obj (.text.vTaskMissedYield)
                  0000d6fa    0000000e     libc.a : memset_t2.S.obj (.text:TI_memset_small)
                  0000d708    0000000c     drivers.am62x.m4f.ti-arm-clang.debug.lib : mcspi_v0.obj (.text.CSL_REG32_RD_RAW)
                  0000d714    0000000c                                              : sciclient.obj (.text.CSL_REG32_RD_RAW)
                  0000d720    0000000c     freertos.am62x.m4f.ti-arm-clang.debug.lib : SysTickTimerP.obj (.text.CSL_REG32_RD_RAW)
                  0000d72c    0000000c     ti_drivers_open_close.o (.text.Drivers_open)
                  0000d738    0000000c     ti_power_clock_config.o (.text.PowerClock_init)
                  0000d744    0000000c     libc.a : fputc.c.obj (.text.putchar)
                  0000d750    0000000a     freertos.am62x.m4f.ti-arm-clang.debug.lib : port.obj (.text.vApplicationIdleHook)
                  0000d75a    00000008                                               : ClockP_freertos.obj (.text.ClockP_getTicks)
                  0000d762    00000008                                               : ClockP_freertos_m4.obj (.text.ClockP_timerClearOverflowInt)
                  0000d76a    00000008     ti_drivers_config.o (.text.Drivers_uartInit)
                  0000d772    00000008     ti_dpl_config.o (.text.boot)
                  0000d77a    00000008     libc.a : memory.c.obj (.text.malloc)
                  0000d782    00000004            : fseek.c.obj (.text.fseek)
                  0000d786    00000004     libsysbm.a : remove.c.obj (.text.remove)
                  0000d78a    00000004     libc.a : exit.c.obj (.text:abort)
                  0000d78e    00000002     --HOLE-- [fill = 0]
                  0000d790    00000004     libclang_rt.builtins.a : aeabi_memcpy.S.obj (.text)
                  0000d794    0000000c     --HOLE-- [fill = 0]

.sysmem    0    0000d7a0    00008000     UNINITIALIZED
                  0000d7a0    00000010     libc.a : memory.c.obj (.sysmem)
                  0000d7b0    00007ff0     --HOLE--

.stack     0    000157a0    00004000     UNINITIALIZED
                  000157a0    00000004     freertos.am62x.m4f.ti-arm-clang.debug.lib : boot_armv7m.obj (.stack)
                  000157a4    00003ffc     --HOLE--

.bss       0    00030000    00006720     UNINITIALIZED
                  00030000    00004000     (.common:gMainTaskStack)
                  00034000    00001000     freertos.am62x.m4f.ti-arm-clang.debug.lib : port.obj (.bss.uxIdleTaskStack)
                  00035000    00000400                                               : port.obj (.bss.uxTimerTaskStack)
                  00035400    000003a8     ti_drivers_config.o (.bss.gMcspiObjects)
                  000357a8    00000284     ti_drivers_config.o (.bss.gUartObjects)
                  00035a2c    00000280     freertos.am62x.m4f.ti-arm-clang.debug.lib : tasks.obj (.bss.pxReadyTasksLists)
                  00035cac    00000280     (.common:gHwiCtrl)
                  00035f2c    00000120     libsysbm.a : trgmsg.c.obj (.bss:_CIOBUF_)
                  0003604c    00000100     freertos.am62x.m4f.ti-arm-clang.debug.lib : timers.obj (.bss.prvCheckForValidListAndQueue.ucStaticTimerQueueStorage)
                  0003614c    00000100     (.common:xQueueRegistry)
                  0003624c    000000a0     (.common:__TI_tmpnams)
                  000362ec    00000098                                               : DebugP_freertos.obj (.bss.gDebugLogLockObj)
                  00036384    00000088                                               : port.obj (.bss.xIdleTaskTCB)
                  0003640c    00000088                                               : port.obj (.bss.xTimerTaskTCB)
                  00036494    00000088     (.common:gMainTaskObj)
                  0003651c    00000004                                               : timers.obj (.bss.pxCurrentTimerList)
                  00036520    00000060     (.common:gTaskP_ctrl)
                  00036580    00000050                                               : timers.obj (.bss.prvCheckForValidListAndQueue.xStaticTimerQueue)
                  000365d0    00000050     (.common:gRovDummyQueue)
                  00036620    00000038     (.common:gClockCtrl)
                  00036658    00000014                                               : timers.obj (.bss.xActiveTimerList1)
                  0003666c    00000014                                               : timers.obj (.bss.xActiveTimerList2)
                  00036680    00000014                                               : tasks.obj (.bss.xDelayedTaskList1)
                  00036694    00000014                                               : tasks.obj (.bss.xDelayedTaskList2)
                  000366a8    00000014                                               : tasks.obj (.bss.xPendingReadyList)
                  000366bc    00000014                                               : tasks.obj (.bss.xSuspendedTaskList)
                  000366d0    00000014                                               : tasks.obj (.bss.xTasksWaitingTermination)
                  000366e4    00000008     (.common:parmbuf)
                  000366ec    00000004                                               : tasks.obj (.bss.pxDelayedTaskList)
                  000366f0    00000004                                               : tasks.obj (.bss.pxOverflowDelayedTaskList)
                  000366f4    00000004                                               : timers.obj (.bss.pxOverflowTimerList)
                  000366f8    00000004     libc.a : memory.c.obj (.bss.sys_free)
                  000366fc    00000004     (.common:gMainTask)
                  00036700    00000004     (.common:gMcspiHandle)
                  00036704    00000004     (.common:gUartHandle)
                  00036708    00000002     (.common:gMcspiRxBuffer)
                  0003670a    00000002     (.common:gMcspiTxBuffer)
                  0003670c    00000014     --HOLE--

.rodata    0    00036720    00001c90     
                  00036720    000007ee     freertos.am62x.m4f.ti-arm-clang.debug.lib : tasks.obj (.rodata.str1.1)
                  00036f0e    00000756                                               : queue.obj (.rodata.str1.1)
                  00037664    000002bc                                               : timers.obj (.rodata.str1.1)
                  00037920    000001eb     drivers.am62x.m4f.ti-arm-clang.debug.lib : mcspi_v0.obj (.rodata.str1.1)
                  00037b0b    000001ad     freertos.am62x.m4f.ti-arm-clang.debug.lib : port.obj (.rodata.str1.1)
                  00037cb8    00000135     drivers.am62x.m4f.ti-arm-clang.debug.lib : uart_v0.obj (.rodata.str1.1)
                  00037ded    0000010a     freertos.am62x.m4f.ti-arm-clang.debug.lib : ClockP_freertos_m4.obj (.rodata.str1.1)
                  00037ef7    00000001     --HOLE-- [fill = 0]
                  00037ef8    000000dc     drivers.am62x.m4f.ti-arm-clang.debug.lib : sciclient_fmwSecureProxyMap.obj (.rodata.gSciclientMap)
                  00037fd4    000000da     freertos.am62x.m4f.ti-arm-clang.debug.lib : SemaphoreP_freertos.obj (.rodata.str1.1)
                  000380ae    000000c9     ti_drivers_open_close.o (.rodata.str1.1)
                  00038177    000000a9     freertos.am62x.m4f.ti-arm-clang.debug.lib : SysTickTimerP.obj (.rodata.str1.1)
                  00038220    0000006a     mcspi_loopback.o (.rodata.str1.1)
                  0003828a    00000002     --HOLE-- [fill = 0]
                  0003828c    00000004     freertos.am62x.m4f.ti-arm-clang.debug.lib : tasks.obj (.rodata.uxTopUsedPriority)
                  00038290    00000050                                               : printf.obj (.rodata._ftoa.pow10)
                  000382e0    0000004b     drivers.am62x.m4f.ti-arm-clang.debug.lib : uart_dma.obj (.rodata.str1.1)
                  0003832b    00000041     main.o (.rodata.str1.1)
                  0003836c    0000002d     freertos.am62x.m4f.ti-arm-clang.debug.lib : DebugP_log.obj (.rodata.str1.1)
                  00038399    00000012                                               : printf.obj (.rodata.str1.1)
                  000383ab    00000005     --HOLE-- [fill = 0]

.data      0    000383b0    000005a0     
                  000383b0    000000f0     libc.a : defs.c.obj (.data._ftable)
                  000384a0    0000009c     drivers.am62x.m4f.ti-arm-clang.debug.lib : mcspi_v0.obj (.data.gMcspiDrvObj)
                  0003853c    0000009c                                              : uart_v0.obj (.data.gUartDrvObj)
                  000385d8    00000078     libsysbm.a : host_device.c.obj (.data._device)
                  00038650    00000058     ti_drivers_open_close.o (.data.gUartParams)
                  000386a8    00000050     libsysbm.a : host_device.c.obj (.data._stream)
                  000386f8    00000040     ti_dpl_config.o (.data.gAddrTranslateRegionConfig)
                  00038738    0000003c     ti_drivers_open_close.o (.data.gConfigMcspi0ChCfg)
                  00038774    00000038     ti_pinmux_config.o (.data.gPinMuxMcuDomainCfg)
                  000387ac    00000020     ti_drivers_config.o (.data.gMcspiAttrs)
                  000387cc    00000020     ti_dpl_config.o (.data.gMpuRegionConfig)
                  000387ec    00000004     freertos.am62x.m4f.ti-arm-clang.debug.lib : tasks.obj (.data.FreeRTOS_errno)
                  000387f0    00000020     drivers.am62x.m4f.ti-arm-clang.debug.lib : sciclient_soc_priv.obj (.data.gSciclientSecProxyCfg)
                  00038810    00000018     ti_dpl_config.o (.data.gClockConfig)
                  00038828    00000018     drivers.am62x.m4f.ti-arm-clang.debug.lib : sciclient.obj (.data.gSciclientHandle)
                  00038840    00000018     ti_power_clock_config.o (.data.gSocModulesClockFrequency)
                  00038858    00000014     ti_drivers_open_close.o (.data.gMcspiOpenParams)
                  0003886c    0000000c     freertos.am62x.m4f.ti-arm-clang.debug.lib : AddrTranslateP.obj (.data.gAddrTranslateConfig)
                  00038878    0000000c     ti_dpl_config.o (.data.gMpuConfig)
                  00038884    0000000c     ti_power_clock_config.o (.data.gSocModules)
                  00038890    00000008     libc.a : exit.c.obj (.data..L_MergedGlobals)
                  00038898    00000008     ti_drivers_config.o (.data.gMcspiConfig)
                  000388a0    00000008     ti_drivers_config.o (.data.gMcspiDmaConfig)
                  000388a8    00000008     ti_pinmux_config.o (.data.gPinMuxMainDomainCfg)
                  000388b0    00000008     ti_drivers_config.o (.data.gUartAttrs)
                  000388b8    00000008     ti_drivers_config.o (.data.gUartConfig)
                  000388c0    00000008     freertos.am62x.m4f.ti-arm-clang.debug.lib : TaskP_freertos.obj (.data.vApplicationLoadHook.lastUpdateTime)
                  000388c8    00000004     libc.a : defs.c.obj (.data.__TI_ft_end)
                  000388cc    00000004            : _lock.c.obj (.data._lock)
                  000388d0    00000004            : _lock.c.obj (.data._unlock)
                  000388d4    00000004     freertos.am62x.m4f.ti-arm-clang.debug.lib : DebugP_freertos.obj (.data.gDebugLogIsInitDone)
                  000388d8    00000004                                               : DebugP_log.obj (.data.gDebugLogZone)
                  000388dc    00000004                                               : DebugP_uartLogWriter.obj (.data.gDebugP_uartDrvIndex)
                  000388e0    00000004     ti_drivers_config.o (.data.gMcspiConfigNum)
                  000388e4    00000004     ti_drivers_config.o (.data.gMcspiDmaConfigNum)
                  000388e8    00000004     ti_drivers_config.o (.data.gUartConfigNum)
                  000388ec    00000004     ti_drivers_config.o (.data.gUartDmaConfigNum)
                  000388f0    00000004     freertos.am62x.m4f.ti-arm-clang.debug.lib : timers.obj (.data.prvSampleTimeNow.xLastTime)
                  000388f4    00000004                                               : tasks.obj (.data.pxCurrentTCB)
                  000388f8    00000004                                               : port.obj (.data.ulPortSchedularRunning)
                  000388fc    00000004                                               : tasks.obj (.data.ulTaskSwitchedInTime)
                  00038900    00000004                                               : tasks.obj (.data.ulTotalRunTime)
                  00038904    00000004                                               : port.obj (.data.uxCriticalNesting)
                  00038908    00000004                                               : tasks.obj (.data.uxCurrentNumberOfTasks)
                  0003890c    00000004                                               : tasks.obj (.data.uxDeletedTasksWaitingCleanUp)
                  00038910    00000004                                               : tasks.obj (.data.uxSchedulerSuspended)
                  00038914    00000004                                               : tasks.obj (.data.uxTaskNumber)
                  00038918    00000004                                               : tasks.obj (.data.uxTopReadyPriority)
                  0003891c    00000004                                               : tasks.obj (.data.xIdleTaskHandle)
                  00038920    00000004                                               : tasks.obj (.data.xNextTaskUnblockTime)
                  00038924    00000004                                               : tasks.obj (.data.xNumOfOverflows)
                  00038928    00000004                                               : tasks.obj (.data.xPendedTicks)
                  0003892c    00000004                                               : tasks.obj (.data.xSchedulerRunning)
                  00038930    00000004                                               : tasks.obj (.data.xTickCount)
                  00038934    00000004                                               : timers.obj (.data.xTimerQueue)
                  00038938    00000004                                               : timers.obj (.data.xTimerTaskHandle)
                  0003893c    00000004                                               : tasks.obj (.data.xYieldPending)
                  00038940    00000002     mcspi_loopback.o (.data.cmds)
                  00038942    00000002     mcspi_loopback.o (.data.isFirst)
                  00038944    00000001     drivers.am62x.m4f.ti-arm-clang.debug.lib : sciclient.obj (.data.gSecHeaderSizeWords)
                  00038945    00000003     --HOLE-- [fill = 0]
                  00038948    00000001     libc.a : memory.c.obj (.data.memory_is_initialized)
                  00038949    00000007     --HOLE-- [fill = 0]

.init_array 
*          0    00000200    00000000     UNINITIALIZED

__llvm_prf_cnts 
*          0    00030000    00000000     UNINITIALIZED

__llvm_prf_bits 
*          0    00030000    00000000     UNINITIALIZED

MODULE SUMMARY

       Module                              code    ro data   rw data
       ------                              ----    -------   -------
    .\
       main.o                              176     65        16524  
       mcspi_loopback.o                    438     106       8      
    +--+-----------------------------------+-------+---------+---------+
       Total:                              614     171       16532  
                                                                    
    .\syscfg\
       ti_drivers_config.o                 58      0         1660   
       ti_drivers_open_close.o             616     201       176    
       ti_dpl_config.o                     112     0         132    
       ti_power_clock_config.o             180     0         36     
       ti_pinmux_config.o                  32      0         64     
       ti_board_open_close.o               12      0         0      
       ti_board_config.o                   2       0         0      
    +--+-----------------------------------+-------+---------+---------+
       Total:                              1012    201       2068   
                                                                    
    C:/ti/mcu_plus_sdk_am62x_08_06_00_18/source/drivers/lib/drivers.am62x.m4f.ti-arm-clang.debug.lib
       mcspi_v0.obj                        8600    491       156    
       uart_v0.obj                         7310    309       156    
       sciclient.obj                       2264    0         25     
       sciclient_pm.obj                    1856    0         0      
       soc.obj                             628     0         0      
       uart_dma.obj                        456     75        0      
       pinmux.obj                          366     0         0      
       sciclient_fmwSecureProxyMap.obj     0       220       0      
       mcspi_dma.obj                       198     0         0      
       sciclient_soc_priv.obj              148     0         32     
       csl_sec_proxy.obj                   28      0         0      
    +--+-----------------------------------+-------+---------+---------+
       Total:                              21854   1095      369    
                                                                    
    C:/ti/mcu_plus_sdk_am62x_08_06_00_18/source/kernel/freertos/lib/freertos.am62x.m4f.ti-arm-clang.debug.lib
       tasks.obj                           5888    2034      812    
       printf.obj                          7232    98        0      
       queue.obj                           4810    1878      256    
       port.obj                            974     429       5400   
       timers.obj                          1796    700       396    
       HwiP_armv7m.obj                     1228    0         640    
       SemaphoreP_freertos.obj             556     218       80     
       ClockP_freertos_m4.obj              464     266       0      
       SysTickTimerP.obj                   538     169       0      
       AddrTranslateP.obj                  610     0         12     
       MpuP_armv7m.obj                     570     0         0      
       HwiP_armv7m_handlers_freertos.obj   226     0         320    
       TaskP_freertos.obj                  424     0         104    
       ClockP_freertos.obj                 356     0         56     
       DebugP_freertos.obj                 146     0         156    
       list.obj                            296     0         0      
       DebugP_log.obj                      202     45        4      
       DebugP_uartLogWriter.obj            124     0         4      
       boot_armv7m.obj                     122     0         0      
       heap_3.obj                          32      0         0      
    +--+-----------------------------------+-------+---------+---------+
       Total:                              26594   5837      8240   
                                                                    
    C:\ti\ti-cgt-armllvm_2.1.2.LTS\lib\armv7em-ti-none-eabihf/c/libc.a
       memory.c.obj                        720     0         5      
       defs.c.obj                          0       0         404    
       setvbuf.c.obj                       216     0         0      
       getdevice.c.obj                     156     0         0      
       fputc.c.obj                         148     0         0      
       fclose.c.obj                        116     0         0      
       fseek.c.obj                         108     0         0      
       _io_perm.c.obj                      96      0         0      
       fflush.c.obj                        78      0         0      
       exit.c.obj                          52      0         8      
       autoinit.c.obj                      56      0         0      
       fopen.c.obj                         52      0         0      
       memcpy_t2.S.obj                     18      0         0      
       memset_t2.S.obj                     14      0         0      
       _lock.c.obj                         2       0         8      
    +--+-----------------------------------+-------+---------+---------+
       Total:                              1832    0         425    
                                                                    
    C:\ti\ti-cgt-armllvm_2.1.2.LTS\lib\armv7em-ti-none-eabihf/c/libsysbm.a
       trgmsg.c.obj                        100     0         288    
       host_device.c.obj                   0       0         200    
       hostrename.c.obj                    128     0         0      
       close.c.obj                         96      0         0      
       hostopen.c.obj                      88      0         8      
       hostlseek.c.obj                     88      0         0      
       hostread.c.obj                      84      0         0      
       hostwrite.c.obj                     84      0         0      
       hostunlink.c.obj                    68      0         0      
       hostclose.c.obj                     60      0         0      
       lseek.c.obj                         44      0         0      
       unlink.c.obj                        44      0         0      
       write.c.obj                         44      0         0      
       remove.c.obj                        4       0         0      
    +--+-----------------------------------+-------+---------+---------+
       Total:                              932     0         496    
                                                                    
    C:\ti\ti-cgt-armllvm_2.1.2.LTS\lib\clang/14.0.6/lib/armv7em-ti-none-eabihf/libclang_rt.builtins.a
       adddf3.S.obj                        438     0         0      
       divdf3.S.obj                        310     0         0      
       comparedf2.c.obj                    268     0         0      
       muldf3.S.obj                        252     0         0      
       udivmoddi4.S.obj                    176     0         0      
       aeabi_dcmp.S.obj                    98      0         0      
       fixdfsi.S.obj                       72      0         0      
       fixunsdfsi.S.obj                    68      0         0      
       floatsidf.S.obj                     46      0         0      
       floatunsidf.S.obj                   32      0         0      
       aeabi_memset.S.obj                  20      0         0      
       aeabi_uldivmod.S.obj                20      0         0      
       aeabi_memcpy.S.obj                  4       0         0      
       aeabi_div0.c.obj                    2       0         0      
    +--+-----------------------------------+-------+---------+---------+
       Total:                              1806    0         0      
                                                                    
       Heap:                               0       0         32768  
       Stack:                              0       0         16384  
    +--+-----------------------------------+-------+---------+---------+
       Grand Total:                        54644   7304      77282  


GLOBAL SYMBOLS: SORTED ALPHABETICALLY BY Name 

address   name                               
-------   ----                               
0000d505  AddrTranslateP_Params_init         
00007e09  AddrTranslateP_getLocalAddr        
00008dad  AddrTranslateP_init                
0000b175  Board_driversOpen                  
00003fbb  Board_init                         
0000d78a  C$$EXIT                            
0000ca03  C$$IO$$                            
0000d39b  CSL_secProxyGetDataAddr            
0000d75b  ClockP_getTicks                    
0000a265  ClockP_getTimeUsec                 
0000d6b5  ClockP_getTimerCount               
0000417f  ClockP_init                        
0000d763  ClockP_timerClearOverflowInt       
0000ca41  ClockP_timerTickIsr                
0000d29b  ClockP_usecToTicks                 
0000a963  ClockP_usleep                      
0000ce2f  DebugP_logZoneEnable               
0000c4ad  DebugP_uartLogWriterPutChar        
0000d573  DebugP_uartSetDrvIndex             
0000bcdd  Dpl_init                           
0000bab5  Drivers_mcspiClose                 
00007137  Drivers_mcspiOpen                  
0000d72d  Drivers_open                       
0000bb05  Drivers_uartClose                  
0000d76b  Drivers_uartInit                   
000091d7  Drivers_uartOpen                   
000387ec  FreeRTOS_errno                     
0000c569  HOSTclose                          
0000b709  HOSTlseek                          
0000b761  HOSTopen                           
0000b8c1  HOSTread                           
0000b049  HOSTrename                         
0000c219  HOSTunlink                         
0000b915  HOSTwrite                          
00001aa9  HwiP_Params_init                   
00007f83  HwiP_busFault_handler              
000019ad  HwiP_clearInt                      
00001ad1  HwiP_construct                     
00007fbf  HwiP_debugMon_handler              
00001b73  HwiP_destruct                      
00001bdd  HwiP_disable                       
00001879  HwiP_disableInt                    
00001bf9  HwiP_enable                        
000017f1  HwiP_enableInt                     
00007f5b  HwiP_hardFault_handler             
0000d1a1  HwiP_inISR                         
00001c11  HwiP_init                          
00007ef1  HwiP_interrupt_handler             
00007f6f  HwiP_memFault_handler              
00007f47  HwiP_nmi_handler                   
00001bb9  HwiP_post                          
00007fab  HwiP_reserved_handler              
0000185d  HwiP_restore                       
00001911  HwiP_restoreInt                    
000019eb  HwiP_setPri                        
00007f97  HwiP_usageFault_handler            
0000891d  MCSPI_chConfig                     
0000672d  MCSPI_close                        
0000ad5f  MCSPI_dmaOpen                      
0000b59f  MCSPI_dmaTransfer                  
000099ed  MCSPI_init                         
000027f5  MCSPI_open                         
00001c99  MCSPI_transfer                     
0000bef1  Module_clockEnable                 
0000b543  Module_clockSetFrequency           
00003147  MpuP_RegionAttrs_init              
000032c5  MpuP_disable                       
00003267  MpuP_enable                        
00003303  MpuP_init                          
000032f3  MpuP_isEnable                      
00003175  MpuP_setRegion                     
0000ab31  Pinmux_config                      
0000d31b  Pinmux_init                        
0000d739  PowerClock_init                    
00009ce1  SOC_moduleClockEnable              
00003dd9  SOC_moduleSetClockFrequency        
0000b811  Sciclient_getContext               
00008f19  Sciclient_getCurrentContext        
0000c5a5  Sciclient_getDevId                 
00009bb5  Sciclient_init                     
00009651  Sciclient_pmGetModuleClkFreq       
0000932d  Sciclient_pmGetModuleClkNumParent  
000096eb  Sciclient_pmGetModuleClkParent     
00009fb1  Sciclient_pmGetModuleState         
0000a03d  Sciclient_pmModuleClkRequest       
00009a85  Sciclient_pmModuleGetClkStatus     
00006859  Sciclient_pmQueryModuleClkFreq     
00007247  Sciclient_pmSetModuleClkFreq       
00009785  Sciclient_pmSetModuleClkParent     
0000b429  Sciclient_pmSetModuleRst           
0000a0c9  Sciclient_pmSetModuleState         
0000201d  Sciclient_service                  
00009d73  SemaphoreP_constructBinary         
0000aba1  SemaphoreP_constructMutex          
0000d531  SemaphoreP_destruct                
0000981f  SemaphoreP_pend                    
0000a77b  SemaphoreP_post                    
0000cb6d  SysTickTimerP_Params_init          
0000d5ed  SysTickTimerP_getCount             
0000d5ff  SysTickTimerP_getReloadCount       
00004ba5  SysTickTimerP_setup                
0000d427  SysTickTimerP_start                
0000d441  SysTickTimerP_stop                 
0000cad7  System_init                        
0000d623  TI_memcpy_small                    
0000d6fb  TI_memset_small                    
0000755f  TaskP_loadUpdateAll                
0000d48d  TaskP_yield                        
000046ab  UART_close                         
0000a581  UART_dmaClose                      
0000a3f7  UART_dmaDisableChannel             
0000ac11  UART_dmaOpen                       
00008785  UART_flushTxFifo                   
0000bbf3  UART_getHandle                     
00008cf3  UART_init                          
000022f7  UART_open                          
00003be5  UART_write                         
0000b969  UART_writeInterruptDma             
00035f2c  _CIOBUF_                           
0000a86f  _DebugP_assert                     
0000d1c5  _DebugP_assertNoLog                
00009e05  _DebugP_logZone                    
00036720  __BSS_END                          
00030000  __BSS_START                        
00035f2c  __CIOBUF_                          
000197a0  __STACK_END                        
00004000  __STACK_SIZE                       
00008000  __SYSMEM_SIZE                      
UNDEFED   __TI_CINIT_Base                    
UNDEFED   __TI_CINIT_Limit                   
UNDEFED   __TI_Handler_Table_Base            
UNDEFED   __TI_Handler_Table_Limit           
0000c861  __TI_auto_init_nobinit_nopinit     
0000c9a5  __TI_cleanup                       
00038890  __TI_cleanup_ptr                   
0000a9d9  __TI_closefile                     
0000bc41  __TI_doflush                       
00038894  __TI_dtors_ptr                     
000388c8  __TI_ft_end                        
ffffffff  __TI_pprof_out_hndl                
ffffffff  __TI_prof_data_size                
ffffffff  __TI_prof_data_start               
0000cbfd  __TI_readmsg                       
00000000  __TI_static_base__                 
0003624c  __TI_tmpnams                       
0000c9d9  __TI_writemsg                      
0000b2a7  __TI_wrt_ok                        
000044ff  __adddf3                           
0000c189  __aeabi_d2iz                       
0000c2e5  __aeabi_d2uiz                      
000044ff  __aeabi_dadd                       
0000b1e5  __aeabi_dcmpeq                     
0000b221  __aeabi_dcmpge                     
0000b235  __aeabi_dcmpgt                     
0000b20d  __aeabi_dcmple                     
0000b1f9  __aeabi_dcmplt                     
0000cc2d  __aeabi_dcmpun                     
000064c9  __aeabi_ddiv                       
0000775d  __aeabi_dmul                       
000044f5  __aeabi_dsub                       
0000ce01  __aeabi_i2d                        
000044f3  __aeabi_ldiv0                      
0000d5d1  __aeabi_memclr                     
0000d5d1  __aeabi_memclr4                    
0000d5d1  __aeabi_memclr8                    
0000d791  __aeabi_memcpy                     
0000d791  __aeabi_memcpy4                    
0000d791  __aeabi_memcpy8                    
0000d5c5  __aeabi_memset                     
0000d5c5  __aeabi_memset4                    
0000d5c5  __aeabi_memset8                    
0000d35d  __aeabi_ui2d                       
0000d5d9  __aeabi_uldivmod                   
ffffffff  __binit__                          
0000acf1  __cmpdf2                           
000064c9  __divdf3                           
0000acf1  __eqdf2                            
0000c189  __fixdfsi                          
0000c2e5  __fixunsdfsi                       
0000ce01  __floatsidf                        
0000d35d  __floatunsidf                      
0000ac81  __gedf2                            
0000ac81  __gtdf2                            
0000acf1  __ledf2                            
0000acf1  __ltdf2                            
0000d773  __mpu_init                         
0000775d  __muldf3                           
0000acf1  __nedf2                            
000157a0  __stack                            
00030000  __start___llvm_prf_bits            
00030000  __start___llvm_prf_cnts            
00030000  __stop___llvm_prf_bits             
00030000  __stop___llvm_prf_cnts             
000044f5  __subdf3                           
00008fcd  __udivmoddi4                       
0000cc2d  __unorddf2                         
0000b869  _c_int00                           
000385d8  _device                            
000383b0  _ftable                            
000388cc  _lock                              
0000697f  _nop                               
000386a8  _stream                            
0000d7a0  _sys_memory                        
UNDEFED   _system_post_cinit                 
0000d20d  _system_pre_init                   
000388d0  _unlock                            
0000d78b  abort                              
00006981  aligned_alloc                      
ffffffff  binit                              
0000b309  close                              
00038940  cmds                               
00006aa1  eTaskGetState                      
0000cc5d  exit                               
0000ca0d  finddevice                         
0000a1dd  fputc                              
00007859  free                               
0000d4ed  freertos_main                      
0000d783  fseek                              
0000af79  fseeko                             
0003886c  gAddrTranslateConfig               
000386f8  gAddrTranslateRegionConfig         
00038810  gClockConfig                       
00036620  gClockCtrl                         
00038738  gConfigMcspi0ChCfg                 
000388d8  gDebugLogZone                      
000388dc  gDebugP_uartDrvIndex               
00035cac  gHwiCtrl                           
00000000  gHwiP_vectorTable                  
000366fc  gMainTask                          
00036494  gMainTaskObj                       
00030000  gMainTaskStack                     
00038898  gMcspiConfig                       
000388e0  gMcspiConfigNum                    
000388a0  gMcspiDmaConfig                    
000388e4  gMcspiDmaConfigNum                 
00036700  gMcspiHandle                       
00038858  gMcspiOpenParams                   
00036708  gMcspiRxBuffer                     
0003670a  gMcspiTxBuffer                     
00038878  gMpuConfig                         
000387cc  gMpuRegionConfig                   
000365d0  gRovDummyQueue                     
00037ef8  gSciclientMap                      
000387f0  gSciclientSecProxyCfg              
00038884  gSocModules                        
00038840  gSocModulesClockFrequency          
00036520  gTaskP_ctrl                        
000388b8  gUartConfig                        
000388e8  gUartConfigNum                     
000383b0  gUartDmaConfig                     
000388ec  gUartDmaConfigNum                  
00036704  gUartHandle                        
00038650  gUartParams                        
0000afe1  getdevice                          
00038942  isFirst                            
0000ceb5  lseek                              
00009b1d  main                               
0000d77b  malloc                             
000051bb  mcspi_loopback_main                
00006981  memalign                           
000366e4  parmbuf                            
0000d745  putchar                            
0000d3f1  putchar_                           
0000cf0d  pvTaskIncrementMutexHeldCount      
000388f4  pxCurrentTCB                       
0000b4e5  pxPortInitialiseStack              
0000d787  remove                             
00008509  setvbuf                            
0000d611  uiPortGetRunTimeCounterValue       
0000cf39  unlink                             
0000c141  uxListRemove                       
0003828c  uxTopUsedPriority                  
0000cf65  vApplicationGetIdleTaskMemory      
0000cf91  vApplicationGetTimerTaskMemory     
0000d751  vApplicationIdleHook               
0000b0ad  vApplicationLoadHook               
0000c93b  vApplicationStackOverflowHook      
0000cdd1  vListInitialise                    
0000d6df  vListInitialiseItem                
0000aea5  vListInsert                        
0000c747  vListInsertEnd                     
0000775b  vPortConfigTimerForRunTimeStats    
0000ae39  vPortEnterCritical                 
0000b6ad  vPortExitCritical                  
0000d33b  vPortFree                          
0000d231  vPortSVCHandler                    
0000bc8f  vPortTimerTickHandler              
0000ba11  vQueueAddToRegistry                
0000ba63  vQueueDelete                       
0000b9bd  vQueueUnregisterQueue              
0000b111  vQueueWaitForMessageRestricted     
0000a4ff  vTaskDelay                         
00005bcd  vTaskDelete                        
000080b5  vTaskGetInfo                       
0000d255  vTaskInternalSetTimeOutState       
0000d6ed  vTaskMissedYield                   
0000bb55  vTaskPlaceOnEventList              
0000b3c9  vTaskPlaceOnEventListRestricted    
00005917  vTaskPriorityDisinheritAfterTimeout
0000745d  vTaskStartScheduler                
0000d6a5  vTaskSuspendAll                    
00004d2b  vTaskSwitchContext                 
0000d109  vprintf_                           
0000cfbd  write                              
0000b181  xPortPendSVHandler                 
0000a47b  xPortStartScheduler                
0000cb3b  xQueueCreateMutexStatic            
000057ad  xQueueGenericCreateStatic          
000089e7  xQueueGenericReset                 
00002a5f  xQueueGenericSend                  
0000485b  xQueueGenericSendFromISR           
00005037  xQueueGiveFromISR                  
0000a8e9  xQueueGiveMutexRecursive           
000037e1  xQueueReceive                      
00005a77  xQueueReceiveFromISR               
0003614c  xQueueRegistry                     
00002583  xQueueSemaphoreTake                
0000a6ff  xQueueTakeMutexRecursive           
00007d1b  xTaskCheckForTimeOut               
00007353  xTaskCreateStatic                  
0000d59d  xTaskGetCurrentTaskHandle          
0000c067  xTaskGetIdleTaskHandle             
0000c829  xTaskGetSchedulerState             
0000d5b1  xTaskGetTickCount                  
00004a03  xTaskIncrementTick                 
00006bbf  xTaskPriorityDisinherit            
00006cdd  xTaskPriorityInherit               
000086b5  xTaskRemoveFromEventList           
00004eb1  xTaskResumeAll                     
00009475  xTimerCreateTimerTask              
00008c35  xTimerGenericCommand               


GLOBAL SYMBOLS: SORTED BY Symbol Address 

address   name                               
-------   ----                               
00000000  __TI_static_base__                 
00000000  gHwiP_vectorTable                  
000017f1  HwiP_enableInt                     
0000185d  HwiP_restore                       
00001879  HwiP_disableInt                    
00001911  HwiP_restoreInt                    
000019ad  HwiP_clearInt                      
000019eb  HwiP_setPri                        
00001aa9  HwiP_Params_init                   
00001ad1  HwiP_construct                     
00001b73  HwiP_destruct                      
00001bb9  HwiP_post                          
00001bdd  HwiP_disable                       
00001bf9  HwiP_enable                        
00001c11  HwiP_init                          
00001c99  MCSPI_transfer                     
0000201d  Sciclient_service                  
000022f7  UART_open                          
00002583  xQueueSemaphoreTake                
000027f5  MCSPI_open                         
00002a5f  xQueueGenericSend                  
00003147  MpuP_RegionAttrs_init              
00003175  MpuP_setRegion                     
00003267  MpuP_enable                        
000032c5  MpuP_disable                       
000032f3  MpuP_isEnable                      
00003303  MpuP_init                          
000037e1  xQueueReceive                      
00003be5  UART_write                         
00003dd9  SOC_moduleSetClockFrequency        
00003fbb  Board_init                         
00004000  __STACK_SIZE                       
0000417f  ClockP_init                        
000044f3  __aeabi_ldiv0                      
000044f5  __aeabi_dsub                       
000044f5  __subdf3                           
000044ff  __adddf3                           
000044ff  __aeabi_dadd                       
000046ab  UART_close                         
0000485b  xQueueGenericSendFromISR           
00004a03  xTaskIncrementTick                 
00004ba5  SysTickTimerP_setup                
00004d2b  vTaskSwitchContext                 
00004eb1  xTaskResumeAll                     
00005037  xQueueGiveFromISR                  
000051bb  mcspi_loopback_main                
000057ad  xQueueGenericCreateStatic          
00005917  vTaskPriorityDisinheritAfterTimeout
00005a77  xQueueReceiveFromISR               
00005bcd  vTaskDelete                        
000064c9  __aeabi_ddiv                       
000064c9  __divdf3                           
0000672d  MCSPI_close                        
00006859  Sciclient_pmQueryModuleClkFreq     
0000697f  _nop                               
00006981  aligned_alloc                      
00006981  memalign                           
00006aa1  eTaskGetState                      
00006bbf  xTaskPriorityDisinherit            
00006cdd  xTaskPriorityInherit               
00007137  Drivers_mcspiOpen                  
00007247  Sciclient_pmSetModuleClkFreq       
00007353  xTaskCreateStatic                  
0000745d  vTaskStartScheduler                
0000755f  TaskP_loadUpdateAll                
0000775b  vPortConfigTimerForRunTimeStats    
0000775d  __aeabi_dmul                       
0000775d  __muldf3                           
00007859  free                               
00007d1b  xTaskCheckForTimeOut               
00007e09  AddrTranslateP_getLocalAddr        
00007ef1  HwiP_interrupt_handler             
00007f47  HwiP_nmi_handler                   
00007f5b  HwiP_hardFault_handler             
00007f6f  HwiP_memFault_handler              
00007f83  HwiP_busFault_handler              
00007f97  HwiP_usageFault_handler            
00007fab  HwiP_reserved_handler              
00007fbf  HwiP_debugMon_handler              
00008000  __SYSMEM_SIZE                      
000080b5  vTaskGetInfo                       
00008509  setvbuf                            
000086b5  xTaskRemoveFromEventList           
00008785  UART_flushTxFifo                   
0000891d  MCSPI_chConfig                     
000089e7  xQueueGenericReset                 
00008c35  xTimerGenericCommand               
00008cf3  UART_init                          
00008dad  AddrTranslateP_init                
00008f19  Sciclient_getCurrentContext        
00008fcd  __udivmoddi4                       
000091d7  Drivers_uartOpen                   
0000932d  Sciclient_pmGetModuleClkNumParent  
00009475  xTimerCreateTimerTask              
00009651  Sciclient_pmGetModuleClkFreq       
000096eb  Sciclient_pmGetModuleClkParent     
00009785  Sciclient_pmSetModuleClkParent     
0000981f  SemaphoreP_pend                    
000099ed  MCSPI_init                         
00009a85  Sciclient_pmModuleGetClkStatus     
00009b1d  main                               
00009bb5  Sciclient_init                     
00009ce1  SOC_moduleClockEnable              
00009d73  SemaphoreP_constructBinary         
00009e05  _DebugP_logZone                    
00009fb1  Sciclient_pmGetModuleState         
0000a03d  Sciclient_pmModuleClkRequest       
0000a0c9  Sciclient_pmSetModuleState         
0000a1dd  fputc                              
0000a265  ClockP_getTimeUsec                 
0000a3f7  UART_dmaDisableChannel             
0000a47b  xPortStartScheduler                
0000a4ff  vTaskDelay                         
0000a581  UART_dmaClose                      
0000a6ff  xQueueTakeMutexRecursive           
0000a77b  SemaphoreP_post                    
0000a86f  _DebugP_assert                     
0000a8e9  xQueueGiveMutexRecursive           
0000a963  ClockP_usleep                      
0000a9d9  __TI_closefile                     
0000ab31  Pinmux_config                      
0000aba1  SemaphoreP_constructMutex          
0000ac11  UART_dmaOpen                       
0000ac81  __gedf2                            
0000ac81  __gtdf2                            
0000acf1  __cmpdf2                           
0000acf1  __eqdf2                            
0000acf1  __ledf2                            
0000acf1  __ltdf2                            
0000acf1  __nedf2                            
0000ad5f  MCSPI_dmaOpen                      
0000ae39  vPortEnterCritical                 
0000aea5  vListInsert                        
0000af79  fseeko                             
0000afe1  getdevice                          
0000b049  HOSTrename                         
0000b0ad  vApplicationLoadHook               
0000b111  vQueueWaitForMessageRestricted     
0000b175  Board_driversOpen                  
0000b181  xPortPendSVHandler                 
0000b1e5  __aeabi_dcmpeq                     
0000b1f9  __aeabi_dcmplt                     
0000b20d  __aeabi_dcmple                     
0000b221  __aeabi_dcmpge                     
0000b235  __aeabi_dcmpgt                     
0000b2a7  __TI_wrt_ok                        
0000b309  close                              
0000b3c9  vTaskPlaceOnEventListRestricted    
0000b429  Sciclient_pmSetModuleRst           
0000b4e5  pxPortInitialiseStack              
0000b543  Module_clockSetFrequency           
0000b59f  MCSPI_dmaTransfer                  
0000b6ad  vPortExitCritical                  
0000b709  HOSTlseek                          
0000b761  HOSTopen                           
0000b811  Sciclient_getContext               
0000b869  _c_int00                           
0000b8c1  HOSTread                           
0000b915  HOSTwrite                          
0000b969  UART_writeInterruptDma             
0000b9bd  vQueueUnregisterQueue              
0000ba11  vQueueAddToRegistry                
0000ba63  vQueueDelete                       
0000bab5  Drivers_mcspiClose                 
0000bb05  Drivers_uartClose                  
0000bb55  vTaskPlaceOnEventList              
0000bbf3  UART_getHandle                     
0000bc41  __TI_doflush                       
0000bc8f  vPortTimerTickHandler              
0000bcdd  Dpl_init                           
0000bef1  Module_clockEnable                 
0000c067  xTaskGetIdleTaskHandle             
0000c141  uxListRemove                       
0000c189  __aeabi_d2iz                       
0000c189  __fixdfsi                          
0000c219  HOSTunlink                         
0000c2e5  __aeabi_d2uiz                      
0000c2e5  __fixunsdfsi                       
0000c4ad  DebugP_uartLogWriterPutChar        
0000c569  HOSTclose                          
0000c5a5  Sciclient_getDevId                 
0000c747  vListInsertEnd                     
0000c829  xTaskGetSchedulerState             
0000c861  __TI_auto_init_nobinit_nopinit     
0000c93b  vApplicationStackOverflowHook      
0000c9a5  __TI_cleanup                       
0000c9d9  __TI_writemsg                      
0000ca03  C$$IO$$                            
0000ca0d  finddevice                         
0000ca41  ClockP_timerTickIsr                
0000cad7  System_init                        
0000cb3b  xQueueCreateMutexStatic            
0000cb6d  SysTickTimerP_Params_init          
0000cbfd  __TI_readmsg                       
0000cc2d  __aeabi_dcmpun                     
0000cc2d  __unorddf2                         
0000cc5d  exit                               
0000cdd1  vListInitialise                    
0000ce01  __aeabi_i2d                        
0000ce01  __floatsidf                        
0000ce2f  DebugP_logZoneEnable               
0000ceb5  lseek                              
0000cf0d  pvTaskIncrementMutexHeldCount      
0000cf39  unlink                             
0000cf65  vApplicationGetIdleTaskMemory      
0000cf91  vApplicationGetTimerTaskMemory     
0000cfbd  write                              
0000d109  vprintf_                           
0000d1a1  HwiP_inISR                         
0000d1c5  _DebugP_assertNoLog                
0000d20d  _system_pre_init                   
0000d231  vPortSVCHandler                    
0000d255  vTaskInternalSetTimeOutState       
0000d29b  ClockP_usecToTicks                 
0000d31b  Pinmux_init                        
0000d33b  vPortFree                          
0000d35d  __aeabi_ui2d                       
0000d35d  __floatunsidf                      
0000d39b  CSL_secProxyGetDataAddr            
0000d3f1  putchar_                           
0000d427  SysTickTimerP_start                
0000d441  SysTickTimerP_stop                 
0000d48d  TaskP_yield                        
0000d4ed  freertos_main                      
0000d505  AddrTranslateP_Params_init         
0000d531  SemaphoreP_destruct                
0000d573  DebugP_uartSetDrvIndex             
0000d59d  xTaskGetCurrentTaskHandle          
0000d5b1  xTaskGetTickCount                  
0000d5c5  __aeabi_memset                     
0000d5c5  __aeabi_memset4                    
0000d5c5  __aeabi_memset8                    
0000d5d1  __aeabi_memclr                     
0000d5d1  __aeabi_memclr4                    
0000d5d1  __aeabi_memclr8                    
0000d5d9  __aeabi_uldivmod                   
0000d5ed  SysTickTimerP_getCount             
0000d5ff  SysTickTimerP_getReloadCount       
0000d611  uiPortGetRunTimeCounterValue       
0000d623  TI_memcpy_small                    
0000d6a5  vTaskSuspendAll                    
0000d6b5  ClockP_getTimerCount               
0000d6df  vListInitialiseItem                
0000d6ed  vTaskMissedYield                   
0000d6fb  TI_memset_small                    
0000d72d  Drivers_open                       
0000d739  PowerClock_init                    
0000d745  putchar                            
0000d751  vApplicationIdleHook               
0000d75b  ClockP_getTicks                    
0000d763  ClockP_timerClearOverflowInt       
0000d76b  Drivers_uartInit                   
0000d773  __mpu_init                         
0000d77b  malloc                             
0000d783  fseek                              
0000d787  remove                             
0000d78a  C$$EXIT                            
0000d78b  abort                              
0000d791  __aeabi_memcpy                     
0000d791  __aeabi_memcpy4                    
0000d791  __aeabi_memcpy8                    
0000d7a0  _sys_memory                        
000157a0  __stack                            
000197a0  __STACK_END                        
00030000  __BSS_START                        
00030000  __start___llvm_prf_bits            
00030000  __start___llvm_prf_cnts            
00030000  __stop___llvm_prf_bits             
00030000  __stop___llvm_prf_cnts             
00030000  gMainTaskStack                     
00035cac  gHwiCtrl                           
00035f2c  _CIOBUF_                           
00035f2c  __CIOBUF_                          
0003614c  xQueueRegistry                     
0003624c  __TI_tmpnams                       
00036494  gMainTaskObj                       
00036520  gTaskP_ctrl                        
000365d0  gRovDummyQueue                     
00036620  gClockCtrl                         
000366e4  parmbuf                            
000366fc  gMainTask                          
00036700  gMcspiHandle                       
00036704  gUartHandle                        
00036708  gMcspiRxBuffer                     
0003670a  gMcspiTxBuffer                     
00036720  __BSS_END                          
00037ef8  gSciclientMap                      
0003828c  uxTopUsedPriority                  
000383b0  _ftable                            
000383b0  gUartDmaConfig                     
000385d8  _device                            
00038650  gUartParams                        
000386a8  _stream                            
000386f8  gAddrTranslateRegionConfig         
00038738  gConfigMcspi0ChCfg                 
000387cc  gMpuRegionConfig                   
000387ec  FreeRTOS_errno                     
000387f0  gSciclientSecProxyCfg              
00038810  gClockConfig                       
00038840  gSocModulesClockFrequency          
00038858  gMcspiOpenParams                   
0003886c  gAddrTranslateConfig               
00038878  gMpuConfig                         
00038884  gSocModules                        
00038890  __TI_cleanup_ptr                   
00038894  __TI_dtors_ptr                     
00038898  gMcspiConfig                       
000388a0  gMcspiDmaConfig                    
000388b8  gUartConfig                        
000388c8  __TI_ft_end                        
000388cc  _lock                              
000388d0  _unlock                            
000388d8  gDebugLogZone                      
000388dc  gDebugP_uartDrvIndex               
000388e0  gMcspiConfigNum                    
000388e4  gMcspiDmaConfigNum                 
000388e8  gUartConfigNum                     
000388ec  gUartDmaConfigNum                  
000388f4  pxCurrentTCB                       
00038940  cmds                               
00038942  isFirst                            
ffffffff  __TI_pprof_out_hndl                
ffffffff  __TI_prof_data_size                
ffffffff  __TI_prof_data_start               
ffffffff  __binit__                          
ffffffff  binit                              
UNDEFED   __TI_CINIT_Base                    
UNDEFED   __TI_CINIT_Limit                   
UNDEFED   __TI_Handler_Table_Base            
UNDEFED   __TI_Handler_Table_Limit           
UNDEFED   _system_post_cinit                 

[331 symbols]
