<?xml version="1.0" encoding="ISO-8859-1" ?>
<link_info>
   <banner>TI ARM Clang Linker PC v2.1.2.LTS</banner>
   <copyright>Copyright (c) 1996-2018 Texas Instruments Incorporated</copyright>
   <link_time>0x64c0b0a9</link_time>
   <link_errors>0x0</link_errors>
   <output_file>MCSPI_AM62x_multibyte_multichannel.out</output_file>
   <entry_point>
      <name>_c_int00</name>
      <address>0xb869</address>
   </entry_point>
   <input_file_list>
      <input_file id="fl-1">
         <path>.\syscfg\</path>
         <kind>object</kind>
         <file>ti_dpl_config.o</file>
         <name>ti_dpl_config.o</name>
      </input_file>
      <input_file id="fl-2">
         <path>.\syscfg\</path>
         <kind>object</kind>
         <file>ti_drivers_config.o</file>
         <name>ti_drivers_config.o</name>
      </input_file>
      <input_file id="fl-3">
         <path>.\syscfg\</path>
         <kind>object</kind>
         <file>ti_drivers_open_close.o</file>
         <name>ti_drivers_open_close.o</name>
      </input_file>
      <input_file id="fl-4">
         <path>.\syscfg\</path>
         <kind>object</kind>
         <file>ti_pinmux_config.o</file>
         <name>ti_pinmux_config.o</name>
      </input_file>
      <input_file id="fl-5">
         <path>.\syscfg\</path>
         <kind>object</kind>
         <file>ti_power_clock_config.o</file>
         <name>ti_power_clock_config.o</name>
      </input_file>
      <input_file id="fl-6">
         <path>.\syscfg\</path>
         <kind>object</kind>
         <file>ti_board_config.o</file>
         <name>ti_board_config.o</name>
      </input_file>
      <input_file id="fl-7">
         <path>.\syscfg\</path>
         <kind>object</kind>
         <file>ti_board_open_close.o</file>
         <name>ti_board_open_close.o</name>
      </input_file>
      <input_file id="fl-8">
         <path>.\</path>
         <kind>object</kind>
         <file>main.o</file>
         <name>main.o</name>
      </input_file>
      <input_file id="fl-9">
         <path>.\</path>
         <kind>object</kind>
         <file>mcspi_loopback.o</file>
         <name>mcspi_loopback.o</name>
      </input_file>
      <input_file id="fl-18">
         <kind>object</kind>
         <file>&lt;internal&gt;</file>
         <name>&lt;internal&gt;</name>
      </input_file>
      <input_file id="fl-19">
         <path>C:\ti\mcu_plus_sdk_am62x_08_06_00_18\source\kernel\freertos\lib\</path>
         <kind>archive</kind>
         <file>freertos.am62x.m4f.ti-arm-clang.debug.lib</file>
         <name>boot_armv7m.obj</name>
      </input_file>
      <input_file id="fl-1a">
         <path>C:\ti\mcu_plus_sdk_am62x_08_06_00_18\source\kernel\freertos\lib\</path>
         <kind>archive</kind>
         <file>freertos.am62x.m4f.ti-arm-clang.debug.lib</file>
         <name>DebugP_uartLogWriter.obj</name>
      </input_file>
      <input_file id="fl-1b">
         <path>C:\ti\mcu_plus_sdk_am62x_08_06_00_18\source\kernel\freertos\lib\</path>
         <kind>archive</kind>
         <file>freertos.am62x.m4f.ti-arm-clang.debug.lib</file>
         <name>DebugP_log.obj</name>
      </input_file>
      <input_file id="fl-1c">
         <path>C:\ti\mcu_plus_sdk_am62x_08_06_00_18\source\kernel\freertos\lib\</path>
         <kind>archive</kind>
         <file>freertos.am62x.m4f.ti-arm-clang.debug.lib</file>
         <name>MpuP_armv7m.obj</name>
      </input_file>
      <input_file id="fl-1d">
         <path>C:\ti\mcu_plus_sdk_am62x_08_06_00_18\source\kernel\freertos\lib\</path>
         <kind>archive</kind>
         <file>freertos.am62x.m4f.ti-arm-clang.debug.lib</file>
         <name>AddrTranslateP.obj</name>
      </input_file>
      <input_file id="fl-1e">
         <path>C:\ti\mcu_plus_sdk_am62x_08_06_00_18\source\kernel\freertos\lib\</path>
         <kind>archive</kind>
         <file>freertos.am62x.m4f.ti-arm-clang.debug.lib</file>
         <name>HwiP_armv7m.obj</name>
      </input_file>
      <input_file id="fl-1f">
         <path>C:\ti\mcu_plus_sdk_am62x_08_06_00_18\source\kernel\freertos\lib\</path>
         <kind>archive</kind>
         <file>freertos.am62x.m4f.ti-arm-clang.debug.lib</file>
         <name>ClockP_freertos.obj</name>
      </input_file>
      <input_file id="fl-20">
         <path>C:\ti\mcu_plus_sdk_am62x_08_06_00_18\source\kernel\freertos\lib\</path>
         <kind>archive</kind>
         <file>freertos.am62x.m4f.ti-arm-clang.debug.lib</file>
         <name>ClockP_freertos_m4.obj</name>
      </input_file>
      <input_file id="fl-21">
         <path>C:\ti\mcu_plus_sdk_am62x_08_06_00_18\source\kernel\freertos\lib\</path>
         <kind>archive</kind>
         <file>freertos.am62x.m4f.ti-arm-clang.debug.lib</file>
         <name>HwiP_armv7m_handlers_freertos.obj</name>
      </input_file>
      <input_file id="fl-22">
         <path>C:\ti\mcu_plus_sdk_am62x_08_06_00_18\source\kernel\freertos\lib\</path>
         <kind>archive</kind>
         <file>freertos.am62x.m4f.ti-arm-clang.debug.lib</file>
         <name>DebugP_freertos.obj</name>
      </input_file>
      <input_file id="fl-23">
         <path>C:\ti\mcu_plus_sdk_am62x_08_06_00_18\source\kernel\freertos\lib\</path>
         <kind>archive</kind>
         <file>freertos.am62x.m4f.ti-arm-clang.debug.lib</file>
         <name>tasks.obj</name>
      </input_file>
      <input_file id="fl-24">
         <path>C:\ti\mcu_plus_sdk_am62x_08_06_00_18\source\kernel\freertos\lib\</path>
         <kind>archive</kind>
         <file>freertos.am62x.m4f.ti-arm-clang.debug.lib</file>
         <name>timers.obj</name>
      </input_file>
      <input_file id="fl-25">
         <path>C:\ti\mcu_plus_sdk_am62x_08_06_00_18\source\kernel\freertos\lib\</path>
         <kind>archive</kind>
         <file>freertos.am62x.m4f.ti-arm-clang.debug.lib</file>
         <name>queue.obj</name>
      </input_file>
      <input_file id="fl-26">
         <path>C:\ti\mcu_plus_sdk_am62x_08_06_00_18\source\kernel\freertos\lib\</path>
         <kind>archive</kind>
         <file>freertos.am62x.m4f.ti-arm-clang.debug.lib</file>
         <name>list.obj</name>
      </input_file>
      <input_file id="fl-27">
         <path>C:\ti\mcu_plus_sdk_am62x_08_06_00_18\source\kernel\freertos\lib\</path>
         <kind>archive</kind>
         <file>freertos.am62x.m4f.ti-arm-clang.debug.lib</file>
         <name>heap_3.obj</name>
      </input_file>
      <input_file id="fl-28">
         <path>C:\ti\mcu_plus_sdk_am62x_08_06_00_18\source\kernel\freertos\lib\</path>
         <kind>archive</kind>
         <file>freertos.am62x.m4f.ti-arm-clang.debug.lib</file>
         <name>port.obj</name>
      </input_file>
      <input_file id="fl-29">
         <path>C:\ti\mcu_plus_sdk_am62x_08_06_00_18\source\kernel\freertos\lib\</path>
         <kind>archive</kind>
         <file>freertos.am62x.m4f.ti-arm-clang.debug.lib</file>
         <name>printf.obj</name>
      </input_file>
      <input_file id="fl-2a">
         <path>C:\ti\mcu_plus_sdk_am62x_08_06_00_18\source\kernel\freertos\lib\</path>
         <kind>archive</kind>
         <file>freertos.am62x.m4f.ti-arm-clang.debug.lib</file>
         <name>SysTickTimerP.obj</name>
      </input_file>
      <input_file id="fl-2b">
         <path>C:\ti\mcu_plus_sdk_am62x_08_06_00_18\source\kernel\freertos\lib\</path>
         <kind>archive</kind>
         <file>freertos.am62x.m4f.ti-arm-clang.debug.lib</file>
         <name>SemaphoreP_freertos.obj</name>
      </input_file>
      <input_file id="fl-2c">
         <path>C:\ti\mcu_plus_sdk_am62x_08_06_00_18\source\kernel\freertos\lib\</path>
         <kind>archive</kind>
         <file>freertos.am62x.m4f.ti-arm-clang.debug.lib</file>
         <name>TaskP_freertos.obj</name>
      </input_file>
      <input_file id="fl-2d">
         <path>C:\ti\mcu_plus_sdk_am62x_08_06_00_18\source\drivers\lib\</path>
         <kind>archive</kind>
         <file>drivers.am62x.m4f.ti-arm-clang.debug.lib</file>
         <name>pinmux.obj</name>
      </input_file>
      <input_file id="fl-2e">
         <path>C:\ti\mcu_plus_sdk_am62x_08_06_00_18\source\drivers\lib\</path>
         <kind>archive</kind>
         <file>drivers.am62x.m4f.ti-arm-clang.debug.lib</file>
         <name>mcspi_v0.obj</name>
      </input_file>
      <input_file id="fl-2f">
         <path>C:\ti\mcu_plus_sdk_am62x_08_06_00_18\source\drivers\lib\</path>
         <kind>archive</kind>
         <file>drivers.am62x.m4f.ti-arm-clang.debug.lib</file>
         <name>mcspi_dma.obj</name>
      </input_file>
      <input_file id="fl-30">
         <path>C:\ti\mcu_plus_sdk_am62x_08_06_00_18\source\drivers\lib\</path>
         <kind>archive</kind>
         <file>drivers.am62x.m4f.ti-arm-clang.debug.lib</file>
         <name>sciclient.obj</name>
      </input_file>
      <input_file id="fl-31">
         <path>C:\ti\mcu_plus_sdk_am62x_08_06_00_18\source\drivers\lib\</path>
         <kind>archive</kind>
         <file>drivers.am62x.m4f.ti-arm-clang.debug.lib</file>
         <name>sciclient_fmwSecureProxyMap.obj</name>
      </input_file>
      <input_file id="fl-32">
         <path>C:\ti\mcu_plus_sdk_am62x_08_06_00_18\source\drivers\lib\</path>
         <kind>archive</kind>
         <file>drivers.am62x.m4f.ti-arm-clang.debug.lib</file>
         <name>sciclient_soc_priv.obj</name>
      </input_file>
      <input_file id="fl-33">
         <path>C:\ti\mcu_plus_sdk_am62x_08_06_00_18\source\drivers\lib\</path>
         <kind>archive</kind>
         <file>drivers.am62x.m4f.ti-arm-clang.debug.lib</file>
         <name>soc.obj</name>
      </input_file>
      <input_file id="fl-34">
         <path>C:\ti\mcu_plus_sdk_am62x_08_06_00_18\source\drivers\lib\</path>
         <kind>archive</kind>
         <file>drivers.am62x.m4f.ti-arm-clang.debug.lib</file>
         <name>uart_v0.obj</name>
      </input_file>
      <input_file id="fl-35">
         <path>C:\ti\mcu_plus_sdk_am62x_08_06_00_18\source\drivers\lib\</path>
         <kind>archive</kind>
         <file>drivers.am62x.m4f.ti-arm-clang.debug.lib</file>
         <name>uart_dma.obj</name>
      </input_file>
      <input_file id="fl-36">
         <path>C:\ti\mcu_plus_sdk_am62x_08_06_00_18\source\drivers\lib\</path>
         <kind>archive</kind>
         <file>drivers.am62x.m4f.ti-arm-clang.debug.lib</file>
         <name>csl_sec_proxy.obj</name>
      </input_file>
      <input_file id="fl-37">
         <path>C:\ti\mcu_plus_sdk_am62x_08_06_00_18\source\drivers\lib\</path>
         <kind>archive</kind>
         <file>drivers.am62x.m4f.ti-arm-clang.debug.lib</file>
         <name>sciclient_pm.obj</name>
      </input_file>
      <input_file id="fl-43">
         <path>C:\ti\ti-cgt-armllvm_2.1.2.LTS\lib\armv7em-ti-none-eabihf\c\</path>
         <kind>archive</kind>
         <file>libc.a</file>
         <name>sprintf.c.obj</name>
      </input_file>
      <input_file id="fl-44">
         <path>C:\ti\ti-cgt-armllvm_2.1.2.LTS\lib\armv7em-ti-none-eabihf\c\</path>
         <kind>archive</kind>
         <file>libc.a</file>
         <name>fputc.c.obj</name>
      </input_file>
      <input_file id="fl-45">
         <path>C:\ti\ti-cgt-armllvm_2.1.2.LTS\lib\armv7em-ti-none-eabihf\c\</path>
         <kind>archive</kind>
         <file>libc.a</file>
         <name>_io_perm.c.obj</name>
      </input_file>
      <input_file id="fl-46">
         <path>C:\ti\ti-cgt-armllvm_2.1.2.LTS\lib\armv7em-ti-none-eabihf\c\</path>
         <kind>archive</kind>
         <file>libc.a</file>
         <name>setvbuf.c.obj</name>
      </input_file>
      <input_file id="fl-47">
         <path>C:\ti\ti-cgt-armllvm_2.1.2.LTS\lib\armv7em-ti-none-eabihf\c\</path>
         <kind>archive</kind>
         <file>libc.a</file>
         <name>exit.c.obj</name>
      </input_file>
      <input_file id="fl-48">
         <path>C:\ti\ti-cgt-armllvm_2.1.2.LTS\lib\armv7em-ti-none-eabihf\c\</path>
         <kind>archive</kind>
         <file>libc.a</file>
         <name>_lock.c.obj</name>
      </input_file>
      <input_file id="fl-49">
         <path>C:\ti\ti-cgt-armllvm_2.1.2.LTS\lib\armv7em-ti-none-eabihf\c\</path>
         <kind>archive</kind>
         <file>libc.a</file>
         <name>defs.c.obj</name>
      </input_file>
      <input_file id="fl-4a">
         <path>C:\ti\ti-cgt-armllvm_2.1.2.LTS\lib\armv7em-ti-none-eabihf\c\</path>
         <kind>archive</kind>
         <file>libc.a</file>
         <name>memory.c.obj</name>
      </input_file>
      <input_file id="fl-4b">
         <path>C:\ti\ti-cgt-armllvm_2.1.2.LTS\lib\armv7em-ti-none-eabihf\c\</path>
         <kind>archive</kind>
         <file>libc.a</file>
         <name>strcpy.c.obj</name>
      </input_file>
      <input_file id="fl-4c">
         <path>C:\ti\ti-cgt-armllvm_2.1.2.LTS\lib\armv7em-ti-none-eabihf\c\</path>
         <kind>archive</kind>
         <file>libc.a</file>
         <name>strlen.c.obj</name>
      </input_file>
      <input_file id="fl-4d">
         <path>C:\ti\ti-cgt-armllvm_2.1.2.LTS\lib\armv7em-ti-none-eabihf\c\</path>
         <kind>archive</kind>
         <file>libc.a</file>
         <name>autoinit.c.obj</name>
      </input_file>
      <input_file id="fl-4e">
         <path>C:\ti\ti-cgt-armllvm_2.1.2.LTS\lib\armv7em-ti-none-eabihf\c\</path>
         <kind>archive</kind>
         <file>libc.a</file>
         <name>cpy_tbl.c.obj</name>
      </input_file>
      <input_file id="fl-4f">
         <path>C:\ti\ti-cgt-armllvm_2.1.2.LTS\lib\armv7em-ti-none-eabihf\c\</path>
         <kind>archive</kind>
         <file>libc.a</file>
         <name>_printfi.c.obj</name>
      </input_file>
      <input_file id="fl-50">
         <path>C:\ti\ti-cgt-armllvm_2.1.2.LTS\lib\armv7em-ti-none-eabihf\c\</path>
         <kind>archive</kind>
         <file>libc.a</file>
         <name>fflush.c.obj</name>
      </input_file>
      <input_file id="fl-51">
         <path>C:\ti\ti-cgt-armllvm_2.1.2.LTS\lib\armv7em-ti-none-eabihf\c\</path>
         <kind>archive</kind>
         <file>libc.a</file>
         <name>fopen.c.obj</name>
      </input_file>
      <input_file id="fl-52">
         <path>C:\ti\ti-cgt-armllvm_2.1.2.LTS\lib\armv7em-ti-none-eabihf\c\</path>
         <kind>archive</kind>
         <file>libc.a</file>
         <name>fseek.c.obj</name>
      </input_file>
      <input_file id="fl-53">
         <path>C:\ti\ti-cgt-armllvm_2.1.2.LTS\lib\armv7em-ti-none-eabihf\c\</path>
         <kind>archive</kind>
         <file>libc.a</file>
         <name>wcslen.c.obj</name>
      </input_file>
      <input_file id="fl-54">
         <path>C:\ti\ti-cgt-armllvm_2.1.2.LTS\lib\armv7em-ti-none-eabihf\c\</path>
         <kind>archive</kind>
         <file>libc.a</file>
         <name>aeabi_portable.c.obj</name>
      </input_file>
      <input_file id="fl-55">
         <path>C:\ti\ti-cgt-armllvm_2.1.2.LTS\lib\armv7em-ti-none-eabihf\c\</path>
         <kind>archive</kind>
         <file>libc.a</file>
         <name>_ltoa.c.obj</name>
      </input_file>
      <input_file id="fl-56">
         <path>C:\ti\ti-cgt-armllvm_2.1.2.LTS\lib\armv7em-ti-none-eabihf\c\</path>
         <kind>archive</kind>
         <file>libc.a</file>
         <name>assert.c.obj</name>
      </input_file>
      <input_file id="fl-57">
         <path>C:\ti\ti-cgt-armllvm_2.1.2.LTS\lib\armv7em-ti-none-eabihf\c\</path>
         <kind>archive</kind>
         <file>libc.a</file>
         <name>atoi.c.obj</name>
      </input_file>
      <input_file id="fl-58">
         <path>C:\ti\ti-cgt-armllvm_2.1.2.LTS\lib\armv7em-ti-none-eabihf\c\</path>
         <kind>archive</kind>
         <file>libc.a</file>
         <name>memccpy.c.obj</name>
      </input_file>
      <input_file id="fl-59">
         <path>C:\ti\ti-cgt-armllvm_2.1.2.LTS\lib\armv7em-ti-none-eabihf\c\</path>
         <kind>archive</kind>
         <file>libc.a</file>
         <name>s_frexp.c.obj</name>
      </input_file>
      <input_file id="fl-5a">
         <path>C:\ti\ti-cgt-armllvm_2.1.2.LTS\lib\armv7em-ti-none-eabihf\c\</path>
         <kind>archive</kind>
         <file>libc.a</file>
         <name>s_scalbn.c.obj</name>
      </input_file>
      <input_file id="fl-5b">
         <path>C:\ti\ti-cgt-armllvm_2.1.2.LTS\lib\armv7em-ti-none-eabihf\c\</path>
         <kind>archive</kind>
         <file>libc.a</file>
         <name>fclose.c.obj</name>
      </input_file>
      <input_file id="fl-5c">
         <path>C:\ti\ti-cgt-armllvm_2.1.2.LTS\lib\armv7em-ti-none-eabihf\c\</path>
         <kind>archive</kind>
         <file>libc.a</file>
         <name>fputs.c.obj</name>
      </input_file>
      <input_file id="fl-5d">
         <path>C:\ti\ti-cgt-armllvm_2.1.2.LTS\lib\armv7em-ti-none-eabihf\c\</path>
         <kind>archive</kind>
         <file>libc.a</file>
         <name>aeabi_ctype.S.obj</name>
      </input_file>
      <input_file id="fl-69">
         <path>C:\ti\ti-cgt-armllvm_2.1.2.LTS\lib\armv7em-ti-none-eabihf\c\</path>
         <kind>archive</kind>
         <file>libsysbm.a</file>
         <name>write.c.obj</name>
      </input_file>
      <input_file id="fl-6a">
         <path>C:\ti\ti-cgt-armllvm_2.1.2.LTS\lib\armv7em-ti-none-eabihf\c\</path>
         <kind>archive</kind>
         <file>libsysbm.a</file>
         <name>host_device.c.obj</name>
      </input_file>
      <input_file id="fl-6b">
         <path>C:\ti\ti-cgt-armllvm_2.1.2.LTS\lib\armv7em-ti-none-eabihf\c\</path>
         <kind>archive</kind>
         <file>libsysbm.a</file>
         <name>remove.c.obj</name>
      </input_file>
      <input_file id="fl-6c">
         <path>C:\ti\ti-cgt-armllvm_2.1.2.LTS\lib\armv7em-ti-none-eabihf\c\</path>
         <kind>archive</kind>
         <file>libsysbm.a</file>
         <name>open.c.obj</name>
      </input_file>
      <input_file id="fl-6d">
         <path>C:\ti\ti-cgt-armllvm_2.1.2.LTS\lib\armv7em-ti-none-eabihf\c\</path>
         <kind>archive</kind>
         <file>libsysbm.a</file>
         <name>lseek.c.obj</name>
      </input_file>
      <input_file id="fl-6e">
         <path>C:\ti\ti-cgt-armllvm_2.1.2.LTS\lib\armv7em-ti-none-eabihf\c\</path>
         <kind>archive</kind>
         <file>libsysbm.a</file>
         <name>close.c.obj</name>
      </input_file>
      <input_file id="fl-6f">
         <path>C:\ti\ti-cgt-armllvm_2.1.2.LTS\lib\armv7em-ti-none-eabihf\c\</path>
         <kind>archive</kind>
         <file>libsysbm.a</file>
         <name>unlink.c.obj</name>
      </input_file>
      <input_file id="fl-70">
         <path>C:\ti\ti-cgt-armllvm_2.1.2.LTS\lib\armv7em-ti-none-eabihf\c\</path>
         <kind>archive</kind>
         <file>libsysbm.a</file>
         <name>hostclose.c.obj</name>
      </input_file>
      <input_file id="fl-71">
         <path>C:\ti\ti-cgt-armllvm_2.1.2.LTS\lib\armv7em-ti-none-eabihf\c\</path>
         <kind>archive</kind>
         <file>libsysbm.a</file>
         <name>hostlseek.c.obj</name>
      </input_file>
      <input_file id="fl-72">
         <path>C:\ti\ti-cgt-armllvm_2.1.2.LTS\lib\armv7em-ti-none-eabihf\c\</path>
         <kind>archive</kind>
         <file>libsysbm.a</file>
         <name>hostopen.c.obj</name>
      </input_file>
      <input_file id="fl-73">
         <path>C:\ti\ti-cgt-armllvm_2.1.2.LTS\lib\armv7em-ti-none-eabihf\c\</path>
         <kind>archive</kind>
         <file>libsysbm.a</file>
         <name>hostread.c.obj</name>
      </input_file>
      <input_file id="fl-74">
         <path>C:\ti\ti-cgt-armllvm_2.1.2.LTS\lib\armv7em-ti-none-eabihf\c\</path>
         <kind>archive</kind>
         <file>libsysbm.a</file>
         <name>hostrename.c.obj</name>
      </input_file>
      <input_file id="fl-75">
         <path>C:\ti\ti-cgt-armllvm_2.1.2.LTS\lib\armv7em-ti-none-eabihf\c\</path>
         <kind>archive</kind>
         <file>libsysbm.a</file>
         <name>hostunlink.c.obj</name>
      </input_file>
      <input_file id="fl-76">
         <path>C:\ti\ti-cgt-armllvm_2.1.2.LTS\lib\armv7em-ti-none-eabihf\c\</path>
         <kind>archive</kind>
         <file>libsysbm.a</file>
         <name>hostwrite.c.obj</name>
      </input_file>
      <input_file id="fl-77">
         <path>C:\ti\ti-cgt-armllvm_2.1.2.LTS\lib\armv7em-ti-none-eabihf\c\</path>
         <kind>archive</kind>
         <file>libsysbm.a</file>
         <name>trgmsg.c.obj</name>
      </input_file>
      <input_file id="fl-a5">
         <path>C:\ti\ti-cgt-armllvm_2.1.2.LTS\lib\armv7em-ti-none-eabihf\c\</path>
         <kind>archive</kind>
         <file>libc.a</file>
         <name>getdevice.c.obj</name>
      </input_file>
      <input_file id="fl-a6">
         <path>C:\ti\ti-cgt-armllvm_2.1.2.LTS\lib\clang\14.0.6\lib\armv7em-ti-none-eabihf\</path>
         <kind>archive</kind>
         <file>libclang_rt.builtins.a</file>
         <name>adddf3.S.obj</name>
      </input_file>
      <input_file id="fl-a7">
         <path>C:\ti\ti-cgt-armllvm_2.1.2.LTS\lib\clang\14.0.6\lib\armv7em-ti-none-eabihf\</path>
         <kind>archive</kind>
         <file>libclang_rt.builtins.a</file>
         <name>muldf3.S.obj</name>
      </input_file>
      <input_file id="fl-a8">
         <path>C:\ti\ti-cgt-armllvm_2.1.2.LTS\lib\clang\14.0.6\lib\armv7em-ti-none-eabihf\</path>
         <kind>archive</kind>
         <file>libclang_rt.builtins.a</file>
         <name>divdf3.S.obj</name>
      </input_file>
      <input_file id="fl-a9">
         <path>C:\ti\ti-cgt-armllvm_2.1.2.LTS\lib\clang\14.0.6\lib\armv7em-ti-none-eabihf\</path>
         <kind>archive</kind>
         <file>libclang_rt.builtins.a</file>
         <name>fixdfsi.S.obj</name>
      </input_file>
      <input_file id="fl-aa">
         <path>C:\ti\ti-cgt-armllvm_2.1.2.LTS\lib\clang\14.0.6\lib\armv7em-ti-none-eabihf\</path>
         <kind>archive</kind>
         <file>libclang_rt.builtins.a</file>
         <name>fixunsdfsi.S.obj</name>
      </input_file>
      <input_file id="fl-ab">
         <path>C:\ti\ti-cgt-armllvm_2.1.2.LTS\lib\clang\14.0.6\lib\armv7em-ti-none-eabihf\</path>
         <kind>archive</kind>
         <file>libclang_rt.builtins.a</file>
         <name>floatsidf.S.obj</name>
      </input_file>
      <input_file id="fl-ac">
         <path>C:\ti\ti-cgt-armllvm_2.1.2.LTS\lib\clang\14.0.6\lib\armv7em-ti-none-eabihf\</path>
         <kind>archive</kind>
         <file>libclang_rt.builtins.a</file>
         <name>floatunsidf.S.obj</name>
      </input_file>
      <input_file id="fl-ad">
         <path>C:\ti\ti-cgt-armllvm_2.1.2.LTS\lib\clang\14.0.6\lib\armv7em-ti-none-eabihf\</path>
         <kind>archive</kind>
         <file>libclang_rt.builtins.a</file>
         <name>comparedf2.c.obj</name>
      </input_file>
      <input_file id="fl-ae">
         <path>C:\ti\ti-cgt-armllvm_2.1.2.LTS\lib\clang\14.0.6\lib\armv7em-ti-none-eabihf\</path>
         <kind>archive</kind>
         <file>libclang_rt.builtins.a</file>
         <name>aeabi_dcmp.S.obj</name>
      </input_file>
      <input_file id="fl-af">
         <path>C:\ti\ti-cgt-armllvm_2.1.2.LTS\lib\clang\14.0.6\lib\armv7em-ti-none-eabihf\</path>
         <kind>archive</kind>
         <file>libclang_rt.builtins.a</file>
         <name>aeabi_memcpy.S.obj</name>
      </input_file>
      <input_file id="fl-b0">
         <path>C:\ti\ti-cgt-armllvm_2.1.2.LTS\lib\clang\14.0.6\lib\armv7em-ti-none-eabihf\</path>
         <kind>archive</kind>
         <file>libclang_rt.builtins.a</file>
         <name>aeabi_memset.S.obj</name>
      </input_file>
      <input_file id="fl-b1">
         <path>C:\ti\ti-cgt-armllvm_2.1.2.LTS\lib\clang\14.0.6\lib\armv7em-ti-none-eabihf\</path>
         <kind>archive</kind>
         <file>libclang_rt.builtins.a</file>
         <name>aeabi_uldivmod.S.obj</name>
      </input_file>
      <input_file id="fl-b2">
         <path>C:\ti\ti-cgt-armllvm_2.1.2.LTS\lib\clang\14.0.6\lib\armv7em-ti-none-eabihf\</path>
         <kind>archive</kind>
         <file>libclang_rt.builtins.a</file>
         <name>udivmoddi4.S.obj</name>
      </input_file>
      <input_file id="fl-b3">
         <path>C:\ti\ti-cgt-armllvm_2.1.2.LTS\lib\clang\14.0.6\lib\armv7em-ti-none-eabihf\</path>
         <kind>archive</kind>
         <file>libclang_rt.builtins.a</file>
         <name>aeabi_div0.c.obj</name>
      </input_file>
      <input_file id="fl-b4">
         <path>C:\ti\ti-cgt-armllvm_2.1.2.LTS\lib\armv7em-ti-none-eabihf\c\</path>
         <kind>archive</kind>
         <file>libc.a</file>
         <name>memcpy_t2.S.obj</name>
      </input_file>
      <input_file id="fl-b5">
         <path>C:\ti\ti-cgt-armllvm_2.1.2.LTS\lib\armv7em-ti-none-eabihf\c\</path>
         <kind>archive</kind>
         <file>libc.a</file>
         <name>memset_t2.S.obj</name>
      </input_file>
   </input_file_list>
   <object_component_list>
      <object_component id="oc-20">
         <name>.vectors</name>
         <load_address>0x0</load_address>
         <run_address>0x0</run_address>
         <size>0x140</size>
         <input_file_ref idref="fl-21"/>
      </object_component>
      <object_component id="oc-116">
         <name>.text._vsnprintf</name>
         <load_address>0x200</load_address>
         <run_address>0x200</run_address>
         <size>0xa30</size>
         <input_file_ref idref="fl-29"/>
      </object_component>
      <object_component id="oc-1bf">
         <name>.text._etoa</name>
         <load_address>0xc30</load_address>
         <run_address>0xc30</run_address>
         <size>0x640</size>
         <input_file_ref idref="fl-29"/>
      </object_component>
      <object_component id="oc-1be">
         <name>.text._ftoa</name>
         <load_address>0x1270</load_address>
         <run_address>0x1270</run_address>
         <size>0x580</size>
         <input_file_ref idref="fl-29"/>
      </object_component>
      <object_component id="oc-6c">
         <name>.text.hwi</name>
         <load_address>0x17f0</load_address>
         <run_address>0x17f0</run_address>
         <size>0x4a8</size>
         <input_file_ref idref="fl-1e"/>
      </object_component>
      <object_component id="oc-172">
         <name>.text.MCSPI_transfer</name>
         <load_address>0x1c98</load_address>
         <run_address>0x1c98</run_address>
         <size>0x384</size>
         <input_file_ref idref="fl-2e"/>
      </object_component>
      <object_component id="oc-2b4">
         <name>.text.Sciclient_service</name>
         <load_address>0x201c</load_address>
         <run_address>0x201c</run_address>
         <size>0x2da</size>
         <input_file_ref idref="fl-30"/>
      </object_component>
      <object_component id="oc-281">
         <name>.text.UART_open</name>
         <load_address>0x22f6</load_address>
         <run_address>0x22f6</run_address>
         <size>0x28c</size>
         <input_file_ref idref="fl-34"/>
      </object_component>
      <object_component id="oc-114">
         <name>.text.xQueueSemaphoreTake</name>
         <load_address>0x2582</load_address>
         <run_address>0x2582</run_address>
         <size>0x272</size>
         <input_file_ref idref="fl-25"/>
      </object_component>
      <object_component id="oc-27b">
         <name>.text.MCSPI_open</name>
         <load_address>0x27f4</load_address>
         <run_address>0x27f4</run_address>
         <size>0x26a</size>
         <input_file_ref idref="fl-2e"/>
      </object_component>
      <object_component id="oc-11b">
         <name>.text.xQueueGenericSend</name>
         <load_address>0x2a5e</load_address>
         <run_address>0x2a5e</run_address>
         <size>0x26a</size>
         <input_file_ref idref="fl-25"/>
      </object_component>
      <object_component id="oc-30a">
         <name>.text.UART_fifoConfig</name>
         <load_address>0x2cc8</load_address>
         <run_address>0x2cc8</run_address>
         <size>0x242</size>
         <input_file_ref idref="fl-34"/>
      </object_component>
      <object_component id="oc-231">
         <name>.text._ntoa_format</name>
         <load_address>0x2f0a</load_address>
         <run_address>0x2f0a</run_address>
         <size>0x23c</size>
         <input_file_ref idref="fl-29"/>
      </object_component>
      <object_component id="oc-73">
         <name>.text.mpu</name>
         <load_address>0x3146</load_address>
         <run_address>0x3146</run_address>
         <size>0x23a</size>
         <input_file_ref idref="fl-1c"/>
      </object_component>
      <object_component id="oc-2c9">
         <name>.text.UART_masterIsr</name>
         <load_address>0x3380</load_address>
         <run_address>0x3380</run_address>
         <size>0x232</size>
         <input_file_ref idref="fl-34"/>
      </object_component>
      <object_component id="oc-2c0">
         <name>.text.MCSPI_setChConfig</name>
         <load_address>0x35b2</load_address>
         <run_address>0x35b2</run_address>
         <size>0x22e</size>
         <input_file_ref idref="fl-2e"/>
      </object_component>
      <object_component id="oc-29b">
         <name>.text.xQueueReceive</name>
         <load_address>0x37e0</load_address>
         <run_address>0x37e0</run_address>
         <size>0x20a</size>
         <input_file_ref idref="fl-25"/>
      </object_component>
      <object_component id="oc-200">
         <name>.text.MCSPI_transferMasterPoll</name>
         <load_address>0x39ea</load_address>
         <run_address>0x39ea</run_address>
         <size>0x1fa</size>
         <input_file_ref idref="fl-2e"/>
      </object_component>
      <object_component id="oc-2a6">
         <name>.text.UART_write</name>
         <load_address>0x3be4</load_address>
         <run_address>0x3be4</run_address>
         <size>0x1f4</size>
         <input_file_ref idref="fl-34"/>
      </object_component>
      <object_component id="oc-1e1">
         <name>.text.SOC_moduleSetClockFrequency</name>
         <load_address>0x3dd8</load_address>
         <run_address>0x3dd8</run_address>
         <size>0x1e2</size>
         <input_file_ref idref="fl-33"/>
      </object_component>
      <object_component id="oc-8f">
         <name>.text.Board_init</name>
         <load_address>0x3fba</load_address>
         <run_address>0x3fba</run_address>
         <size>0x2</size>
         <input_file_ref idref="fl-6"/>
      </object_component>
      <object_component id="oc-222">
         <name>.text.prvProcessReceivedCommands</name>
         <load_address>0x3fbc</load_address>
         <run_address>0x3fbc</run_address>
         <size>0x1c2</size>
         <input_file_ref idref="fl-24"/>
      </object_component>
      <object_component id="oc-13d">
         <name>.text.ClockP_init</name>
         <load_address>0x417e</load_address>
         <run_address>0x417e</run_address>
         <size>0x1ba</size>
         <input_file_ref idref="fl-20"/>
      </object_component>
      <object_component id="oc-305">
         <name>.text.MCSPI_continueTxRx</name>
         <load_address>0x4338</load_address>
         <run_address>0x4338</run_address>
         <size>0x1ba</size>
         <input_file_ref idref="fl-2e"/>
      </object_component>
      <object_component id="oc-11c">
         <name>.text.__aeabi_ldiv0</name>
         <load_address>0x44f2</load_address>
         <run_address>0x44f2</run_address>
         <size>0x2</size>
         <input_file_ref idref="fl-b3"/>
      </object_component>
      <object_component id="oc-23e">
         <name>.text</name>
         <load_address>0x44f4</load_address>
         <run_address>0x44f4</run_address>
         <size>0x1b6</size>
         <input_file_ref idref="fl-a6"/>
      </object_component>
      <object_component id="oc-2ca">
         <name>.text.UART_close</name>
         <load_address>0x46aa</load_address>
         <run_address>0x46aa</run_address>
         <size>0x1b0</size>
         <input_file_ref idref="fl-34"/>
      </object_component>
      <object_component id="oc-2dd">
         <name>.text.xQueueGenericSendFromISR</name>
         <load_address>0x485a</load_address>
         <run_address>0x485a</run_address>
         <size>0x1a8</size>
         <input_file_ref idref="fl-25"/>
      </object_component>
      <object_component id="oc-229">
         <name>.text.xTaskIncrementTick</name>
         <load_address>0x4a02</load_address>
         <run_address>0x4a02</run_address>
         <size>0x1a2</size>
         <input_file_ref idref="fl-23"/>
      </object_component>
      <object_component id="oc-1d3">
         <name>.text.SysTickTimerP_setup</name>
         <load_address>0x4ba4</load_address>
         <run_address>0x4ba4</run_address>
         <size>0x186</size>
         <input_file_ref idref="fl-2a"/>
      </object_component>
      <object_component id="oc-11">
         <name>.text.vTaskSwitchContext</name>
         <load_address>0x4d2a</load_address>
         <run_address>0x4d2a</run_address>
         <size>0x186</size>
         <input_file_ref idref="fl-23"/>
      </object_component>
      <object_component id="oc-1b5">
         <name>.text.xTaskResumeAll</name>
         <load_address>0x4eb0</load_address>
         <run_address>0x4eb0</run_address>
         <size>0x186</size>
         <input_file_ref idref="fl-23"/>
      </object_component>
      <object_component id="oc-11a">
         <name>.text.xQueueGiveFromISR</name>
         <load_address>0x5036</load_address>
         <run_address>0x5036</run_address>
         <size>0x184</size>
         <input_file_ref idref="fl-25"/>
      </object_component>
      <object_component id="oc-e8">
         <name>.text.mcspi_loopback_main</name>
         <load_address>0x51ba</load_address>
         <run_address>0x51ba</run_address>
         <size>0x180</size>
         <input_file_ref idref="fl-9"/>
      </object_component>
      <object_component id="oc-28e">
         <name>.text.MCSPI_continueSlaveTxRx</name>
         <load_address>0x533a</load_address>
         <run_address>0x533a</run_address>
         <size>0x17e</size>
         <input_file_ref idref="fl-2e"/>
      </object_component>
      <object_component id="oc-2bd">
         <name>.text.MCSPI_slaveIsr</name>
         <load_address>0x54b8</load_address>
         <run_address>0x54b8</run_address>
         <size>0x17c</size>
         <input_file_ref idref="fl-2e"/>
      </object_component>
      <object_component id="oc-2c3">
         <name>.text.UART_configInstance</name>
         <load_address>0x5634</load_address>
         <run_address>0x5634</run_address>
         <size>0x178</size>
         <input_file_ref idref="fl-34"/>
      </object_component>
      <object_component id="oc-1a3">
         <name>.text.xQueueGenericCreateStatic</name>
         <load_address>0x57ac</load_address>
         <run_address>0x57ac</run_address>
         <size>0x16a</size>
         <input_file_ref idref="fl-25"/>
      </object_component>
      <object_component id="oc-1b7">
         <name>.text.vTaskPriorityDisinheritAfterTimeout</name>
         <load_address>0x5916</load_address>
         <run_address>0x5916</run_address>
         <size>0x160</size>
         <input_file_ref idref="fl-23"/>
      </object_component>
      <object_component id="oc-113">
         <name>.text.xQueueReceiveFromISR</name>
         <load_address>0x5a76</load_address>
         <run_address>0x5a76</run_address>
         <size>0x156</size>
         <input_file_ref idref="fl-25"/>
      </object_component>
      <object_component id="oc-ed">
         <name>.text.vTaskDelete</name>
         <load_address>0x5bcc</load_address>
         <run_address>0x5bcc</run_address>
         <size>0x154</size>
         <input_file_ref idref="fl-23"/>
      </object_component>
      <object_component id="oc-319">
         <name>.text.UART_procLineStatusErr</name>
         <load_address>0x5d20</load_address>
         <run_address>0x5d20</run_address>
         <size>0x150</size>
         <input_file_ref idref="fl-34"/>
      </object_component>
      <object_component id="oc-2bc">
         <name>.text.MCSPI_masterIsr</name>
         <load_address>0x5e70</load_address>
         <run_address>0x5e70</run_address>
         <size>0x14c</size>
         <input_file_ref idref="fl-2e"/>
      </object_component>
      <object_component id="oc-1f7">
         <name>.text.MCSPI_setFifoConfig</name>
         <load_address>0x5fbc</load_address>
         <run_address>0x5fbc</run_address>
         <size>0x14a</size>
         <input_file_ref idref="fl-2e"/>
      </object_component>
      <object_component id="oc-ee">
         <name>.text.prvInitialiseNewTask</name>
         <load_address>0x6106</load_address>
         <run_address>0x6106</run_address>
         <size>0x148</size>
         <input_file_ref idref="fl-23"/>
      </object_component>
      <object_component id="oc-2fe">
         <name>.text.Sciclient_sendMessage</name>
         <load_address>0x624e</load_address>
         <run_address>0x624e</run_address>
         <size>0x142</size>
         <input_file_ref idref="fl-30"/>
      </object_component>
      <object_component id="oc-1bc">
         <name>.text._ntoa_long_long</name>
         <load_address>0x6390</load_address>
         <run_address>0x6390</run_address>
         <size>0x138</size>
         <input_file_ref idref="fl-29"/>
      </object_component>
      <object_component id="oc-257">
         <name>.text</name>
         <load_address>0x64c8</load_address>
         <run_address>0x64c8</run_address>
         <size>0x136</size>
         <input_file_ref idref="fl-a8"/>
      </object_component>
      <object_component id="oc-301">
         <name>.text.Sciclient_recvMessage</name>
         <load_address>0x65fe</load_address>
         <run_address>0x65fe</run_address>
         <size>0x12e</size>
         <input_file_ref idref="fl-30"/>
      </object_component>
      <object_component id="oc-2be">
         <name>.text.MCSPI_close</name>
         <load_address>0x672c</load_address>
         <run_address>0x672c</run_address>
         <size>0x12c</size>
         <input_file_ref idref="fl-2e"/>
      </object_component>
      <object_component id="oc-276">
         <name>.text.Sciclient_pmQueryModuleClkFreq</name>
         <load_address>0x6858</load_address>
         <run_address>0x6858</run_address>
         <size>0x126</size>
         <input_file_ref idref="fl-37"/>
      </object_component>
      <object_component id="oc-19a">
         <name>.text._nop</name>
         <load_address>0x697e</load_address>
         <run_address>0x697e</run_address>
         <size>0x2</size>
         <input_file_ref idref="fl-48"/>
      </object_component>
      <object_component id="oc-376">
         <name>.text.aligned_alloc</name>
         <load_address>0x6980</load_address>
         <run_address>0x6980</run_address>
         <size>0x120</size>
         <input_file_ref idref="fl-4a"/>
      </object_component>
      <object_component id="oc-324">
         <name>.text.eTaskGetState</name>
         <load_address>0x6aa0</load_address>
         <run_address>0x6aa0</run_address>
         <size>0x11e</size>
         <input_file_ref idref="fl-23"/>
      </object_component>
      <object_component id="oc-25b">
         <name>.text.xTaskPriorityDisinherit</name>
         <load_address>0x6bbe</load_address>
         <run_address>0x6bbe</run_address>
         <size>0x11e</size>
         <input_file_ref idref="fl-23"/>
      </object_component>
      <object_component id="oc-1b2">
         <name>.text.xTaskPriorityInherit</name>
         <load_address>0x6cdc</load_address>
         <run_address>0x6cdc</run_address>
         <size>0x11a</size>
         <input_file_ref idref="fl-23"/>
      </object_component>
      <object_component id="oc-30c">
         <name>.text.UART_divisorLatchWrite</name>
         <load_address>0x6df6</load_address>
         <run_address>0x6df6</run_address>
         <size>0x116</size>
         <input_file_ref idref="fl-34"/>
      </object_component>
      <object_component id="oc-ef">
         <name>.text.prvAddNewTaskToReadyList</name>
         <load_address>0x6f0c</load_address>
         <run_address>0x6f0c</run_address>
         <size>0x116</size>
         <input_file_ref idref="fl-23"/>
      </object_component>
      <object_component id="oc-1bd">
         <name>.text._ntoa_long</name>
         <load_address>0x7022</load_address>
         <run_address>0x7022</run_address>
         <size>0x114</size>
         <input_file_ref idref="fl-29"/>
      </object_component>
      <object_component id="oc-1ef">
         <name>.text.Drivers_mcspiOpen</name>
         <load_address>0x7136</load_address>
         <run_address>0x7136</run_address>
         <size>0x110</size>
         <input_file_ref idref="fl-3"/>
      </object_component>
      <object_component id="oc-277">
         <name>.text.Sciclient_pmSetModuleClkFreq</name>
         <load_address>0x7246</load_address>
         <run_address>0x7246</run_address>
         <size>0x10c</size>
         <input_file_ref idref="fl-37"/>
      </object_component>
      <object_component id="oc-98">
         <name>.text.xTaskCreateStatic</name>
         <load_address>0x7352</load_address>
         <run_address>0x7352</run_address>
         <size>0x10a</size>
         <input_file_ref idref="fl-23"/>
      </object_component>
      <object_component id="oc-9a">
         <name>.text.vTaskStartScheduler</name>
         <load_address>0x745c</load_address>
         <run_address>0x745c</run_address>
         <size>0x102</size>
         <input_file_ref idref="fl-23"/>
      </object_component>
      <object_component id="oc-295">
         <name>.text.TaskP_loadUpdateAll</name>
         <load_address>0x755e</load_address>
         <run_address>0x755e</run_address>
         <size>0x100</size>
         <input_file_ref idref="fl-2c"/>
      </object_component>
      <object_component id="oc-201">
         <name>.text.MCSPI_setSlaveFifoConfig</name>
         <load_address>0x765e</load_address>
         <run_address>0x765e</run_address>
         <size>0xfc</size>
         <input_file_ref idref="fl-2e"/>
      </object_component>
      <object_component id="oc-fb">
         <name>.text.vPortConfigTimerForRunTimeStats</name>
         <load_address>0x775a</load_address>
         <run_address>0x775a</run_address>
         <size>0x2</size>
         <input_file_ref idref="fl-28"/>
      </object_component>
      <object_component id="oc-24b">
         <name>.text</name>
         <load_address>0x775c</load_address>
         <run_address>0x775c</run_address>
         <size>0xfc</size>
         <input_file_ref idref="fl-a7"/>
      </object_component>
      <object_component id="oc-290">
         <name>.text.free</name>
         <load_address>0x7858</load_address>
         <run_address>0x7858</run_address>
         <size>0xf8</size>
         <input_file_ref idref="fl-4a"/>
      </object_component>
      <object_component id="oc-348">
         <name>.text.MCSPI_initiateLastChunkTransfer</name>
         <load_address>0x7950</load_address>
         <run_address>0x7950</run_address>
         <size>0xf6</size>
         <input_file_ref idref="fl-2e"/>
      </object_component>
      <object_component id="oc-226">
         <name>.text.prvAddCurrentTaskToDelayedList</name>
         <load_address>0x7a46</load_address>
         <run_address>0x7a46</run_address>
         <size>0xf4</size>
         <input_file_ref idref="fl-23"/>
      </object_component>
      <object_component id="oc-2ba">
         <name>.text.MCSPI_configInstance</name>
         <load_address>0x7b3a</load_address>
         <run_address>0x7b3a</run_address>
         <size>0xf2</size>
         <input_file_ref idref="fl-2e"/>
      </object_component>
      <object_component id="oc-1ff">
         <name>.text.MCSPI_stop</name>
         <load_address>0x7c2c</load_address>
         <run_address>0x7c2c</run_address>
         <size>0xee</size>
         <input_file_ref idref="fl-2e"/>
      </object_component>
      <object_component id="oc-1b0">
         <name>.text.xTaskCheckForTimeOut</name>
         <load_address>0x7d1a</load_address>
         <run_address>0x7d1a</run_address>
         <size>0xee</size>
         <input_file_ref idref="fl-23"/>
      </object_component>
      <object_component id="oc-140">
         <name>.text.AddrTranslateP_getLocalAddr</name>
         <load_address>0x7e08</load_address>
         <run_address>0x7e08</run_address>
         <size>0xe8</size>
         <input_file_ref idref="fl-1d"/>
      </object_component>
      <object_component id="oc-4d">
         <name>.text.hwi</name>
         <load_address>0x7ef0</load_address>
         <run_address>0x7ef0</run_address>
         <size>0xe2</size>
         <input_file_ref idref="fl-21"/>
      </object_component>
      <object_component id="oc-2db">
         <name>.text.prvSwitchTimerLists</name>
         <load_address>0x7fd2</load_address>
         <run_address>0x7fd2</run_address>
         <size>0xe2</size>
         <input_file_ref idref="fl-24"/>
      </object_component>
      <object_component id="oc-2d6">
         <name>.text.vTaskGetInfo</name>
         <load_address>0x80b4</load_address>
         <run_address>0x80b4</run_address>
         <size>0xe2</size>
         <input_file_ref idref="fl-23"/>
      </object_component>
      <object_component id="oc-2ff">
         <name>.text.Sciclient_waitForMessage</name>
         <load_address>0x8196</load_address>
         <run_address>0x8196</run_address>
         <size>0xde</size>
         <input_file_ref idref="fl-30"/>
      </object_component>
      <object_component id="oc-31c">
         <name>.text.UART_intrEnable</name>
         <load_address>0x8274</load_address>
         <run_address>0x8274</run_address>
         <size>0xde</size>
         <input_file_ref idref="fl-34"/>
      </object_component>
      <object_component id="oc-308">
         <name>.text.MCSPI_setClkConfig</name>
         <load_address>0x8352</load_address>
         <run_address>0x8352</run_address>
         <size>0xdc</size>
         <input_file_ref idref="fl-2e"/>
      </object_component>
      <object_component id="oc-31a">
         <name>.text.UART_intrDisable</name>
         <load_address>0x842e</load_address>
         <run_address>0x842e</run_address>
         <size>0xda</size>
         <input_file_ref idref="fl-34"/>
      </object_component>
      <object_component id="oc-32b">
         <name>.text.setvbuf</name>
         <load_address>0x8508</load_address>
         <run_address>0x8508</run_address>
         <size>0xd8</size>
         <input_file_ref idref="fl-46"/>
      </object_component>
      <object_component id="oc-1e2">
         <name>.text.Pinmux_unlockMMR</name>
         <load_address>0x85e0</load_address>
         <run_address>0x85e0</run_address>
         <size>0xd4</size>
         <input_file_ref idref="fl-2d"/>
      </object_component>
      <object_component id="oc-1ab">
         <name>.text.xTaskRemoveFromEventList</name>
         <load_address>0x86b4</load_address>
         <run_address>0x86b4</run_address>
         <size>0xd0</size>
         <input_file_ref idref="fl-23"/>
      </object_component>
      <object_component id="oc-31f">
         <name>.text.UART_flushTxFifo</name>
         <load_address>0x8784</load_address>
         <run_address>0x8784</run_address>
         <size>0xcc</size>
         <input_file_ref idref="fl-34"/>
      </object_component>
      <object_component id="oc-1c1">
         <name>.text.prvCopyDataToQueue</name>
         <load_address>0x8850</load_address>
         <run_address>0x8850</run_address>
         <size>0xcc</size>
         <input_file_ref idref="fl-25"/>
      </object_component>
      <object_component id="oc-27d">
         <name>.text.MCSPI_chConfig</name>
         <load_address>0x891c</load_address>
         <run_address>0x891c</run_address>
         <size>0xca</size>
         <input_file_ref idref="fl-2e"/>
      </object_component>
      <object_component id="oc-29e">
         <name>.text.xQueueGenericReset</name>
         <load_address>0x89e6</load_address>
         <run_address>0x89e6</run_address>
         <size>0xc8</size>
         <input_file_ref idref="fl-25"/>
      </object_component>
      <object_component id="oc-2f5">
         <name>.text.UART_writePolling</name>
         <load_address>0x8aae</load_address>
         <run_address>0x8aae</run_address>
         <size>0xc6</size>
         <input_file_ref idref="fl-34"/>
      </object_component>
      <object_component id="oc-239">
         <name>.text._out_rev</name>
         <load_address>0x8b74</load_address>
         <run_address>0x8b74</run_address>
         <size>0xc0</size>
         <input_file_ref idref="fl-29"/>
      </object_component>
      <object_component id="oc-29d">
         <name>.text.xTimerGenericCommand</name>
         <load_address>0x8c34</load_address>
         <run_address>0x8c34</run_address>
         <size>0xbe</size>
         <input_file_ref idref="fl-24"/>
      </object_component>
      <object_component id="oc-15d">
         <name>.text.UART_init</name>
         <load_address>0x8cf2</load_address>
         <run_address>0x8cf2</run_address>
         <size>0xba</size>
         <input_file_ref idref="fl-34"/>
      </object_component>
      <object_component id="oc-136">
         <name>.text.AddrTranslateP_init</name>
         <load_address>0x8dac</load_address>
         <run_address>0x8dac</run_address>
         <size>0xb8</size>
         <input_file_ref idref="fl-1d"/>
      </object_component>
      <object_component id="oc-28c">
         <name>.text.MCSPI_fifoRead</name>
         <load_address>0x8e64</load_address>
         <run_address>0x8e64</run_address>
         <size>0xb4</size>
         <input_file_ref idref="fl-2e"/>
      </object_component>
      <object_component id="oc-2f6">
         <name>.text.Sciclient_getCurrentContext</name>
         <load_address>0x8f18</load_address>
         <run_address>0x8f18</run_address>
         <size>0xb2</size>
         <input_file_ref idref="fl-30"/>
      </object_component>
      <object_component id="oc-bc">
         <name>.text</name>
         <load_address>0x8fcc</load_address>
         <run_address>0x8fcc</run_address>
         <size>0xb0</size>
         <input_file_ref idref="fl-b2"/>
      </object_component>
      <object_component id="oc-1b4">
         <name>.text.prvUnlockQueue</name>
         <load_address>0x907c</load_address>
         <run_address>0x907c</run_address>
         <size>0xae</size>
         <input_file_ref idref="fl-25"/>
      </object_component>
      <object_component id="oc-1cb">
         <name>.text.AddrTranslateP_setRegion</name>
         <load_address>0x912a</load_address>
         <run_address>0x912a</run_address>
         <size>0xac</size>
         <input_file_ref idref="fl-1d"/>
      </object_component>
      <object_component id="oc-1f0">
         <name>.text.Drivers_uartOpen</name>
         <load_address>0x91d6</load_address>
         <run_address>0x91d6</run_address>
         <size>0xac</size>
         <input_file_ref idref="fl-3"/>
      </object_component>
      <object_component id="oc-36e">
         <name>.text.UART_fifoWrite</name>
         <load_address>0x9282</load_address>
         <run_address>0x9282</run_address>
         <size>0xaa</size>
         <input_file_ref idref="fl-34"/>
      </object_component>
      <object_component id="oc-271">
         <name>.text.Sciclient_pmGetModuleClkNumParent</name>
         <load_address>0x932c</load_address>
         <run_address>0x932c</run_address>
         <size>0xa6</size>
         <input_file_ref idref="fl-37"/>
      </object_component>
      <object_component id="oc-18d">
         <name>.text.prvCheckForValidListAndQueue</name>
         <load_address>0x93d2</load_address>
         <run_address>0x93d2</run_address>
         <size>0xa2</size>
         <input_file_ref idref="fl-24"/>
      </object_component>
      <object_component id="oc-f3">
         <name>.text.xTimerCreateTimerTask</name>
         <load_address>0x9474</load_address>
         <run_address>0x9474</run_address>
         <size>0xa2</size>
         <input_file_ref idref="fl-24"/>
      </object_component>
      <object_component id="oc-1f9">
         <name>.text.MCSPI_transferMasterIntr</name>
         <load_address>0x9516</load_address>
         <run_address>0x9516</run_address>
         <size>0x9e</size>
         <input_file_ref idref="fl-2e"/>
      </object_component>
      <object_component id="oc-299">
         <name>.text.prvProcessExpiredTimer</name>
         <load_address>0x95b4</load_address>
         <run_address>0x95b4</run_address>
         <size>0x9c</size>
         <input_file_ref idref="fl-24"/>
      </object_component>
      <object_component id="oc-272">
         <name>.text.Sciclient_pmGetModuleClkFreq</name>
         <load_address>0x9650</load_address>
         <run_address>0x9650</run_address>
         <size>0x9a</size>
         <input_file_ref idref="fl-37"/>
      </object_component>
      <object_component id="oc-273">
         <name>.text.Sciclient_pmGetModuleClkParent</name>
         <load_address>0x96ea</load_address>
         <run_address>0x96ea</run_address>
         <size>0x9a</size>
         <input_file_ref idref="fl-37"/>
      </object_component>
      <object_component id="oc-275">
         <name>.text.Sciclient_pmSetModuleClkParent</name>
         <load_address>0x9784</load_address>
         <run_address>0x9784</run_address>
         <size>0x9a</size>
         <input_file_ref idref="fl-37"/>
      </object_component>
      <object_component id="oc-b3">
         <name>.text.SemaphoreP_pend</name>
         <load_address>0x981e</load_address>
         <run_address>0x981e</run_address>
         <size>0x9a</size>
         <input_file_ref idref="fl-2b"/>
      </object_component>
      <object_component id="oc-2f4">
         <name>.text.UART_writeCancelNoCB</name>
         <load_address>0x98b8</load_address>
         <run_address>0x98b8</run_address>
         <size>0x9a</size>
         <input_file_ref idref="fl-34"/>
      </object_component>
      <object_component id="oc-221">
         <name>.text.prvProcessTimerOrBlockTask</name>
         <load_address>0x9952</load_address>
         <run_address>0x9952</run_address>
         <size>0x9a</size>
         <input_file_ref idref="fl-24"/>
      </object_component>
      <object_component id="oc-de">
         <name>.text.MCSPI_init</name>
         <load_address>0x99ec</load_address>
         <run_address>0x99ec</run_address>
         <size>0x98</size>
         <input_file_ref idref="fl-2e"/>
      </object_component>
      <object_component id="oc-270">
         <name>.text.Sciclient_pmModuleGetClkStatus</name>
         <load_address>0x9a84</load_address>
         <run_address>0x9a84</run_address>
         <size>0x98</size>
         <input_file_ref idref="fl-37"/>
      </object_component>
      <object_component id="oc-45">
         <name>.text.main</name>
         <load_address>0x9b1c</load_address>
         <run_address>0x9b1c</run_address>
         <size>0x98</size>
         <input_file_ref idref="fl-8"/>
      </object_component>
      <object_component id="oc-d0">
         <name>.text.Sciclient_init</name>
         <load_address>0x9bb4</load_address>
         <run_address>0x9bb4</run_address>
         <size>0x96</size>
         <input_file_ref idref="fl-30"/>
      </object_component>
      <object_component id="oc-34e">
         <name>.text.UART_subConfigTCRTLRModeEn</name>
         <load_address>0x9c4a</load_address>
         <run_address>0x9c4a</run_address>
         <size>0x96</size>
         <input_file_ref idref="fl-34"/>
      </object_component>
      <object_component id="oc-1db">
         <name>.text.SOC_moduleClockEnable</name>
         <load_address>0x9ce0</load_address>
         <run_address>0x9ce0</run_address>
         <size>0x92</size>
         <input_file_ref idref="fl-33"/>
      </object_component>
      <object_component id="oc-2bb">
         <name>.text.SemaphoreP_constructBinary</name>
         <load_address>0x9d72</load_address>
         <run_address>0x9d72</run_address>
         <size>0x92</size>
         <input_file_ref idref="fl-2b"/>
      </object_component>
      <object_component id="oc-61">
         <name>.text._DebugP_logZone</name>
         <load_address>0x9e04</load_address>
         <run_address>0x9e04</run_address>
         <size>0x92</size>
         <input_file_ref idref="fl-22"/>
      </object_component>
      <object_component id="oc-188">
         <name>.text.prvInitialiseTaskLists</name>
         <load_address>0x9e96</load_address>
         <run_address>0x9e96</run_address>
         <size>0x8e</size>
         <input_file_ref idref="fl-23"/>
      </object_component>
      <object_component id="oc-28b">
         <name>.text.MCSPI_fifoWrite</name>
         <load_address>0x9f24</load_address>
         <run_address>0x9f24</run_address>
         <size>0x8c</size>
         <input_file_ref idref="fl-2e"/>
      </object_component>
      <object_component id="oc-267">
         <name>.text.Sciclient_pmGetModuleState</name>
         <load_address>0x9fb0</load_address>
         <run_address>0x9fb0</run_address>
         <size>0x8c</size>
         <input_file_ref idref="fl-37"/>
      </object_component>
      <object_component id="oc-274">
         <name>.text.Sciclient_pmModuleClkRequest</name>
         <load_address>0xa03c</load_address>
         <run_address>0xa03c</run_address>
         <size>0x8c</size>
         <input_file_ref idref="fl-37"/>
      </object_component>
      <object_component id="oc-26c">
         <name>.text.Sciclient_pmSetModuleState</name>
         <load_address>0xa0c8</load_address>
         <run_address>0xa0c8</run_address>
         <size>0x8c</size>
         <input_file_ref idref="fl-37"/>
      </object_component>
      <object_component id="oc-1f5">
         <name>.text.MCSPI_checkTransaction</name>
         <load_address>0xa154</load_address>
         <run_address>0xa154</run_address>
         <size>0x88</size>
         <input_file_ref idref="fl-2e"/>
      </object_component>
      <object_component id="oc-29f">
         <name>.text.fputc</name>
         <load_address>0xa1dc</load_address>
         <run_address>0xa1dc</run_address>
         <size>0x88</size>
         <input_file_ref idref="fl-44"/>
      </object_component>
      <object_component id="oc-59">
         <name>.text.ClockP_getTimeUsec</name>
         <load_address>0xa264</load_address>
         <run_address>0xa264</run_address>
         <size>0x86</size>
         <input_file_ref idref="fl-1f"/>
      </object_component>
      <object_component id="oc-351">
         <name>.text.UART_tcrTlrBitValRestore</name>
         <load_address>0xa2ea</load_address>
         <run_address>0xa2ea</run_address>
         <size>0x86</size>
         <input_file_ref idref="fl-34"/>
      </object_component>
      <object_component id="oc-29c">
         <name>.text.prvInsertTimerInActiveList</name>
         <load_address>0xa370</load_address>
         <run_address>0xa370</run_address>
         <size>0x86</size>
         <input_file_ref idref="fl-24"/>
      </object_component>
      <object_component id="oc-338">
         <name>.text.UART_dmaDisableChannel</name>
         <load_address>0xa3f6</load_address>
         <run_address>0xa3f6</run_address>
         <size>0x84</size>
         <input_file_ref idref="fl-35"/>
      </object_component>
      <object_component id="oc-fc">
         <name>.text.xPortStartScheduler</name>
         <load_address>0xa47a</load_address>
         <run_address>0xa47a</run_address>
         <size>0x84</size>
         <input_file_ref idref="fl-28"/>
      </object_component>
      <object_component id="oc-28f">
         <name>.text.vTaskDelay</name>
         <load_address>0xa4fe</load_address>
         <run_address>0xa4fe</run_address>
         <size>0x82</size>
         <input_file_ref idref="fl-23"/>
      </object_component>
      <object_component id="oc-321">
         <name>.text.UART_dmaClose</name>
         <load_address>0xa580</load_address>
         <run_address>0xa580</run_address>
         <size>0x80</size>
         <input_file_ref idref="fl-35"/>
      </object_component>
      <object_component id="oc-31b">
         <name>.text.UART_readData</name>
         <load_address>0xa600</load_address>
         <run_address>0xa600</run_address>
         <size>0x80</size>
         <input_file_ref idref="fl-34"/>
      </object_component>
      <object_component id="oc-1f6">
         <name>.text.MCSPI_setChDataSize</name>
         <load_address>0xa680</load_address>
         <run_address>0xa680</run_address>
         <size>0x7e</size>
         <input_file_ref idref="fl-2e"/>
      </object_component>
      <object_component id="oc-112">
         <name>.text.xQueueTakeMutexRecursive</name>
         <load_address>0xa6fe</load_address>
         <run_address>0xa6fe</run_address>
         <size>0x7c</size>
         <input_file_ref idref="fl-25"/>
      </object_component>
      <object_component id="oc-b9">
         <name>.text.SemaphoreP_post</name>
         <load_address>0xa77a</load_address>
         <run_address>0xa77a</run_address>
         <size>0x7a</size>
         <input_file_ref idref="fl-2b"/>
      </object_component>
      <object_component id="oc-2c1">
         <name>.text.UART_Params_init</name>
         <load_address>0xa7f4</load_address>
         <run_address>0xa7f4</run_address>
         <size>0x7a</size>
         <input_file_ref idref="fl-34"/>
      </object_component>
      <object_component id="oc-33">
         <name>.text._DebugP_assert</name>
         <load_address>0xa86e</load_address>
         <run_address>0xa86e</run_address>
         <size>0x7a</size>
         <input_file_ref idref="fl-1b"/>
      </object_component>
      <object_component id="oc-119">
         <name>.text.xQueueGiveMutexRecursive</name>
         <load_address>0xa8e8</load_address>
         <run_address>0xa8e8</run_address>
         <size>0x7a</size>
         <input_file_ref idref="fl-25"/>
      </object_component>
      <object_component id="oc-175">
         <name>.text.ClockP_usleep</name>
         <load_address>0xa962</load_address>
         <run_address>0xa962</run_address>
         <size>0x74</size>
         <input_file_ref idref="fl-1f"/>
      </object_component>
      <object_component id="oc-377">
         <name>.text.__TI_closefile</name>
         <load_address>0xa9d8</load_address>
         <run_address>0xa9d8</run_address>
         <size>0x74</size>
         <input_file_ref idref="fl-5b"/>
      </object_component>
      <object_component id="oc-203">
         <name>.text.MCSPI_transferSlavePoll</name>
         <load_address>0xaa4c</load_address>
         <run_address>0xaa4c</run_address>
         <size>0x72</size>
         <input_file_ref idref="fl-2e"/>
      </object_component>
      <object_component id="oc-183">
         <name>.text.prvDeleteTCB</name>
         <load_address>0xaabe</load_address>
         <run_address>0xaabe</run_address>
         <size>0x72</size>
         <input_file_ref idref="fl-23"/>
      </object_component>
      <object_component id="oc-14f">
         <name>.text.Pinmux_config</name>
         <load_address>0xab30</load_address>
         <run_address>0xab30</run_address>
         <size>0x70</size>
         <input_file_ref idref="fl-2d"/>
      </object_component>
      <object_component id="oc-b0">
         <name>.text.SemaphoreP_constructMutex</name>
         <load_address>0xaba0</load_address>
         <run_address>0xaba0</run_address>
         <size>0x70</size>
         <input_file_ref idref="fl-2b"/>
      </object_component>
      <object_component id="oc-2c4">
         <name>.text.UART_dmaOpen</name>
         <load_address>0xac10</load_address>
         <run_address>0xac10</run_address>
         <size>0x70</size>
         <input_file_ref idref="fl-35"/>
      </object_component>
      <object_component id="oc-2aa">
         <name>.text.__gedf2</name>
         <load_address>0xac80</load_address>
         <run_address>0xac80</run_address>
         <size>0x6e</size>
         <input_file_ref idref="fl-ad"/>
      </object_component>
      <object_component id="oc-2a9">
         <name>.text.__ledf2</name>
         <load_address>0xacf0</load_address>
         <run_address>0xacf0</run_address>
         <size>0x6e</size>
         <input_file_ref idref="fl-ad"/>
      </object_component>
      <object_component id="oc-2b9">
         <name>.text.MCSPI_dmaOpen</name>
         <load_address>0xad5e</load_address>
         <run_address>0xad5e</run_address>
         <size>0x6c</size>
         <input_file_ref idref="fl-2f"/>
      </object_component>
      <object_component id="oc-3a1">
         <name>.text.split</name>
         <load_address>0xadcc</load_address>
         <run_address>0xadcc</run_address>
         <size>0x6c</size>
         <input_file_ref idref="fl-4a"/>
      </object_component>
      <object_component id="oc-178">
         <name>.text.vPortEnterCritical</name>
         <load_address>0xae38</load_address>
         <run_address>0xae38</run_address>
         <size>0x6c</size>
         <input_file_ref idref="fl-28"/>
      </object_component>
      <object_component id="oc-225">
         <name>.text.vListInsert</name>
         <load_address>0xaea4</load_address>
         <run_address>0xaea4</run_address>
         <size>0x6a</size>
         <input_file_ref idref="fl-26"/>
      </object_component>
      <object_component id="oc-30b">
         <name>.text.UART_divisorValCompute</name>
         <load_address>0xaf10</load_address>
         <run_address>0xaf10</run_address>
         <size>0x68</size>
         <input_file_ref idref="fl-34"/>
      </object_component>
      <object_component id="oc-35c">
         <name>.text.fseeko</name>
         <load_address>0xaf78</load_address>
         <run_address>0xaf78</run_address>
         <size>0x68</size>
         <input_file_ref idref="fl-52"/>
      </object_component>
      <object_component id="oc-3d8">
         <name>.text.getdevice</name>
         <load_address>0xafe0</load_address>
         <run_address>0xafe0</run_address>
         <size>0x68</size>
         <input_file_ref idref="fl-a5"/>
      </object_component>
      <object_component id="oc-398">
         <name>.text.HOSTrename</name>
         <load_address>0xb048</load_address>
         <run_address>0xb048</run_address>
         <size>0x64</size>
         <input_file_ref idref="fl-74"/>
      </object_component>
      <object_component id="oc-213">
         <name>.text.vApplicationLoadHook</name>
         <load_address>0xb0ac</load_address>
         <run_address>0xb0ac</run_address>
         <size>0x64</size>
         <input_file_ref idref="fl-2c"/>
      </object_component>
      <object_component id="oc-29a">
         <name>.text.vQueueWaitForMessageRestricted</name>
         <load_address>0xb110</load_address>
         <run_address>0xb110</run_address>
         <size>0x64</size>
         <input_file_ref idref="fl-25"/>
      </object_component>
      <object_component id="oc-167">
         <name>.text.Board_driversOpen</name>
         <load_address>0xb174</load_address>
         <run_address>0xb174</run_address>
         <size>0xc</size>
         <input_file_ref idref="fl-7"/>
      </object_component>
      <object_component id="oc-51">
         <name>.text.xPortPendSVHandler</name>
         <load_address>0xb180</load_address>
         <run_address>0xb180</run_address>
         <size>0x64</size>
         <input_file_ref idref="fl-28"/>
      </object_component>
      <object_component id="oc-23a">
         <name>.text</name>
         <load_address>0xb1e4</load_address>
         <run_address>0xb1e4</run_address>
         <size>0x62</size>
         <input_file_ref idref="fl-ae"/>
      </object_component>
      <object_component id="oc-31d">
         <name>.text.UART_getChar</name>
         <load_address>0xb246</load_address>
         <run_address>0xb246</run_address>
         <size>0x60</size>
         <input_file_ref idref="fl-34"/>
      </object_component>
      <object_component id="oc-2de">
         <name>.text.__TI_wrt_ok</name>
         <load_address>0xb2a6</load_address>
         <run_address>0xb2a6</run_address>
         <size>0x60</size>
         <input_file_ref idref="fl-45"/>
      </object_component>
      <object_component id="oc-3a3">
         <name>.text.close</name>
         <load_address>0xb308</load_address>
         <run_address>0xb308</run_address>
         <size>0x60</size>
         <input_file_ref idref="fl-6e"/>
      </object_component>
      <object_component id="oc-199">
         <name>.text.prvTaskExitError</name>
         <load_address>0xb368</load_address>
         <run_address>0xb368</run_address>
         <size>0x60</size>
         <input_file_ref idref="fl-28"/>
      </object_component>
      <object_component id="oc-2dc">
         <name>.text.vTaskPlaceOnEventListRestricted</name>
         <load_address>0xb3c8</load_address>
         <run_address>0xb3c8</run_address>
         <size>0x60</size>
         <input_file_ref idref="fl-23"/>
      </object_component>
      <object_component id="oc-26d">
         <name>.text.Sciclient_pmSetModuleRst</name>
         <load_address>0xb428</load_address>
         <run_address>0xb428</run_address>
         <size>0x5e</size>
         <input_file_ref idref="fl-37"/>
      </object_component>
      <object_component id="oc-31e">
         <name>.text.UART_writeData</name>
         <load_address>0xb486</load_address>
         <run_address>0xb486</run_address>
         <size>0x5e</size>
         <input_file_ref idref="fl-34"/>
      </object_component>
      <object_component id="oc-187">
         <name>.text.pxPortInitialiseStack</name>
         <load_address>0xb4e4</load_address>
         <run_address>0xb4e4</run_address>
         <size>0x5e</size>
         <input_file_ref idref="fl-28"/>
      </object_component>
      <object_component id="oc-14b">
         <name>.text.Module_clockSetFrequency</name>
         <load_address>0xb542</load_address>
         <run_address>0xb542</run_address>
         <size>0x5c</size>
         <input_file_ref idref="fl-5"/>
      </object_component>
      <object_component id="oc-1fa">
         <name>.text.MCSPI_dmaTransfer</name>
         <load_address>0xb59e</load_address>
         <run_address>0xb59e</run_address>
         <size>0x5a</size>
         <input_file_ref idref="fl-2f"/>
      </object_component>
      <object_component id="oc-30d">
         <name>.text.UART_regConfigModeEnable</name>
         <load_address>0xb5f8</load_address>
         <run_address>0xb5f8</run_address>
         <size>0x5a</size>
         <input_file_ref idref="fl-34"/>
      </object_component>
      <object_component id="oc-18b">
         <name>.text.prvCheckTasksWaitingTermination</name>
         <load_address>0xb652</load_address>
         <run_address>0xb652</run_address>
         <size>0x5a</size>
         <input_file_ref idref="fl-23"/>
      </object_component>
      <object_component id="oc-185">
         <name>.text.vPortExitCritical</name>
         <load_address>0xb6ac</load_address>
         <run_address>0xb6ac</run_address>
         <size>0x5a</size>
         <input_file_ref idref="fl-28"/>
      </object_component>
      <object_component id="oc-390">
         <name>.text.HOSTlseek</name>
         <load_address>0xb708</load_address>
         <run_address>0xb708</run_address>
         <size>0x58</size>
         <input_file_ref idref="fl-71"/>
      </object_component>
      <object_component id="oc-380">
         <name>.text.HOSTopen</name>
         <load_address>0xb760</load_address>
         <run_address>0xb760</run_address>
         <size>0x58</size>
         <input_file_ref idref="fl-72"/>
      </object_component>
      <object_component id="oc-202">
         <name>.text.MCSPI_transferSlaveIntr</name>
         <load_address>0xb7b8</load_address>
         <run_address>0xb7b8</run_address>
         <size>0x58</size>
         <input_file_ref idref="fl-2e"/>
      </object_component>
      <object_component id="oc-146">
         <name>.text.Sciclient_getContext</name>
         <load_address>0xb810</load_address>
         <run_address>0xb810</run_address>
         <size>0x58</size>
         <input_file_ref idref="fl-32"/>
      </object_component>
      <object_component id="oc-18">
         <name>.text:_c_int00</name>
         <load_address>0xb868</load_address>
         <run_address>0xb868</run_address>
         <size>0x56</size>
         <input_file_ref idref="fl-19"/>
      </object_component>
      <object_component id="oc-388">
         <name>.text.HOSTread</name>
         <load_address>0xb8c0</load_address>
         <run_address>0xb8c0</run_address>
         <size>0x54</size>
         <input_file_ref idref="fl-73"/>
      </object_component>
      <object_component id="oc-38c">
         <name>.text.HOSTwrite</name>
         <load_address>0xb914</load_address>
         <run_address>0xb914</run_address>
         <size>0x54</size>
         <input_file_ref idref="fl-76"/>
      </object_component>
      <object_component id="oc-2f3">
         <name>.text.UART_writeInterruptDma</name>
         <load_address>0xb968</load_address>
         <run_address>0xb968</run_address>
         <size>0x54</size>
         <input_file_ref idref="fl-35"/>
      </object_component>
      <object_component id="oc-371">
         <name>.text.vQueueUnregisterQueue</name>
         <load_address>0xb9bc</load_address>
         <run_address>0xb9bc</run_address>
         <size>0x54</size>
         <input_file_ref idref="fl-25"/>
      </object_component>
      <object_component id="oc-111">
         <name>.text.vQueueAddToRegistry</name>
         <load_address>0xba10</load_address>
         <run_address>0xba10</run_address>
         <size>0x52</size>
         <input_file_ref idref="fl-25"/>
      </object_component>
      <object_component id="oc-349">
         <name>.text.vQueueDelete</name>
         <load_address>0xba62</load_address>
         <run_address>0xba62</run_address>
         <size>0x52</size>
         <input_file_ref idref="fl-25"/>
      </object_component>
      <object_component id="oc-27e">
         <name>.text.Drivers_mcspiClose</name>
         <load_address>0xbab4</load_address>
         <run_address>0xbab4</run_address>
         <size>0x50</size>
         <input_file_ref idref="fl-3"/>
      </object_component>
      <object_component id="oc-282">
         <name>.text.Drivers_uartClose</name>
         <load_address>0xbb04</load_address>
         <run_address>0xbb04</run_address>
         <size>0x50</size>
         <input_file_ref idref="fl-3"/>
      </object_component>
      <object_component id="oc-1b3">
         <name>.text.vTaskPlaceOnEventList</name>
         <load_address>0xbb54</load_address>
         <run_address>0xbb54</run_address>
         <size>0x50</size>
         <input_file_ref idref="fl-23"/>
      </object_component>
      <object_component id="oc-28d">
         <name>.text.MCSPI_getFifoTrigLvl</name>
         <load_address>0xbba4</load_address>
         <run_address>0xbba4</run_address>
         <size>0x4e</size>
         <input_file_ref idref="fl-2e"/>
      </object_component>
      <object_component id="oc-2a4">
         <name>.text.UART_getHandle</name>
         <load_address>0xbbf2</load_address>
         <run_address>0xbbf2</run_address>
         <size>0x4e</size>
         <input_file_ref idref="fl-34"/>
      </object_component>
      <object_component id="oc-2e8">
         <name>.text.__TI_doflush</name>
         <load_address>0xbc40</load_address>
         <run_address>0xbc40</run_address>
         <size>0x4e</size>
         <input_file_ref idref="fl-50"/>
      </object_component>
      <object_component id="oc-264">
         <name>.text.vPortTimerTickHandler</name>
         <load_address>0xbc8e</load_address>
         <run_address>0xbc8e</run_address>
         <size>0x4e</size>
         <input_file_ref idref="fl-28"/>
      </object_component>
      <object_component id="oc-cf">
         <name>.text.Dpl_init</name>
         <load_address>0xbcdc</load_address>
         <run_address>0xbcdc</run_address>
         <size>0x4c</size>
         <input_file_ref idref="fl-1"/>
      </object_component>
      <object_component id="oc-2d0">
         <name>.text.MCSPI_fifoRead16</name>
         <load_address>0xbd28</load_address>
         <run_address>0xbd28</run_address>
         <size>0x4c</size>
         <input_file_ref idref="fl-2e"/>
      </object_component>
      <object_component id="oc-2d1">
         <name>.text.MCSPI_fifoRead32</name>
         <load_address>0xbd74</load_address>
         <run_address>0xbd74</run_address>
         <size>0x4c</size>
         <input_file_ref idref="fl-2e"/>
      </object_component>
      <object_component id="oc-2cf">
         <name>.text.MCSPI_fifoRead8</name>
         <load_address>0xbdc0</load_address>
         <run_address>0xbdc0</run_address>
         <size>0x4c</size>
         <input_file_ref idref="fl-2e"/>
      </object_component>
      <object_component id="oc-2cc">
         <name>.text.MCSPI_fifoWrite16</name>
         <load_address>0xbe0c</load_address>
         <run_address>0xbe0c</run_address>
         <size>0x4c</size>
         <input_file_ref idref="fl-2e"/>
      </object_component>
      <object_component id="oc-2cd">
         <name>.text.MCSPI_fifoWrite32</name>
         <load_address>0xbe58</load_address>
         <run_address>0xbe58</run_address>
         <size>0x4c</size>
         <input_file_ref idref="fl-2e"/>
      </object_component>
      <object_component id="oc-2cb">
         <name>.text.MCSPI_fifoWrite8</name>
         <load_address>0xbea4</load_address>
         <run_address>0xbea4</run_address>
         <size>0x4c</size>
         <input_file_ref idref="fl-2e"/>
      </object_component>
      <object_component id="oc-14a">
         <name>.text.Module_clockEnable</name>
         <load_address>0xbef0</load_address>
         <run_address>0xbef0</run_address>
         <size>0x4c</size>
         <input_file_ref idref="fl-5"/>
      </object_component>
      <object_component id="oc-350">
         <name>.text.UART_fifoRegisterWrite</name>
         <load_address>0xbf3c</load_address>
         <run_address>0xbf3c</run_address>
         <size>0x4c</size>
         <input_file_ref idref="fl-34"/>
      </object_component>
      <object_component id="oc-2bf">
         <name>.text.MCSPI_checkChConfig</name>
         <load_address>0xbf88</load_address>
         <run_address>0xbf88</run_address>
         <size>0x4a</size>
         <input_file_ref idref="fl-2e"/>
      </object_component>
      <object_component id="oc-318">
         <name>.text.UART_getIntrIdentityStatus</name>
         <load_address>0xbfd2</load_address>
         <run_address>0xbfd2</run_address>
         <size>0x4a</size>
         <input_file_ref idref="fl-34"/>
      </object_component>
      <object_component id="oc-30e">
         <name>.text.UART_lineCharConfig</name>
         <load_address>0xc01c</load_address>
         <run_address>0xc01c</run_address>
         <size>0x4a</size>
         <input_file_ref idref="fl-34"/>
      </object_component>
      <object_component id="oc-2d8">
         <name>.text.xTaskGetIdleTaskHandle</name>
         <load_address>0xc066</load_address>
         <run_address>0xc066</run_address>
         <size>0x4a</size>
         <input_file_ref idref="fl-23"/>
      </object_component>
      <object_component id="oc-2b8">
         <name>.text.MCSPI_checkOpenParams</name>
         <load_address>0xc0b0</load_address>
         <run_address>0xc0b0</run_address>
         <size>0x48</size>
         <input_file_ref idref="fl-2e"/>
      </object_component>
      <object_component id="oc-223">
         <name>.text.prvInitialiseNewQueue</name>
         <load_address>0xc0f8</load_address>
         <run_address>0xc0f8</run_address>
         <size>0x48</size>
         <input_file_ref idref="fl-25"/>
      </object_component>
      <object_component id="oc-179">
         <name>.text.uxListRemove</name>
         <load_address>0xc140</load_address>
         <run_address>0xc140</run_address>
         <size>0x48</size>
         <input_file_ref idref="fl-26"/>
      </object_component>
[...]
      </symbol>
      <symbol id="sm-539">
         <name>Sciclient_init</name>
         <value>0x9bb5</value>
         <object_component_ref idref="oc-d0"/>
      </symbol>
      <symbol id="sm-53a">
         <name>Sciclient_service</name>
         <value>0x201d</value>
         <object_component_ref idref="oc-2b4"/>
      </symbol>
      <symbol id="sm-53b">
         <name>Sciclient_getCurrentContext</name>
         <value>0x8f19</value>
         <object_component_ref idref="oc-2f6"/>
      </symbol>
      <symbol id="sm-540">
         <name>gSciclientMap</name>
         <value>0x37ef8</value>
         <object_component_ref idref="oc-2f7"/>
      </symbol>
      <symbol id="sm-54b">
         <name>Sciclient_getContext</name>
         <value>0xb811</value>
         <object_component_ref idref="oc-146"/>
      </symbol>
      <symbol id="sm-54c">
         <name>Sciclient_getDevId</name>
         <value>0xc5a5</value>
         <object_component_ref idref="oc-142"/>
      </symbol>
      <symbol id="sm-54d">
         <name>gSciclientSecProxyCfg</name>
         <value>0x387f0</value>
         <object_component_ref idref="oc-13e"/>
      </symbol>
      <symbol id="sm-558">
         <name>SOC_moduleClockEnable</name>
         <value>0x9ce1</value>
         <object_component_ref idref="oc-1db"/>
      </symbol>
      <symbol id="sm-559">
         <name>SOC_moduleSetClockFrequency</name>
         <value>0x3dd9</value>
         <object_component_ref idref="oc-1e1"/>
      </symbol>
      <symbol id="sm-60c">
         <name>UART_init</name>
         <value>0x8cf3</value>
         <object_component_ref idref="oc-15d"/>
      </symbol>
      <symbol id="sm-60d">
         <name>UART_open</name>
         <value>0x22f7</value>
         <object_component_ref idref="oc-281"/>
      </symbol>
      <symbol id="sm-60e">
         <name>UART_close</name>
         <value>0x46ab</value>
         <object_component_ref idref="oc-2ca"/>
      </symbol>
      <symbol id="sm-60f">
         <name>UART_flushTxFifo</name>
         <value>0x8785</value>
         <object_component_ref idref="oc-31f"/>
      </symbol>
      <symbol id="sm-610">
         <name>UART_getHandle</name>
         <value>0xbbf3</value>
         <object_component_ref idref="oc-2a4"/>
      </symbol>
      <symbol id="sm-611">
         <name>UART_write</name>
         <value>0x3be5</value>
         <object_component_ref idref="oc-2a6"/>
      </symbol>
      <symbol id="sm-624">
         <name>UART_dmaOpen</name>
         <value>0xac11</value>
         <object_component_ref idref="oc-2c4"/>
      </symbol>
      <symbol id="sm-625">
         <name>UART_dmaClose</name>
         <value>0xa581</value>
         <object_component_ref idref="oc-321"/>
      </symbol>
      <symbol id="sm-626">
         <name>UART_dmaDisableChannel</name>
         <value>0xa3f7</value>
         <object_component_ref idref="oc-338"/>
      </symbol>
      <symbol id="sm-627">
         <name>UART_writeInterruptDma</name>
         <value>0xb969</value>
         <object_component_ref idref="oc-2f3"/>
      </symbol>
      <symbol id="sm-630">
         <name>CSL_secProxyGetDataAddr</name>
         <value>0xd39b</value>
         <object_component_ref idref="oc-340"/>
      </symbol>
      <symbol id="sm-64d">
         <name>Sciclient_pmSetModuleState</name>
         <value>0xa0c9</value>
         <object_component_ref idref="oc-26c"/>
      </symbol>
      <symbol id="sm-64e">
         <name>Sciclient_pmGetModuleState</name>
         <value>0x9fb1</value>
         <object_component_ref idref="oc-267"/>
      </symbol>
      <symbol id="sm-64f">
         <name>Sciclient_pmSetModuleRst</name>
         <value>0xb429</value>
         <object_component_ref idref="oc-26d"/>
      </symbol>
      <symbol id="sm-650">
         <name>Sciclient_pmModuleClkRequest</name>
         <value>0xa03d</value>
         <object_component_ref idref="oc-274"/>
      </symbol>
      <symbol id="sm-651">
         <name>Sciclient_pmModuleGetClkStatus</name>
         <value>0x9a85</value>
         <object_component_ref idref="oc-270"/>
      </symbol>
      <symbol id="sm-652">
         <name>Sciclient_pmSetModuleClkParent</name>
         <value>0x9785</value>
         <object_component_ref idref="oc-275"/>
      </symbol>
      <symbol id="sm-653">
         <name>Sciclient_pmGetModuleClkParent</name>
         <value>0x96eb</value>
         <object_component_ref idref="oc-273"/>
      </symbol>
      <symbol id="sm-654">
         <name>Sciclient_pmGetModuleClkNumParent</name>
         <value>0x932d</value>
         <object_component_ref idref="oc-271"/>
      </symbol>
      <symbol id="sm-655">
         <name>Sciclient_pmSetModuleClkFreq</name>
         <value>0x7247</value>
         <object_component_ref idref="oc-277"/>
      </symbol>
      <symbol id="sm-656">
         <name>Sciclient_pmQueryModuleClkFreq</name>
         <value>0x6859</value>
         <object_component_ref idref="oc-276"/>
      </symbol>
      <symbol id="sm-657">
         <name>Sciclient_pmGetModuleClkFreq</name>
         <value>0x9651</value>
         <object_component_ref idref="oc-272"/>
      </symbol>
      <symbol id="sm-666">
         <name>fputc</name>
         <value>0xa1dd</value>
         <object_component_ref idref="oc-29f"/>
      </symbol>
      <symbol id="sm-667">
         <name>putchar</name>
         <value>0xd745</value>
         <object_component_ref idref="oc-22a"/>
      </symbol>
      <symbol id="sm-671">
         <name>__TI_wrt_ok</name>
         <value>0xb2a7</value>
         <object_component_ref idref="oc-2de"/>
      </symbol>
      <symbol id="sm-67b">
         <name>setvbuf</name>
         <value>0x8509</value>
         <object_component_ref idref="oc-32b"/>
      </symbol>
      <symbol id="sm-689">
         <name>abort</name>
         <value>0xd78b</value>
         <object_component_ref idref="oc-9d"/>
      </symbol>
      <symbol id="sm-68a">
         <name>C$$EXIT</name>
         <value>0xd78a</value>
         <object_component_ref idref="oc-9d"/>
      </symbol>
      <symbol id="sm-68b">
         <name>__TI_cleanup_ptr</name>
         <value>0x38890</value>
         <object_component_ref idref="oc-102"/>
      </symbol>
      <symbol id="sm-68c">
         <name>__TI_dtors_ptr</name>
         <value>0x38894</value>
         <object_component_ref idref="oc-102"/>
      </symbol>
      <symbol id="sm-68d">
         <name>exit</name>
         <value>0xcc5d</value>
         <object_component_ref idref="oc-a2"/>
      </symbol>
      <symbol id="sm-696">
         <name>_nop</name>
         <value>0x697f</value>
         <object_component_ref idref="oc-19a"/>
      </symbol>
      <symbol id="sm-697">
         <name>_lock</name>
         <value>0x388cc</value>
         <object_component_ref idref="oc-100"/>
      </symbol>
      <symbol id="sm-698">
         <name>_unlock</name>
         <value>0x388d0</value>
         <object_component_ref idref="oc-103"/>
      </symbol>
      <symbol id="sm-69d">
         <name>_ftable</name>
         <value>0x383b0</value>
         <object_component_ref idref="oc-2a0"/>
      </symbol>
      <symbol id="sm-69e">
         <name>__TI_ft_end</name>
         <value>0x388c8</value>
         <object_component_ref idref="oc-37d"/>
      </symbol>
      <symbol id="sm-69f">
         <name>__TI_tmpnams</name>
         <value>0x3624c</value>
      </symbol>
      <symbol id="sm-6bf">
         <name>malloc</name>
         <value>0xd77b</value>
         <object_component_ref idref="oc-360"/>
      </symbol>
      <symbol id="sm-6c0">
         <name>aligned_alloc</name>
         <value>0x6981</value>
         <object_component_ref idref="oc-376"/>
      </symbol>
      <symbol id="sm-6c1">
         <name>free</name>
         <value>0x7859</value>
         <object_component_ref idref="oc-290"/>
      </symbol>
      <symbol id="sm-6c2">
         <name>_sys_memory</name>
         <value>0xd7a0</value>
         <object_component_ref idref="oc-22"/>
      </symbol>
      <symbol id="sm-6c3">
         <name>memalign</name>
         <value>0x6981</value>
         <object_component_ref idref="oc-376"/>
      </symbol>
      <symbol id="sm-6d0">
         <name>__TI_auto_init_nobinit_nopinit</name>
         <value>0xc861</value>
         <object_component_ref idref="oc-7d"/>
      </symbol>
      <symbol id="sm-6dc">
         <name>__TI_doflush</name>
         <value>0xbc41</value>
         <object_component_ref idref="oc-2e8"/>
      </symbol>
      <symbol id="sm-6e7">
         <name>__TI_cleanup</name>
         <value>0xc9a5</value>
         <object_component_ref idref="oc-361"/>
      </symbol>
      <symbol id="sm-6f4">
         <name>fseek</name>
         <value>0xd783</value>
         <object_component_ref idref="oc-326"/>
      </symbol>
      <symbol id="sm-6f5">
         <name>fseeko</name>
         <value>0xaf79</value>
         <object_component_ref idref="oc-35c"/>
      </symbol>
      <symbol id="sm-708">
         <name>__TI_closefile</name>
         <value>0xa9d9</value>
         <object_component_ref idref="oc-377"/>
      </symbol>
      <symbol id="sm-713">
         <name>write</name>
         <value>0xcfbd</value>
         <object_component_ref idref="oc-2e4"/>
      </symbol>
      <symbol id="sm-718">
         <name>_device</name>
         <value>0x385d8</value>
         <object_component_ref idref="oc-36a"/>
      </symbol>
      <symbol id="sm-719">
         <name>_stream</name>
         <value>0x386a8</value>
         <object_component_ref idref="oc-331"/>
      </symbol>
      <symbol id="sm-721">
         <name>remove</name>
         <value>0xd787</value>
         <object_component_ref idref="oc-3a7"/>
      </symbol>
      <symbol id="sm-72c">
         <name>lseek</name>
         <value>0xceb5</value>
         <object_component_ref idref="oc-372"/>
      </symbol>
      <symbol id="sm-736">
         <name>close</name>
         <value>0xb309</value>
         <object_component_ref idref="oc-3a3"/>
      </symbol>
      <symbol id="sm-740">
         <name>unlink</name>
         <value>0xcf39</value>
         <object_component_ref idref="oc-3cf"/>
      </symbol>
      <symbol id="sm-74a">
         <name>HOSTclose</name>
         <value>0xc569</value>
         <object_component_ref idref="oc-384"/>
      </symbol>
      <symbol id="sm-754">
         <name>HOSTlseek</name>
         <value>0xb709</value>
         <object_component_ref idref="oc-390"/>
      </symbol>
      <symbol id="sm-75e">
         <name>HOSTopen</name>
         <value>0xb761</value>
         <object_component_ref idref="oc-380"/>
      </symbol>
      <symbol id="sm-75f">
         <name>parmbuf</name>
         <value>0x366e4</value>
      </symbol>
      <symbol id="sm-769">
         <name>HOSTread</name>
         <value>0xb8c1</value>
         <object_component_ref idref="oc-388"/>
      </symbol>
      <symbol id="sm-77a">
         <name>HOSTrename</name>
         <value>0xb049</value>
         <object_component_ref idref="oc-398"/>
      </symbol>
      <symbol id="sm-784">
         <name>HOSTunlink</name>
         <value>0xc219</value>
         <object_component_ref idref="oc-394"/>
      </symbol>
      <symbol id="sm-78e">
         <name>HOSTwrite</name>
         <value>0xb915</value>
         <object_component_ref idref="oc-38c"/>
      </symbol>
      <symbol id="sm-79c">
         <name>C$$IO$$</name>
         <value>0xca03</value>
         <object_component_ref idref="oc-3ae"/>
      </symbol>
      <symbol id="sm-79d">
         <name>__TI_writemsg</name>
         <value>0xc9d9</value>
         <object_component_ref idref="oc-3ae"/>
      </symbol>
      <symbol id="sm-79e">
         <name>__CIOBUF_</name>
         <value>0x35f2c</value>
         <object_component_ref idref="oc-3d5"/>
      </symbol>
      <symbol id="sm-79f">
         <name>__TI_readmsg</name>
         <value>0xcbfd</value>
         <object_component_ref idref="oc-3b4"/>
      </symbol>
      <symbol id="sm-7a0">
         <name>_CIOBUF_</name>
         <value>0x35f2c</value>
         <object_component_ref idref="oc-3d5"/>
      </symbol>
      <symbol id="sm-7ae">
         <name>finddevice</name>
         <value>0xca0d</value>
         <object_component_ref idref="oc-3e1"/>
      </symbol>
      <symbol id="sm-7af">
         <name>getdevice</name>
         <value>0xafe1</value>
         <object_component_ref idref="oc-3d8"/>
      </symbol>
      <symbol id="sm-7b5">
         <name>__aeabi_dadd</name>
         <value>0x44ff</value>
         <object_component_ref idref="oc-23e"/>
      </symbol>
      <symbol id="sm-7b6">
         <name>__adddf3</name>
         <value>0x44ff</value>
         <object_component_ref idref="oc-23e"/>
      </symbol>
      <symbol id="sm-7b7">
         <name>__aeabi_dsub</name>
         <value>0x44f5</value>
         <object_component_ref idref="oc-23e"/>
      </symbol>
      <symbol id="sm-7b8">
         <name>__subdf3</name>
         <value>0x44f5</value>
         <object_component_ref idref="oc-23e"/>
      </symbol>
      <symbol id="sm-7be">
         <name>__aeabi_dmul</name>
         <value>0x775d</value>
         <object_component_ref idref="oc-24b"/>
      </symbol>
      <symbol id="sm-7bf">
         <name>__muldf3</name>
         <value>0x775d</value>
         <object_component_ref idref="oc-24b"/>
      </symbol>
      <symbol id="sm-7c5">
         <name>__aeabi_ddiv</name>
         <value>0x64c9</value>
         <object_component_ref idref="oc-257"/>
      </symbol>
      <symbol id="sm-7c6">
         <name>__divdf3</name>
         <value>0x64c9</value>
         <object_component_ref idref="oc-257"/>
      </symbol>
      <symbol id="sm-7cc">
         <name>__aeabi_d2iz</name>
         <value>0xc189</value>
         <object_component_ref idref="oc-242"/>
      </symbol>
      <symbol id="sm-7cd">
         <name>__fixdfsi</name>
         <value>0xc189</value>
         <object_component_ref idref="oc-242"/>
      </symbol>
      <symbol id="sm-7d3">
         <name>__aeabi_d2uiz</name>
         <value>0xc2e5</value>
         <object_component_ref idref="oc-24f"/>
      </symbol>
      <symbol id="sm-7d4">
         <name>__fixunsdfsi</name>
         <value>0xc2e5</value>
         <object_component_ref idref="oc-24f"/>
      </symbol>
      <symbol id="sm-7da">
         <name>__aeabi_i2d</name>
         <value>0xce01</value>
         <object_component_ref idref="oc-246"/>
      </symbol>
      <symbol id="sm-7db">
         <name>__floatsidf</name>
         <value>0xce01</value>
         <object_component_ref idref="oc-246"/>
      </symbol>
      <symbol id="sm-7e1">
         <name>__aeabi_ui2d</name>
         <value>0xd35d</value>
         <object_component_ref idref="oc-253"/>
      </symbol>
      <symbol id="sm-7e2">
         <name>__floatunsidf</name>
         <value>0xd35d</value>
         <object_component_ref idref="oc-253"/>
      </symbol>
      <symbol id="sm-7f0">
         <name>__ledf2</name>
         <value>0xacf1</value>
         <object_component_ref idref="oc-2a9"/>
      </symbol>
      <symbol id="sm-7f1">
         <name>__gedf2</name>
         <value>0xac81</value>
         <object_component_ref idref="oc-2aa"/>
      </symbol>
      <symbol id="sm-7f2">
         <name>__unorddf2</name>
         <value>0xcc2d</value>
         <object_component_ref idref="oc-232"/>
      </symbol>
      <symbol id="sm-7f3">
         <name>__cmpdf2</name>
         <value>0xacf1</value>
         <object_component_ref idref="oc-2a9"/>
      </symbol>
      <symbol id="sm-7f4">
         <name>__eqdf2</name>
         <value>0xacf1</value>
         <object_component_ref idref="oc-2a9"/>
      </symbol>
      <symbol id="sm-7f5">
         <name>__ltdf2</name>
         <value>0xacf1</value>
         <object_component_ref idref="oc-2a9"/>
      </symbol>
      <symbol id="sm-7f6">
         <name>__nedf2</name>
         <value>0xacf1</value>
         <object_component_ref idref="oc-2a9"/>
      </symbol>
      <symbol id="sm-7f7">
         <name>__gtdf2</name>
         <value>0xac81</value>
         <object_component_ref idref="oc-2aa"/>
      </symbol>
      <symbol id="sm-7f8">
         <name>__aeabi_dcmpun</name>
         <value>0xcc2d</value>
         <object_component_ref idref="oc-232"/>
      </symbol>
      <symbol id="sm-7fe">
         <name>__aeabi_dcmpeq</name>
         <value>0xb1e5</value>
         <object_component_ref idref="oc-23a"/>
      </symbol>
      <symbol id="sm-7ff">
         <name>__aeabi_dcmplt</name>
         <value>0xb1f9</value>
         <object_component_ref idref="oc-23a"/>
      </symbol>
      <symbol id="sm-800">
         <name>__aeabi_dcmple</name>
         <value>0xb20d</value>
         <object_component_ref idref="oc-23a"/>
      </symbol>
      <symbol id="sm-801">
         <name>__aeabi_dcmpge</name>
         <value>0xb221</value>
         <object_component_ref idref="oc-23a"/>
      </symbol>
      <symbol id="sm-802">
         <name>__aeabi_dcmpgt</name>
         <value>0xb235</value>
         <object_component_ref idref="oc-23a"/>
      </symbol>
      <symbol id="sm-808">
         <name>__aeabi_memcpy</name>
         <value>0xd791</value>
         <object_component_ref idref="oc-129"/>
      </symbol>
      <symbol id="sm-809">
         <name>__aeabi_memcpy4</name>
         <value>0xd791</value>
         <object_component_ref idref="oc-129"/>
      </symbol>
      <symbol id="sm-80a">
         <name>__aeabi_memcpy8</name>
         <value>0xd791</value>
         <object_component_ref idref="oc-129"/>
      </symbol>
      <symbol id="sm-810">
         <name>__aeabi_memset</name>
         <value>0xd5c5</value>
         <object_component_ref idref="oc-79"/>
      </symbol>
      <symbol id="sm-811">
         <name>__aeabi_memset4</name>
         <value>0xd5c5</value>
         <object_component_ref idref="oc-79"/>
      </symbol>
      <symbol id="sm-812">
         <name>__aeabi_memset8</name>
         <value>0xd5c5</value>
         <object_component_ref idref="oc-79"/>
      </symbol>
      <symbol id="sm-813">
         <name>__aeabi_memclr</name>
         <value>0xd5d1</value>
         <object_component_ref idref="oc-79"/>
      </symbol>
      <symbol id="sm-814">
         <name>__aeabi_memclr4</name>
         <value>0xd5d1</value>
         <object_component_ref idref="oc-79"/>
      </symbol>
      <symbol id="sm-815">
         <name>__aeabi_memclr8</name>
         <value>0xd5d1</value>
         <object_component_ref idref="oc-79"/>
      </symbol>
      <symbol id="sm-81b">
         <name>__aeabi_uldivmod</name>
         <value>0xd5d9</value>
         <object_component_ref idref="oc-67"/>
      </symbol>
      <symbol id="sm-821">
         <name>__udivmoddi4</name>
         <value>0x8fcd</value>
         <object_component_ref idref="oc-bc"/>
      </symbol>
      <symbol id="sm-82b">
         <name>__aeabi_ldiv0</name>
         <value>0x44f3</value>
         <object_component_ref idref="oc-11c"/>
      </symbol>
      <symbol id="sm-833">
         <name>TI_memcpy_small</name>
         <value>0xd623</value>
         <object_component_ref idref="oc-25c"/>
      </symbol>
      <symbol id="sm-83b">
         <name>TI_memset_small</name>
         <value>0xd6fb</value>
         <object_component_ref idref="oc-123"/>
      </symbol>
      <symbol id="sm-83c">
         <name>_system_post_cinit</name>
         <value>0x0</value>
      </symbol>
      <symbol id="sm-83d">
         <name>__TI_Handler_Table_Limit</name>
         <value>0x0</value>
      </symbol>
      <symbol id="sm-83e">
         <name>__TI_Handler_Table_Base</name>
         <value>0x0</value>
      </symbol>
      <symbol id="sm-83f">
         <name>__TI_CINIT_Base</name>
         <value>0x0</value>
      </symbol>
      <symbol id="sm-840">
         <name>__TI_CINIT_Limit</name>
         <value>0x0</value>
      </symbol>
   </symbol_table>
   <title>Link successful</title>
</link_info>
