******************************************************************************
            TI ARM Clang Linker Unix v3.2.2                    
******************************************************************************
>> Linked Thu May 14 17:59:13 2026

OUTPUT FILE NAME:   <resistive_touch_screen_MSPM0L1306.out>
ENTRY POINT SYMBOL: "_c_int00_noargs"  address: 00000c85


MEMORY CONFIGURATION

         name            origin    length      used     unused   attr    fill
----------------------  --------  ---------  --------  --------  ----  --------
  FLASH                 00000000   0000fff8  000010a0  0000ef58  R  X
  SRAM                  20000000   00001000  00000103  00000efd  RW X
  BCR_CONFIG            41c00000   000000ff  00000000  000000ff  R   
  BSL_CONFIG            41c00100   00000080  00000000  00000080  R   


SEGMENT ALLOCATION MAP

run origin  load origin   length   init length attrs members
----------  ----------- ---------- ----------- ----- -------
00000000    00000000    000010a0   000010a0    r-x
  00000000    00000000    000000c0   000000c0    r-- .intvecs
  000000c0    000000c0    00000fa8   00000fa8    r-x .text
  00001068    00001068    00000020   00000020    r-- .rodata
  00001088    00001088    00000018   00000018    r-- .cinit
20000000    20000000    00000003   00000000    rw-
  20000000    20000000    00000003   00000000    rw- .bss
20000f00    20000f00    00000100   00000000    rw-
  20000f00    20000f00    00000100   00000000    rw- .stack


SECTION ALLOCATION MAP

 output                                  attributes/
section   page    origin      length       input sections
--------  ----  ----------  ----------   ----------------
.intvecs   0    00000000    000000c0     
                  00000000    000000c0     startup_mspm0l130x_ticlang.o (.intvecs)

.text      0    000000c0    00000fa8     
                  000000c0    00000192     libclang_rt.builtins.a : adddf3.S.obj (.text.adddf3_subdf3)
                  00000252    00000002                            : aeabi_div0.c.obj (.text.__aeabi_idiv0)
                  00000254    00000130     UART.o (.text.doubleToString)
                  00000384    000000e4     libclang_rt.builtins.a : muldf3.S.obj (.text.__muldf3)
                  00000468    0000007c     ti_msp_dl_config.o (.text.SYSCFG_DL_ADC12_0_init)
                  000004e4    0000007c     resistive_detection.o (.text.touchIODetection)
                  00000560    00000068     ti_msp_dl_config.o (.text.SYSCFG_DL_GPIO_init)
                  000005c8    00000068     main.o (.text.main)
                  00000630    00000064     resistive_detection.o (.text.ADC_sample)
                  00000694    0000005c     resistive_detection.o (.text.readTouchY)
                  000006f0    00000056     libclang_rt.builtins.a : aeabi_idivmod.S.obj (.text.__aeabi_idivmod)
                  00000746    00000002     --HOLE-- [fill = 0]
                  00000748    00000054     UART.o (.text.uartDataUpdate)
                  0000079c    00000050     resistive_detection.o (.text.readTouchX)
                  000007ec    00000050     UART.o (.text.uartSend)
                  0000083c    0000004c     ti_msp_dl_config.o (.text.DL_ADC12_initSingleSample)
                  00000888    0000004c     ti_msp_dl_config.o (.text.DL_UART_setBaudRateDivisor)
                  000008d4    0000004c     UART.o (.text.uartSendString)
                  00000920    0000004a     resistive_detection.o (.text.DL_ADC12_configConversionMem)
                  0000096a    0000004a     ti_msp_dl_config.o (.text.DL_ADC12_configConversionMem)
                  000009b4    0000004a     libclang_rt.builtins.a : fixdfsi.S.obj (.text.__fixdfsi)
                  000009fe    00000002     --HOLE-- [fill = 0]
                  00000a00    00000048     driverlib.a : dl_uart.o (.text.DL_UART_init)
                  00000a48    00000044     ti_msp_dl_config.o (.text.SYSCFG_DL_initPower)
                  00000a8c    00000040     driverlib.a : dl_adc12.o (.text.DL_ADC12_setClockConfig)
                  00000acc    00000040     ti_msp_dl_config.o (.text.SYSCFG_DL_UART_0_init)
                  00000b0c    0000003c     libc.a : autoinit.c.obj (.text:__TI_auto_init_nobinit_nopinit)
                  00000b48    0000003a     libclang_rt.builtins.a : muldsi3.S.obj (.text.__muldsi3)
                  00000b82    00000002     --HOLE-- [fill = 0]
                  00000b84    00000030     resistive_detection.o (.text.DL_ADC12_getMemResult)
                  00000bb4    0000002c     main.o (.text.__NVIC_EnableIRQ)
                  00000be0    0000002c     libclang_rt.builtins.a : floatsidf.S.obj (.text.__floatsidf)
                  00000c0c    00000028     ti_msp_dl_config.o (.text.DL_ADC12_configHwAverage)
                  00000c34    00000028     ti_msp_dl_config.o (.text.DL_Common_updateReg)
                  00000c5c    00000028     resistive_detection.o (.text.touchIOReset)
                  00000c84    00000028     libc.a : boot_cortex_m.c.obj (.text:_c_int00_noargs)
                  00000cac    00000024     resistive_detection.o (.text.ADC0_IRQHandler)
                  00000cd0    00000024     libclang_rt.builtins.a : floatunsidf.S.obj (.text.__floatunsidf)
                  00000cf4    00000020     ti_msp_dl_config.o (.text.DL_GPIO_initPeripheralInputFunction)
                  00000d14    0000001e     ti_msp_dl_config.o (.text.DL_UART_setOversampling)
                  00000d32    00000002     --HOLE-- [fill = 0]
                  00000d34    0000001c     ti_msp_dl_config.o (.text.DL_ADC12_clearInterruptStatus)
                  00000d50    0000001c     ti_msp_dl_config.o (.text.DL_ADC12_enableInterrupt)
                  00000d6c    0000001c     resistive_detection.o (.text.DL_ADC12_startConversion)
                  00000d88    0000001c     ti_msp_dl_config.o (.text.DL_GPIO_initPeripheralOutputFunction)
                  00000da4    0000001c     ti_msp_dl_config.o (.text.DL_SYSCTL_setMCLKDivider)
                  00000dc0    0000001c     ti_msp_dl_config.o (.text.DL_SYSCTL_setSYSOSCFreq)
                  00000ddc    0000001c     ti_msp_dl_config.o (.text.SYSCFG_DL_SYSCTL_init)
                  00000df8    00000018     ti_msp_dl_config.o (.text.DL_ADC12_enablePower)
                  00000e10    00000018     ti_msp_dl_config.o (.text.DL_ADC12_reset)
                  00000e28    00000018     ti_msp_dl_config.o (.text.DL_ADC12_setSampleTime0)
                  00000e40    00000018     resistive_detection.o (.text.DL_GPIO_enableOutput)
                  00000e58    00000018     ti_msp_dl_config.o (.text.DL_GPIO_enableOutput)
                  00000e70    00000018     ti_msp_dl_config.o (.text.DL_GPIO_enablePower)
                  00000e88    00000018     resistive_detection.o (.text.DL_GPIO_initDigitalOutput)
                  00000ea0    00000018     ti_msp_dl_config.o (.text.DL_GPIO_initDigitalOutput)
                  00000eb8    00000018     resistive_detection.o (.text.DL_GPIO_initPeripheralAnalogFunction)
                  00000ed0    00000018     ti_msp_dl_config.o (.text.DL_GPIO_reset)
                  00000ee8    00000018     resistive_detection.o (.text.DL_GPIO_setPins)
                  00000f00    00000018     ti_msp_dl_config.o (.text.DL_SYSCTL_setBORThreshold)
                  00000f18    00000018     ti_msp_dl_config.o (.text.DL_UART_enablePower)
                  00000f30    00000018     UART.o (.text.DL_UART_isBusy)
                  00000f48    00000018     ti_msp_dl_config.o (.text.DL_UART_reset)
                  00000f60    00000018     ti_msp_dl_config.o (.text.SYSCFG_DL_init)
                  00000f78    00000016     resistive_detection.o (.text.DL_ADC12_disableConversions)
                  00000f8e    00000016     resistive_detection.o (.text.DL_ADC12_enableConversions)
                  00000fa4    00000016     ti_msp_dl_config.o (.text.DL_ADC12_enableConversions)
                  00000fba    00000016     ti_msp_dl_config.o (.text.DL_UART_enable)
                  00000fd0    00000016     UART.o (.text.DL_UART_transmitData)
                  00000fe6    00000016     libc.a : copy_zero_init.c.obj (.text:decompress:ZI:__TI_zero_init_nomemset)
                  00000ffc    00000014     resistive_detection.o (.text.DL_GPIO_clearPins)
                  00001010    00000014     ti_msp_dl_config.o (.text.DL_GPIO_clearPins)
                  00001024    00000012     resistive_detection.o (.text.DL_ADC12_getPendingInterrupt)
                  00001036    00000012     driverlib.a : dl_uart.o (.text.DL_UART_setClockConfig)
                  00001048    0000000a                 : dl_common.o (.text.DL_Common_delayCycles)
                  00001052    00000004     startup_mspm0l130x_ticlang.o (.text.Default_Handler)
                  00001056    00000004     startup_mspm0l130x_ticlang.o (.text.Reset_Handler)
                  0000105a    00000004     libc.a : pre_init.c.obj (.text._system_pre_init)
                  0000105e    00000004            : exit.c.obj (.text:abort)
                  00001062    00000006     --HOLE-- [fill = 0]

.cinit     0    00001088    00000018     
                  00001088    00000008     (.cinit..bss.load) [load image, compression = zero_init]
                  00001090    00000004     (__TI_handler_table)
                  00001094    00000008     (__TI_cinit_table)
                  0000109c    00000004     --HOLE-- [fill = 0]

.rodata    0    00001068    00000020     
                  00001068    0000000a     ti_msp_dl_config.o (.rodata.gUART_0Config)
                  00001072    00000002     ti_msp_dl_config.o (.rodata.gUART_0ClockConfig)
                  00001074    00000008     ti_msp_dl_config.o (.rodata.gADC12_0ClockConfig)
                  0000107c    00000005     UART.o (.rodata.str1.61300970855154064211)
                  00001081    00000003     UART.o (.rodata.str1.180308688325085469761)
                  00001084    00000003     UART.o (.rodata.str1.88517396836150311691)
                  00001087    00000001     --HOLE-- [fill = 0]

.init_array 
*          0    00000000    00000000     UNINITIALIZED

.binit     0    00000000    00000000     

.bss       0    20000000    00000003     UNINITIALIZED
                  20000000    00000001     (.common:gCheckADC)
                  20000001    00000001     (.common:x)
                  20000002    00000001     (.common:y)

.stack     0    20000f00    00000100     UNINITIALIZED
                  20000f00    00000004     libc.a : boot_cortex_m.c.obj (.stack)
                  20000f04    000000fc     --HOLE--

__llvm_prf_cnts 
*          0    20000000    00000000     UNINITIALIZED

__llvm_prf_bits 
*          0    20000000    00000000     UNINITIALIZED

MODULE SUMMARY

       Module                         code   ro data   rw data
       ------                         ----   -------   -------
    ./
       ti_msp_dl_config.o             1224   20        0      
       resistive_detection.o          800    0         1      
       UART.o                         590    11        0      
       startup_mspm0l130x_ticlang.o   8      192       0      
       main.o                         148    0         2      
    +--+------------------------------+------+---------+---------+
       Total:                         2770   223       3      
                                                              
    /home/yashraj/ti/ccs1281/ccs/tools/compiler/ti-cgt-armllvm_3.2.2.LTS/lib/armv6m-ti-none-eabi/c/libc.a
       autoinit.c.obj                 60     0         0      
       boot_cortex_m.c.obj            40     0         0      
       copy_zero_init.c.obj           22     0         0      
       exit.c.obj                     4      0         0      
       pre_init.c.obj                 4      0         0      
    +--+------------------------------+------+---------+---------+
       Total:                         130    0         0      
                                                              
    /home/yashraj/ti/ccs1281/ccs/tools/compiler/ti-cgt-armllvm_3.2.2.LTS/lib/clang/15.0.7/lib/armv6m-ti-none-eabi/libclang_rt.builtins.a
       adddf3.S.obj                   402    0         0      
       muldf3.S.obj                   228    0         0      
       aeabi_idivmod.S.obj            86     0         0      
       fixdfsi.S.obj                  74     0         0      
       muldsi3.S.obj                  58     0         0      
       floatsidf.S.obj                44     0         0      
       floatunsidf.S.obj              36     0         0      
       aeabi_div0.c.obj               2      0         0      
    +--+------------------------------+------+---------+---------+
       Total:                         930    0         0      
                                                              
    /home/yashraj/ti/mspm0_sdk_2_06_00_05/source/ti/driverlib/lib/ticlang/m0p/mspm0l11xx_l13xx/driverlib.a
       dl_uart.o                      90     0         0      
       dl_adc12.o                     64     0         0      
       dl_common.o                    10     0         0      
    +--+------------------------------+------+---------+---------+
       Total:                         164    0         0      
                                                              
       Stack:                         0      0         256    
       Linker Generated:              0      20        0      
    +--+------------------------------+------+---------+---------+
       Grand Total:                   3994   243       259    


LINKER GENERATED COPY TABLES

__TI_cinit_table @ 00001094 records: 1, size/record: 8, table size: 8
	.bss: load addr=00001088, load size=00000008 bytes, run addr=20000000, run size=00000003 bytes, compression=zero_init


LINKER GENERATED HANDLER TABLE

__TI_handler_table @ 00001090 records: 1, size/record: 4, table size: 4
	index: 0, handler: __TI_zero_init


GLOBAL SYMBOLS: SORTED ALPHABETICALLY BY Name 

address   name                          
-------   ----                          
00000cad  ADC0_IRQHandler               
00000631  ADC_sample                    
0000105e  C$$EXIT                       
00000a8d  DL_ADC12_setClockConfig       
00001049  DL_Common_delayCycles         
00000a01  DL_UART_init                  
00001037  DL_UART_setClockConfig        
00001053  DMA_IRQHandler                
00001053  Default_Handler               
00001053  GROUP0_IRQHandler             
00001053  GROUP1_IRQHandler             
00001053  HardFault_Handler             
00001053  I2C0_IRQHandler               
00001053  I2C1_IRQHandler               
00001053  NMI_Handler                   
00001053  PendSV_Handler                
00001057  Reset_Handler                 
00001053  SPI0_IRQHandler               
00001053  SVC_Handler                   
00000469  SYSCFG_DL_ADC12_0_init        
00000561  SYSCFG_DL_GPIO_init           
00000ddd  SYSCFG_DL_SYSCTL_init         
00000acd  SYSCFG_DL_UART_0_init         
00000f61  SYSCFG_DL_init                
00000a49  SYSCFG_DL_initPower           
00001053  SysTick_Handler               
00001053  TIMG0_IRQHandler              
00001053  TIMG1_IRQHandler              
00001053  TIMG2_IRQHandler              
00001053  TIMG4_IRQHandler              
00001053  UART0_IRQHandler              
00001053  UART1_IRQHandler              
20001000  __STACK_END                   
00000100  __STACK_SIZE                  
00000000  __TI_ATRegion0_region_sz      
00000000  __TI_ATRegion0_src_addr       
00000000  __TI_ATRegion0_trg_addr       
00000000  __TI_ATRegion1_region_sz      
00000000  __TI_ATRegion1_src_addr       
00000000  __TI_ATRegion1_trg_addr       
00000000  __TI_ATRegion2_region_sz      
00000000  __TI_ATRegion2_src_addr       
00000000  __TI_ATRegion2_trg_addr       
00001094  __TI_CINIT_Base               
0000109c  __TI_CINIT_Limit              
0000109c  __TI_CINIT_Warm               
00001090  __TI_Handler_Table_Base       
00001094  __TI_Handler_Table_Limit      
00000b0d  __TI_auto_init_nobinit_nopinit
ffffffff  __TI_pprof_out_hndl           
ffffffff  __TI_prof_data_size           
ffffffff  __TI_prof_data_start          
00000000  __TI_static_base__            
00000fe7  __TI_zero_init_nomemset       
000000cb  __adddf3                      
000009b5  __aeabi_d2iz                  
000000cb  __aeabi_dadd                  
00000385  __aeabi_dmul                  
000000c1  __aeabi_dsub                  
00000be1  __aeabi_i2d                   
000006f1  __aeabi_idiv                  
00000253  __aeabi_idiv0                 
000006f1  __aeabi_idivmod               
00000cd1  __aeabi_ui2d                  
ffffffff  __binit__                     
000009b5  __fixdfsi                     
00000be1  __floatsidf                   
00000cd1  __floatunsidf                 
UNDEFED   __mpu_init                    
00000385  __muldf3                      
00000b49  __muldsi3                     
20000f00  __stack                       
20000000  __start___llvm_prf_bits       
20000000  __start___llvm_prf_cnts       
20000000  __stop___llvm_prf_bits        
20000000  __stop___llvm_prf_cnts        
000000c1  __subdf3                      
00000c85  _c_int00_noargs               
UNDEFED   _system_post_cinit            
0000105b  _system_pre_init              
0000105f  abort                         
ffffffff  binit                         
00000255  doubleToString                
20000000  gCheckADC                     
00000000  interruptVectors              
000005c9  main                          
0000079d  readTouchX                    
00000695  readTouchY                    
000004e5  touchIODetection              
00000c5d  touchIOReset                  
00000749  uartDataUpdate                
000007ed  uartSend                      
000008d5  uartSendString                
20000001  x                             
20000002  y                             


GLOBAL SYMBOLS: SORTED BY Symbol Address 

address   name                          
-------   ----                          
00000000  __TI_ATRegion0_region_sz      
00000000  __TI_ATRegion0_src_addr       
00000000  __TI_ATRegion0_trg_addr       
00000000  __TI_ATRegion1_region_sz      
00000000  __TI_ATRegion1_src_addr       
00000000  __TI_ATRegion1_trg_addr       
00000000  __TI_ATRegion2_region_sz      
00000000  __TI_ATRegion2_src_addr       
00000000  __TI_ATRegion2_trg_addr       
00000000  __TI_static_base__            
00000000  interruptVectors              
000000c1  __aeabi_dsub                  
000000c1  __subdf3                      
000000cb  __adddf3                      
000000cb  __aeabi_dadd                  
00000100  __STACK_SIZE                  
00000253  __aeabi_idiv0                 
00000255  doubleToString                
00000385  __aeabi_dmul                  
00000385  __muldf3                      
00000469  SYSCFG_DL_ADC12_0_init        
000004e5  touchIODetection              
00000561  SYSCFG_DL_GPIO_init           
000005c9  main                          
00000631  ADC_sample                    
00000695  readTouchY                    
000006f1  __aeabi_idiv                  
000006f1  __aeabi_idivmod               
00000749  uartDataUpdate                
0000079d  readTouchX                    
000007ed  uartSend                      
000008d5  uartSendString                
000009b5  __aeabi_d2iz                  
000009b5  __fixdfsi                     
00000a01  DL_UART_init                  
00000a49  SYSCFG_DL_initPower           
00000a8d  DL_ADC12_setClockConfig       
00000acd  SYSCFG_DL_UART_0_init         
00000b0d  __TI_auto_init_nobinit_nopinit
00000b49  __muldsi3                     
00000be1  __aeabi_i2d                   
00000be1  __floatsidf                   
00000c5d  touchIOReset                  
00000c85  _c_int00_noargs               
00000cad  ADC0_IRQHandler               
00000cd1  __aeabi_ui2d                  
00000cd1  __floatunsidf                 
00000ddd  SYSCFG_DL_SYSCTL_init         
00000f61  SYSCFG_DL_init                
00000fe7  __TI_zero_init_nomemset       
00001037  DL_UART_setClockConfig        
00001049  DL_Common_delayCycles         
00001053  DMA_IRQHandler                
00001053  Default_Handler               
00001053  GROUP0_IRQHandler             
00001053  GROUP1_IRQHandler             
00001053  HardFault_Handler             
00001053  I2C0_IRQHandler               
00001053  I2C1_IRQHandler               
00001053  NMI_Handler                   
00001053  PendSV_Handler                
00001053  SPI0_IRQHandler               
00001053  SVC_Handler                   
00001053  SysTick_Handler               
00001053  TIMG0_IRQHandler              
00001053  TIMG1_IRQHandler              
00001053  TIMG2_IRQHandler              
00001053  TIMG4_IRQHandler              
00001053  UART0_IRQHandler              
00001053  UART1_IRQHandler              
00001057  Reset_Handler                 
0000105b  _system_pre_init              
0000105e  C$$EXIT                       
0000105f  abort                         
00001090  __TI_Handler_Table_Base       
00001094  __TI_CINIT_Base               
00001094  __TI_Handler_Table_Limit      
0000109c  __TI_CINIT_Limit              
0000109c  __TI_CINIT_Warm               
20000000  __start___llvm_prf_bits       
20000000  __start___llvm_prf_cnts       
20000000  __stop___llvm_prf_bits        
20000000  __stop___llvm_prf_cnts        
20000000  gCheckADC                     
20000001  x                             
20000002  y                             
20000f00  __stack                       
20001000  __STACK_END                   
ffffffff  __TI_pprof_out_hndl           
ffffffff  __TI_prof_data_size           
ffffffff  __TI_prof_data_start          
ffffffff  __binit__                     
ffffffff  binit                         
UNDEFED   __mpu_init                    
UNDEFED   _system_post_cinit            

[95 symbols]
