******************************************************************************
            TI ARM Clang Linker PC v2.1.3                      
******************************************************************************
>> Linked Sat Jun 24 22:28:18 2023

OUTPUT FILE NAME:   <MSPM0_ADC_SPI_singlebyte_singlechannel.out>
ENTRY POINT SYMBOL: "_c_int00_noargs"  address: 00000641


MEMORY CONFIGURATION

         name            origin    length      used     unused   attr    fill
----------------------  --------  ---------  --------  --------  ----  --------
  FLASH                 00000000   0000fff8  000007b0  0000f848  R  X
  SRAM                  20000000   00001000  00000103  00000efd  RW X
  BCR_CONFIG            41c00000   00000080  00000000  00000080  R   
  BSL_CONFIG            41c00100   00000080  00000000  00000080  R   


SEGMENT ALLOCATION MAP

run origin  load origin   length   init length attrs members
----------  ----------- ---------- ----------- ----- -------
00000000    00000000    000007b0   000007b0    r-x
  00000000    00000000    000000c0   000000c0    r-- .intvecs
  000000c0    000000c0    00000690   00000690    r-x .text
  00000750    00000750    00000030   00000030    r-- .rodata
  00000780    00000780    00000030   00000030    r-- .cinit
20000000    20000000    00000003   00000000    rw-
  20000000    20000000    00000002   00000000    rw- .bss
  20000002    20000002    00000001   00000000    rw- .data
20000f00    20000f00    00000100   00000000    rw-
  20000f00    20000f00    00000100   00000000    rw- .stack


SECTION ALLOCATION MAP

 output                                  attributes/
section   page    origin      length       input sections
--------  ----  ----------  ----------   ----------------
.intvecs   0    00000000    000000c0     
                  00000000    000000c0     startup_mspm0l1306_ticlang.o (.intvecs)

.text      0    000000c0    00000690     
                  000000c0    000000ac     spi_peripheral_echo_interrupts.o (.text.main)
                  0000016c    0000009a     libc.a : memcpy16.S.obj (.text:memcpy)
                  00000206    00000002     startup_mspm0l1306_ticlang.o (.text.Default_Handler)
                  00000208    00000070     ti_msp_dl_config.o (.text.SYSCFG_DL_ADC_init)
                  00000278    00000068     libc.a : copy_decompress_lzss.c.obj (.text:decompress:lzss)
                  000002e0    00000050     ti_msp_dl_config.o (.text.SYSCFG_DL_SPI_0_init)
                  00000330    0000004c     driverlib.a : dl_adc12.o (.text.DL_ADC12_setClockConfig)
                  0000037c    00000048                 : dl_spi.o (.text.DL_SPI_init)
                  000003c4    00000044                 : dl_timer.o (.text.DL_Timer_initTimerMode)
                  00000408    00000040     ti_msp_dl_config.o (.text.SYSCFG_DL_TIMER_ADC_init)
                  00000448    00000040     ti_msp_dl_config.o (.text.SYSCFG_DL_initPower)
                  00000488    0000003c     driverlib.a : dl_timer.o (.text.DL_Timer_setCaptureCompareCtl)
                  000004c4    0000003c     libc.a : autoinit.c.obj (.text:__TI_auto_init_nobinit_nopinit)
                  00000500    00000038     spi_peripheral_echo_interrupts.o (.text.SPI0_IRQHandler)
                  00000538    00000034     driverlib.a : dl_timer.o (.text.DL_Timer_setClockConfig)
                  0000056c    00000030     ti_msp_dl_config.o (.text.SYSCFG_DL_GPIO_init)
                  0000059c    0000002c     driverlib.a : dl_timer.o (.text.DL_Timer_setCaptureCompareValue)
                  000005c8    00000028                 : dl_adc12.o (.text.DL_Common_updateReg)
                  000005f0    00000028                 : dl_spi.o (.text.DL_Common_updateReg)
                  00000618    00000028                 : dl_timer.o (.text.DL_Common_updateReg)
                  00000640    00000028     libc.a : boot_cortex_m.c.obj (.text:_c_int00_noargs)
                  00000668    00000024     driverlib.a : dl_spi.o (.text.DL_SPI_setClockConfig)
                  0000068c    00000024     ti_msp_dl_config.o (.text.SYSCFG_DL_SYSCTL_init)
                  000006b0    00000020     spi_peripheral_echo_interrupts.o (.text.ADC0_IRQHandler)
                  000006d0    0000001c     ti_msp_dl_config.o (.text.SYSCFG_DL_init)
                  000006ec    00000018     driverlib.a : dl_timer.o (.text.DL_Timer_setLoadValue)
                  00000704    00000014     libc.a : copy_zero_init.c.obj (.text:decompress:ZI:__TI_zero_init_nomemset)
                  00000718    00000012            : copy_decompress_none.c.obj (.text:decompress:none)
                  0000072a    00000010     driverlib.a : dl_common.o (.text.DL_Common_delayCycles)
                  0000073a    00000002     --HOLE-- [fill = 0]
                  0000073c    00000008     libclang_rt.builtins.a : aeabi_memcpy.S.obj (.text)
                  00000744    00000004     startup_mspm0l1306_ticlang.o (.text.Reset_Handler)
                  00000748    00000004     libc.a : pre_init.c.obj (.text._system_pre_init)
                  0000074c    00000004            : exit.c.obj (.text:abort)

.cinit     0    00000780    00000030     
                  00000780    0000000c     (__TI_handler_table)
                  0000078c    00000008     (.cinit..bss.load) [load image, compression = zero_init]
                  00000794    00000005     (.cinit..data.load) [load image, compression = lzss]
                  00000799    00000003     --HOLE-- [fill = 0]
                  0000079c    00000010     (__TI_cinit_table)
                  000007ac    00000004     --HOLE-- [fill = 0]

.rodata    0    00000750    00000030     
                  00000750    00000014     ti_msp_dl_config.o (.rodata.gTIMER_ADCTimerConfig)
                  00000764    0000000a     ti_msp_dl_config.o (.rodata.gSPI_0_config)
                  0000076e    00000002     ti_msp_dl_config.o (.rodata.gSPI_0_clockConfig)
                  00000770    00000008     ti_msp_dl_config.o (.rodata.gADCClockConfig)
                  00000778    00000003     ti_msp_dl_config.o (.rodata.gTIMER_ADCClockConfig)
                  0000077b    00000005     --HOLE-- [fill = 0]

.init_array 
*          0    00000000    00000000     UNINITIALIZED

.binit     0    00000000    00000000     

.bss       0    20000000    00000002     UNINITIALIZED
                  20000000    00000001     (.common:gRxData)
                  20000001    00000001     (.common:gTxData)

.data      0    20000002    00000001     UNINITIALIZED
                  20000002    00000001     spi_peripheral_echo_interrupts.o (.data.gADCResult)

.stack     0    20000f00    00000100     UNINITIALIZED
                  20000f00    00000004     libc.a : boot_cortex_m.c.obj (.stack)
                  20000f04    000000fc     --HOLE--

__llvm_prf_cnts 
*          0    20000000    00000000     UNINITIALIZED

__llvm_prf_bits 
*          0    20000000    00000000     UNINITIALIZED

MODULE SUMMARY

       Module                             code   ro data   rw data
       ------                             ----   -------   -------
    .\
       spi_peripheral_echo_interrupts.o   260    0         3      
    +--+----------------------------------+------+---------+---------+
       Total:                             260    0         3      
                                                                  
    .\syscfg\
       ti_msp_dl_config.o                 432    43        0      
    +--+----------------------------------+------+---------+---------+
       Total:                             432    43        0      
                                                                  
    .\ticlang\
       startup_mspm0l1306_ticlang.o       6      192       0      
    +--+----------------------------------+------+---------+---------+
       Total:                             6      192       0      
                                                                  
    C:/ti/mspm0_sdk_1_00_01_03/source/ti/driverlib/lib/ticlang/m0p/mspm0l11xx_l13xx/driverlib.a
       dl_timer.o                         288    0         0      
       dl_spi.o                           148    0         0      
       dl_adc12.o                         116    0         0      
       dl_common.o                        16     0         0      
    +--+----------------------------------+------+---------+---------+
       Total:                             568    0         0      
                                                                  
    C:\ti\ccs1230\ccs\tools\compiler\ti-cgt-armllvm_2.1.3.LTS\lib\armv6m-ti-none-eabi/c/libc.a
       memcpy16.S.obj                     154    0         0      
       copy_decompress_lzss.c.obj         104    0         0      
       autoinit.c.obj                     60     0         0      
       boot_cortex_m.c.obj                40     0         0      
       copy_zero_init.c.obj               20     0         0      
       copy_decompress_none.c.obj         18     0         0      
       exit.c.obj                         4      0         0      
       pre_init.c.obj                     4      0         0      
    +--+----------------------------------+------+---------+---------+
       Total:                             404    0         0      
                                                                  
    C:\ti\ccs1230\ccs\tools\compiler\ti-cgt-armllvm_2.1.3.LTS\lib\clang/14.0.6/lib/armv6m-ti-none-eabi/libclang_rt.builtins.a
       aeabi_memcpy.S.obj                 8      0         0      
    +--+----------------------------------+------+---------+---------+
       Total:                             8      0         0      
                                                                  
       Stack:                             0      0         256    
       Linker Generated:                  0      41        0      
    +--+----------------------------------+------+---------+---------+
       Grand Total:                       1678   276       259    


LINKER GENERATED COPY TABLES

__TI_cinit_table @ 0000079c records: 2, size/record: 8, table size: 16
	.bss: load addr=0000078c, load size=00000008 bytes, run addr=20000000, run size=00000002 bytes, compression=zero_init
	.data: load addr=00000794, load size=00000005 bytes, run addr=20000002, run size=00000001 bytes, compression=lzss


LINKER GENERATED HANDLER TABLE

__TI_handler_table @ 00000780 records: 3, size/record: 4, table size: 12
	index: 0, handler: __TI_decompress_lzss
	index: 1, handler: __TI_decompress_none
	index: 2, handler: __TI_zero_init


GLOBAL SYMBOLS: SORTED ALPHABETICALLY BY Name 

address   name                           
-------   ----                           
000006b1  ADC0_IRQHandler                
0000074c  C$$EXIT                        
00000331  DL_ADC12_setClockConfig        
0000072b  DL_Common_delayCycles          
0000037d  DL_SPI_init                    
00000669  DL_SPI_setClockConfig          
000003c5  DL_Timer_initTimerMode         
00000489  DL_Timer_setCaptureCompareCtl  
0000059d  DL_Timer_setCaptureCompareValue
00000539  DL_Timer_setClockConfig        
00000207  DMA_IRQHandler                 
00000207  Default_Handler                
00000207  GROUP0_IRQHandler              
00000207  GROUP1_IRQHandler              
00000207  HardFault_Handler              
00000207  I2C0_IRQHandler                
00000207  I2C1_IRQHandler                
00000207  NMI_Handler                    
00000207  PendSV_Handler                 
00000745  Reset_Handler                  
00000501  SPI0_IRQHandler                
00000207  SVC_Handler                    
00000209  SYSCFG_DL_ADC_init             
0000056d  SYSCFG_DL_GPIO_init            
000002e1  SYSCFG_DL_SPI_0_init           
0000068d  SYSCFG_DL_SYSCTL_init          
00000409  SYSCFG_DL_TIMER_ADC_init       
000006d1  SYSCFG_DL_init                 
00000449  SYSCFG_DL_initPower            
00000207  SysTick_Handler                
00000207  TIMG0_IRQHandler               
00000207  TIMG1_IRQHandler               
00000207  TIMG2_IRQHandler               
00000207  TIMG4_IRQHandler               
00000207  UART0_IRQHandler               
00000207  UART1_IRQHandler               
20001000  __STACK_END                    
00000100  __STACK_SIZE                   
0000079c  __TI_CINIT_Base                
000007ac  __TI_CINIT_Limit               
000007ac  __TI_CINIT_Warm                
00000780  __TI_Handler_Table_Base        
0000078c  __TI_Handler_Table_Limit       
000004c5  __TI_auto_init_nobinit_nopinit 
00000279  __TI_decompress_lzss           
00000719  __TI_decompress_none           
ffffffff  __TI_pprof_out_hndl            
ffffffff  __TI_prof_data_size            
ffffffff  __TI_prof_data_start           
00000000  __TI_static_base__             
00000705  __TI_zero_init_nomemset        
0000073d  __aeabi_memcpy                 
0000073d  __aeabi_memcpy4                
0000073d  __aeabi_memcpy8                
ffffffff  __binit__                      
UNDEFED   __mpu_init                     
20000f00  __stack                        
20000000  __start___llvm_prf_bits        
20000000  __start___llvm_prf_cnts        
20000000  __stop___llvm_prf_bits         
20000000  __stop___llvm_prf_cnts         
00000641  _c_int00_noargs                
UNDEFED   _system_post_cinit             
00000749  _system_pre_init               
0000074d  abort                          
ffffffff  binit                          
20000002  gADCResult                     
20000000  gRxData                        
20000001  gTxData                        
00000000  interruptVectors               
000000c1  main                           
0000016d  memcpy                         


GLOBAL SYMBOLS: SORTED BY Symbol Address 

address   name                           
-------   ----                           
00000000  __TI_static_base__             
00000000  interruptVectors               
000000c1  main                           
00000100  __STACK_SIZE                   
0000016d  memcpy                         
00000207  DMA_IRQHandler                 
00000207  Default_Handler                
00000207  GROUP0_IRQHandler              
00000207  GROUP1_IRQHandler              
00000207  HardFault_Handler              
00000207  I2C0_IRQHandler                
00000207  I2C1_IRQHandler                
00000207  NMI_Handler                    
00000207  PendSV_Handler                 
00000207  SVC_Handler                    
00000207  SysTick_Handler                
00000207  TIMG0_IRQHandler               
00000207  TIMG1_IRQHandler               
00000207  TIMG2_IRQHandler               
00000207  TIMG4_IRQHandler               
00000207  UART0_IRQHandler               
00000207  UART1_IRQHandler               
00000209  SYSCFG_DL_ADC_init             
00000279  __TI_decompress_lzss           
000002e1  SYSCFG_DL_SPI_0_init           
00000331  DL_ADC12_setClockConfig        
0000037d  DL_SPI_init                    
000003c5  DL_Timer_initTimerMode         
00000409  SYSCFG_DL_TIMER_ADC_init       
00000449  SYSCFG_DL_initPower            
00000489  DL_Timer_setCaptureCompareCtl  
000004c5  __TI_auto_init_nobinit_nopinit 
00000501  SPI0_IRQHandler                
00000539  DL_Timer_setClockConfig        
0000056d  SYSCFG_DL_GPIO_init            
0000059d  DL_Timer_setCaptureCompareValue
00000641  _c_int00_noargs                
00000669  DL_SPI_setClockConfig          
0000068d  SYSCFG_DL_SYSCTL_init          
000006b1  ADC0_IRQHandler                
000006d1  SYSCFG_DL_init                 
00000705  __TI_zero_init_nomemset        
00000719  __TI_decompress_none           
0000072b  DL_Common_delayCycles          
0000073d  __aeabi_memcpy                 
0000073d  __aeabi_memcpy4                
0000073d  __aeabi_memcpy8                
00000745  Reset_Handler                  
00000749  _system_pre_init               
0000074c  C$$EXIT                        
0000074d  abort                          
00000780  __TI_Handler_Table_Base        
0000078c  __TI_Handler_Table_Limit       
0000079c  __TI_CINIT_Base                
000007ac  __TI_CINIT_Limit               
000007ac  __TI_CINIT_Warm                
20000000  __start___llvm_prf_bits        
20000000  __start___llvm_prf_cnts        
20000000  __stop___llvm_prf_bits         
20000000  __stop___llvm_prf_cnts         
20000000  gRxData                        
20000001  gTxData                        
20000002  gADCResult                     
20000f00  __stack                        
20001000  __STACK_END                    
ffffffff  __TI_pprof_out_hndl            
ffffffff  __TI_prof_data_size            
ffffffff  __TI_prof_data_start           
ffffffff  __binit__                      
ffffffff  binit                          
UNDEFED   __mpu_init                     
UNDEFED   _system_post_cinit             

[72 symbols]
